
 Start         Length     Name                   Class
 0001:00000000 00077B40H .text                   CODE
 0002:00000000 000014B4H .data                   DATA
 0002:000014B4 0000B9B1H .bss                    BSS


Detailed map of segments

 0001:00000000 00004E2F C=CODE     S=.text    G=(none)   M=System   ACBP=A9
 0001:00004E30 00000140 C=CODE     S=.text    G=(none)   M=SysInit  ACBP=A9
 0001:00004F70 000000BC C=CODE     S=.text    G=(none)   M=Types    ACBP=A9
 0001:0000502C 00000CF8 C=CODE     S=.text    G=(none)   M=Windows  ACBP=A9
 0001:00005D24 00000038 C=CODE     S=.text    G=(none)   M=Messages ACBP=A9
 0001:00005D5C 00000338 C=CODE     S=.text    G=(none)   M=SysConst ACBP=A9
 0001:00006094 00006760 C=CODE     S=.text    G=(none)   M=SysUtils ACBP=A9
 0001:0000C7F4 000007FB C=CODE     S=.text    G=(none)   M=VarUtils ACBP=A9
 0001:0000CFF0 000066BA C=CODE     S=.text    G=(none)   M=Variants ACBP=A9
 0001:000136AC 00000130 C=CODE     S=.text    G=(none)   M=RTLConsts ACBP=A9
 0001:000137DC 00000DB0 C=CODE     S=.text    G=(none)   M=TypInfo  ACBP=A9
 0001:0001458C 00000058 C=CODE     S=.text    G=(none)   M=ActiveX  ACBP=A9
 0001:000145E4 0000C766 C=CODE     S=.text    G=(none)   M=Classes  ACBP=A9
 0001:00020D4C 000002E0 C=CODE     S=.text    G=(none)   M=Consts   ACBP=A9
 0001:0002102C 00008E0F C=CODE     S=.text    G=(none)   M=Graphics ACBP=A9
 0001:00029E3C 00000048 C=CODE     S=.text    G=(none)   M=Math     ACBP=A9
 0001:00029E84 000002B8 C=CODE     S=.text    G=(none)   M=Contnrs  ACBP=A9
 0001:0002A13C 000005C0 C=CODE     S=.text    G=(none)   M=CommCtrl ACBP=A9
 0001:0002A6FC 00000787 C=CODE     S=.text    G=(none)   M=MultiMon ACBP=A9
 0001:0002AE84 00000038 C=CODE     S=.text    G=(none)   M=Imm      ACBP=A9
 0001:0002AEBC 00000FF8 C=CODE     S=.text    G=(none)   M=HelpIntfs ACBP=A9
 0001:0002BEB4 00000038 C=CODE     S=.text    G=(none)   M=WinSpool ACBP=A9
 0001:0002BEEC 00000044 C=CODE     S=.text    G=(none)   M=Printers ACBP=A9
 0001:0002BF30 0000031F C=CODE     S=.text    G=(none)   M=FlatSB   ACBP=A9
 0001:0002C250 000001A4 C=CODE     S=.text    G=(none)   M=SyncObjs ACBP=A9
 0001:0002C3F4 000009BB C=CODE     S=.text    G=(none)   M=UxTheme  ACBP=A9
 0001:0002CDB0 00000038 C=CODE     S=.text    G=(none)   M=RichEdit ACBP=A9
 0001:0002CDE8 00000038 C=CODE     S=.text    G=(none)   M=ToolWin  ACBP=A9
 0001:0002CE20 00000038 C=CODE     S=.text    G=(none)   M=ShellAPI ACBP=A9
 0001:0002CE58 00000038 C=CODE     S=.text    G=(none)   M=RegStr   ACBP=A9
 0001:0002CE90 00000038 C=CODE     S=.text    G=(none)   M=WinInet  ACBP=A9
 0001:0002CEC8 00000038 C=CODE     S=.text    G=(none)   M=UrlMon   ACBP=A9
 0001:0002CF00 0000006C C=CODE     S=.text    G=(none)   M=ShlObj   ACBP=A9
 0001:0002CF6C 00000038 C=CODE     S=.text    G=(none)   M=CommDlg  ACBP=A9
 0001:0002CFA4 00000038 C=CODE     S=.text    G=(none)   M=Dlgs     ACBP=A9
 0001:0002CFDC 0000130D C=CODE     S=.text    G=(none)   M=Dialogs  ACBP=A9
 0001:0002E2EC 0000241E C=CODE     S=.text    G=(none)   M=ExtCtrls ACBP=A9
 0001:0003070C 00000048 C=CODE     S=.text    G=(none)   M=ComStrs  ACBP=A9
 0001:00030754 00000094 C=CODE     S=.text    G=(none)   M=Clipbrd  ACBP=A9
 0001:000307E8 00000038 C=CODE     S=.text    G=(none)   M=StrUtils ACBP=A9
 0001:00030820 000000F5 C=CODE     S=.text    G=(none)   M=Buttons  ACBP=A9
 0001:00030918 00000038 C=CODE     S=.text    G=(none)   M=ExtDlgs  ACBP=A9
 0001:00030950 00001014 C=CODE     S=.text    G=(none)   M=IniFiles ACBP=A9
 0001:00031964 00000068 C=CODE     S=.text    G=(none)   M=Registry ACBP=A9
 0001:000319CC 0000006C C=CODE     S=.text    G=(none)   M=Mapi     ACBP=A9
 0001:00031A38 00000058 C=CODE     S=.text    G=(none)   M=ExtActns ACBP=A9
 0001:00031A90 00001C44 C=CODE     S=.text    G=(none)   M=ListActns ACBP=A9
 0001:000336D4 0000A15C C=CODE     S=.text    G=(none)   M=ComCtrls ACBP=A9
 0001:0003D830 00000AF4 C=CODE     S=.text    G=(none)   M=Themes   ACBP=A9
 0001:0003E324 0000953C C=CODE     S=.text    G=(none)   M=StdCtrls ACBP=A9
 0001:00047860 00000168 C=CODE     S=.text    G=(none)   M=StdActns ACBP=A9
 0001:000479C8 00000D1F C=CODE     S=.text    G=(none)   M=WinHelpViewer ACBP=A9
 0001:000486E8 0001100B C=CODE     S=.text    G=(none)   M=Controls ACBP=A9
 0001:000596F4 00001326 C=CODE     S=.text    G=(none)   M=ActnList ACBP=A9
 0001:0005AA1C 00001738 C=CODE     S=.text    G=(none)   M=ImgList  ACBP=A9
 0001:0005C154 00006639 C=CODE     S=.text    G=(none)   M=Menus    ACBP=A9
 0001:00062790 0000C424 C=CODE     S=.text    G=(none)   M=Forms    ACBP=A9
 0001:0006EBB4 00000068 C=CODE     S=.text    G=(none)   M=GlobalVal ACBP=A9
 0001:0006EC1C 00008CCC C=CODE     S=.text    G=(none)   M=DJDial   ACBP=A9
 0001:000778E8 00000255 C=CODE     S=.text    G=(none)   M=Dial     ACBP=A9
 0002:00000000 0000009C C=DATA     S=.data    G=DGROUP   M=System   ACBP=A9
 0002:0000009C 00000020 C=DATA     S=.data    G=DGROUP   M=SysInit  ACBP=A9
 0002:000000BC 00000254 C=DATA     S=.data    G=DGROUP   M=SysUtils ACBP=A9
 0002:00000310 00000008 C=DATA     S=.data    G=DGROUP   M=VarUtils ACBP=A9
 0002:00000318 00000136 C=DATA     S=.data    G=DGROUP   M=Variants ACBP=A9
 0002:00000450 0000000C C=DATA     S=.data    G=DGROUP   M=TypInfo  ACBP=A9
 0002:0000045C 000000E4 C=DATA     S=.data    G=DGROUP   M=Classes  ACBP=A9
 0002:00000540 00000304 C=DATA     S=.data    G=DGROUP   M=Graphics ACBP=A9
 0002:00000844 00000004 C=DATA     S=.data    G=DGROUP   M=Printers ACBP=A9
 0002:00000848 00000010 C=DATA     S=.data    G=DGROUP   M=ShlObj   ACBP=A9
 0002:00000858 000000B4 C=DATA     S=.data    G=DGROUP   M=Dialogs  ACBP=A9
 0002:0000090C 0000018C C=DATA     S=.data    G=DGROUP   M=ExtCtrls ACBP=A9
 0002:00000A98 0000002C C=DATA     S=.data    G=DGROUP   M=Buttons  ACBP=A9
 0002:00000AC4 00000008 C=DATA     S=.data    G=DGROUP   M=IniFiles ACBP=A9
 0002:00000ACC 00000008 C=DATA     S=.data    G=DGROUP   M=Registry ACBP=A9
 0002:00000AD4 00000008 C=DATA     S=.data    G=DGROUP   M=Mapi     ACBP=A9
 0002:00000ADC 000000F4 C=DATA     S=.data    G=DGROUP   M=ComCtrls ACBP=A9
 0002:00000BD0 00000068 C=DATA     S=.data    G=DGROUP   M=Themes   ACBP=A9
 0002:00000C38 000000C0 C=DATA     S=.data    G=DGROUP   M=StdCtrls ACBP=A9
 0002:00000CF8 0000013C C=DATA     S=.data    G=DGROUP   M=Controls ACBP=A9
 0002:00000E34 00000020 C=DATA     S=.data    G=DGROUP   M=ImgList  ACBP=A9
 0002:00000E54 000000EC C=DATA     S=.data    G=DGROUP   M=Menus    ACBP=A9
 0002:00000F40 0000011C C=DATA     S=.data    G=DGROUP   M=Forms    ACBP=A9
 0002:00002000 00000660 C=BSS      S=.bss     G=DGROUP   M=System   ACBP=A9
 0002:00002660 00000010 C=BSS      S=.bss     G=DGROUP   M=SysInit  ACBP=A9
 0002:00002670 00000004 C=BSS      S=.bss     G=DGROUP   M=Types    ACBP=A9
 0002:00002674 00000004 C=BSS      S=.bss     G=DGROUP   M=Windows  ACBP=A9
 0002:00002678 00000004 C=BSS      S=.bss     G=DGROUP   M=Messages ACBP=A9
 0002:0000267C 00000004 C=BSS      S=.bss     G=DGROUP   M=SysConst ACBP=A9
 0002:00002680 00000120 C=BSS      S=.bss     G=DGROUP   M=SysUtils ACBP=A9
 0002:000027A0 0000005C C=BSS      S=.bss     G=DGROUP   M=VarUtils ACBP=A9
 0002:000027FC 00000040 C=BSS      S=.bss     G=DGROUP   M=Variants ACBP=A9
 0002:0000283C 00000004 C=BSS      S=.bss     G=DGROUP   M=RTLConsts ACBP=A9
 0002:00002840 00000004 C=BSS      S=.bss     G=DGROUP   M=TypInfo  ACBP=A9
 0002:00002844 00000004 C=BSS      S=.bss     G=DGROUP   M=ActiveX  ACBP=A9
 0002:00002848 00000040 C=BSS      S=.bss     G=DGROUP   M=Classes  ACBP=A9
 0002:00002888 00000004 C=BSS      S=.bss     G=DGROUP   M=Consts   ACBP=A9
 0002:0000288C 00000060 C=BSS      S=.bss     G=DGROUP   M=Graphics ACBP=A9
 0002:000028EC 00000004 C=BSS      S=.bss     G=DGROUP   M=Math     ACBP=A9
 0002:000028F0 00000004 C=BSS      S=.bss     G=DGROUP   M=Contnrs  ACBP=A9
 0002:000028F4 0000000C C=BSS      S=.bss     G=DGROUP   M=CommCtrl ACBP=A9
 0002:00002900 00000031 C=BSS      S=.bss     G=DGROUP   M=MultiMon ACBP=A9
 0002:00002934 00000004 C=BSS      S=.bss     G=DGROUP   M=Imm      ACBP=A9
 0002:00002938 00000008 C=BSS      S=.bss     G=DGROUP   M=HelpIntfs ACBP=A9
 0002:00002940 00000004 C=BSS      S=.bss     G=DGROUP   M=WinSpool ACBP=A9
 0002:00002944 00000004 C=BSS      S=.bss     G=DGROUP   M=Printers ACBP=A9
 0002:00002948 00000034 C=BSS      S=.bss     G=DGROUP   M=FlatSB   ACBP=A9
 0002:0000297C 00000004 C=BSS      S=.bss     G=DGROUP   M=SyncObjs ACBP=A9
 0002:00002980 000000CC C=BSS      S=.bss     G=DGROUP   M=UxTheme  ACBP=A9
 0002:00002A4C 00000004 C=BSS      S=.bss     G=DGROUP   M=RichEdit ACBP=A9
 0002:00002A50 00000004 C=BSS      S=.bss     G=DGROUP   M=ToolWin  ACBP=A9
 0002:00002A54 00000004 C=BSS      S=.bss     G=DGROUP   M=ShellAPI ACBP=A9
 0002:00002A58 00000004 C=BSS      S=.bss     G=DGROUP   M=RegStr   ACBP=A9
 0002:00002A5C 00000004 C=BSS      S=.bss     G=DGROUP   M=WinInet  ACBP=A9
 0002:00002A60 00000004 C=BSS      S=.bss     G=DGROUP   M=UrlMon   ACBP=A9
 0002:00002A64 00000004 C=BSS      S=.bss     G=DGROUP   M=ShlObj   ACBP=A9
 0002:00002A68 00000004 C=BSS      S=.bss     G=DGROUP   M=CommDlg  ACBP=A9
 0002:00002A6C 00000004 C=BSS      S=.bss     G=DGROUP   M=Dlgs     ACBP=A9
 0002:00002A70 00000038 C=BSS      S=.bss     G=DGROUP   M=Dialogs  ACBP=A9
 0002:00002AA8 00000004 C=BSS      S=.bss     G=DGROUP   M=ExtCtrls ACBP=A9
 0002:00002AAC 00000004 C=BSS      S=.bss     G=DGROUP   M=ComStrs  ACBP=A9
 0002:00002AB0 0000000C C=BSS      S=.bss     G=DGROUP   M=Clipbrd  ACBP=A9
 0002:00002ABC 00000004 C=BSS      S=.bss     G=DGROUP   M=StrUtils ACBP=A9
 0002:00002AC0 00000030 C=BSS      S=.bss     G=DGROUP   M=Buttons  ACBP=A9
 0002:00002AF0 00000004 C=BSS      S=.bss     G=DGROUP   M=ExtDlgs  ACBP=A9
 0002:00002AF4 00000004 C=BSS      S=.bss     G=DGROUP   M=IniFiles ACBP=A9
 0002:00002AF8 00000004 C=BSS      S=.bss     G=DGROUP   M=Registry ACBP=A9
 0002:00002AFC 00000004 C=BSS      S=.bss     G=DGROUP   M=Mapi     ACBP=A9
 0002:00002B00 00000009 C=BSS      S=.bss     G=DGROUP   M=ExtActns ACBP=A9
 0002:00002B0C 00000004 C=BSS      S=.bss     G=DGROUP   M=ListActns ACBP=A9
 0002:00002B10 00000015 C=BSS      S=.bss     G=DGROUP   M=ComCtrls ACBP=A9
 0002:00002B28 00000008 C=BSS      S=.bss     G=DGROUP   M=Themes   ACBP=A9
 0002:00002B30 00000004 C=BSS      S=.bss     G=DGROUP   M=StdCtrls ACBP=A9
 0002:00002B34 00000004 C=BSS      S=.bss     G=DGROUP   M=StdActns ACBP=A9
 0002:00002B38 00000014 C=BSS      S=.bss     G=DGROUP   M=WinHelpViewer ACBP=A9
 0002:00002B4C 00000080 C=BSS      S=.bss     G=DGROUP   M=Controls ACBP=A9
 0002:00002BCC 00000004 C=BSS      S=.bss     G=DGROUP   M=ActnList ACBP=A9
 0002:00002BD0 0000000C C=BSS      S=.bss     G=DGROUP   M=ImgList  ACBP=A9
 0002:00002BDC 00000010 C=BSS      S=.bss     G=DGROUP   M=Menus    ACBP=A9
 0002:00002BEC 00000020 C=BSS      S=.bss     G=DGROUP   M=Forms    ACBP=A9
 0002:00002C0C 00000004 C=BSS      S=.bss     G=DGROUP   M=GlobalVal ACBP=A9
 0002:00002C10 0000ADA0 C=BSS      S=.bss     G=DGROUP   M=DJDial   ACBP=A9


  Address         Publics by Name

 0002:00002ABC       .1
 0002:00002B40       .1
 0002:000028F4       .1
 0002:0000283C       .1
 0002:00002920       .1
 0002:00002934       .1
 0002:00002968       .1
 0002:00002670       .1
 0002:00002A3C       .1
 0002:00002A4C       .1
 0002:00002A54       .1
 0002:00002668       .1
 0002:00002888       .1
 0002:00002AAC       .1
 0002:00002A58       .1
 0002:00002A5C       .1
 0002:00002A60       .1
 0002:00002A64       .1
 0002:00002C0C       .1
 0002:00002A68       .1
 0002:00002678       .1
 0002:00002A6C       .1
 0002:0000267C       .1
 0002:00002AFC       .1
 0002:00002A70       .11
 0002:00002890       .12
 0002:00002AA8       .12
 0002:00002AB4       .2
 0002:00002938       .2
 0002:0000D9AC       .2
 0002:00002B28       .2
 0002:000028EC       .2
 0002:000028F0       .21
 0002:00002BD0       .3
 0002:00002AF0       .3
 0002:00002940       .3
 0002:00002944       .3
 0002:00002844       .3
 0002:00002674       .3
 0002:00002790       .35
 0002:00002B10       .36
 0002:00002A50       .4
 0002:00002AC0       .4
 0002:00002BF4       .41
 0002:00002B30       .42
 0002:00002854       .45
 0002:000027F8       .5
 0002:000025B8       .5
 0002:00002AF8       .5
 0002:00002840       .6
 0002:0000297C       .6
 0002:00002B54       .72
 0002:00002B00       .72
 0002:00002B34       .73
 0002:00002B0C       .8
 0002:00002BCC       .8
 0002:00002AF4       .8
 0002:0000281C       .81
 0002:00002BE4       .9
 0001:0000195C       @AbstractError
 0001:000024DC       @AfterConstruction
 0001:000022D0       @AsClass
 0001:00001AC4       @AStrCmp
 0001:000024EC       @BeforeDestruction
 0001:00002060       @BoundErr
 0001:0000231C       @CallDynaInst
 0001:00002484       @ClassCreate
 0001:000024D4       @ClassDestroy
 0001:000019CC       @Close
 0001:00001864       @Copy
 0001:00003B90       @CopyArray
 0001:00003A74       @CopyRecord
 0001:00003CA8       @DispCallByIDError
 0001:0000DBD0       @DispInvokeError
 0001:00003C98       @Dispose
 0001:00002968       @DoneExcept
 0001:00004108       @DynArrayAsg
 0001:000040CC       @DynArrayClear
 0001:00003F0C       @DynArrayHigh
 0001:00003F04       @DynArrayLength
 0001:000040C0       @DynArraySetLength
 0001:00002A50       @ExceptionHandler
 0001:00001B34       @FillChar
 0001:00003A50       @Finalize
 0001:00003964       @FinalizeArray
 0001:00003918       @FinalizeRecord
 0001:00002334       @FindDynaInst
 0001:00002054       @FpuInit
 0001:00001F90       @FpuMaskInit
 0001:000016EC       @FreeMem
 0001:000016CC       @GetMem
 0001:00004EA8       @GetTls
 0001:00002E98       @Halt
 0001:00002DC0       @Halt0
 0001:00002600       @HandleAnyException
 0001:000028B4       @HandleFinally
 0001:0000272C       @HandleOnException
 0001:00004EF4       @InitExe
 0001:0000390C       @Initialize
 0001:00003878       @InitializeArray
 0001:00003848       @InitializeRecord
 0001:00002C84       @InitImports
 0001:00002C5C       @InitResStringImports
 0001:00002C38       @InitResStrings
 0001:000047EC       @IntfAddRef
 0001:000047BC       @IntfCast
 0001:00004778       @IntfClear
 0001:00004790       @IntfCopy
 0001:000022AC       @IsClass
 0001:00001F60       @isNECWindows
 0001:00003360       @LStrAddRef
 0001:00002ED4       @LStrArrayClr
 0001:00002F04       @LStrAsg
 0001:00003178       @LStrCat
 0001:000031BC       @LStrCat3
 0001:00003230       @LStrCatN
 0001:00002EB0       @LStrClr
 0001:000032BC       @LStrCmp
 0001:000033D0       @LStrCopy
 0001:00003410       @LStrDelete
 0001:00003120       @LStrFromArray
 0001:00003098       @LStrFromChar
 0001:000030A8       @LStrFromPChar
 0001:00002FA0       @LStrFromPCharLen
 0001:000030D8       @LStrFromPWChar
 0001:0000300C       @LStrFromPWCharLen
 0001:00003114       @LStrFromString
 0001:00003138       @LStrFromWStr
 0001:00003458       @LStrInsert
 0001:00002F48       @LStrLAsg
 0001:00003170       @LStrLen
 0001:00003560       @LStrOfChar
 0001:000034B4       @LStrPos
 0001:000034FC       @LStrSetLength
 0001:00003370       @LStrToPChar
 0001:0000314C       @LStrToString
 0001:00003C84       @New
 0001:00002F74       @NewAnsiString
 0001:00003594       @NewWideString
 0001:00001C74       @Pow10
 0001:00001A40       @PStrCmp
 0001:00001A24       @PStrNCpy
 0001:00002914       @RaiseAgain
 0001:000028EC       @RaiseExcept
 0001:0000170C       @ReallocMem
 0001:0000192C       @ROUND
 0001:00002EA4       @RunError
 0001:00001C58       @SetEq
 0001:00002BF8       @StartExe
 0001:000002AC       @strlen
 0001:00001938       @TRUNC
 0001:00002998       @TryFinallyExit
 0001:000033C8       @UniqueStringA
 0001:00003CD4       @ValInt64
 0001:00001B54       @ValLong
 0001:00012C7C       @VarAddRef
 0001:0000E4B0       @VarCast
 0001:0000DEBC       @VarClear
 0001:0000394C       @VarClr
 0001:0000DED0       @VarClr
 0001:00013578       @VarCmpEQ
 0001:00003A5C       @VarCopy
 0001:0000E1E4       @VarCopy
 0001:0001221C       @VarFromBool
 0001:000120A8       @VarFromByte
 0001:0001226C       @VarFromCurr
 0001:000121C4       @VarFromCurrency
 0001:000121F0       @VarFromDate
 0001:00012310       @VarFromDisp
 0001:00012198       @VarFromDouble
 0001:0001204C       @VarFromInt
 0001:00012148       @VarFromInt64
 0001:00012088       @VarFromInteger
 0001:000122E4       @VarFromIntf
 0001:000120E8       @VarFromLongWord
 0001:00012280       @VarFromLStr
 0001:00012244       @VarFromReal
 0001:00012108       @VarFromShortInt
 0001:00012174       @VarFromSingle
 0001:00012128       @VarFromSmallInt
 0001:00012258       @VarFromTDateTime
 0001:000120C8       @VarFromWord
 0001:000122AC       @VarFromWStr
 0001:0000DC24       @VarNull
 0001:0000FC7C       @VarToBool
 0001:0000F934       @VarToBoolean
 0001:0000ED74       @VarToByte
 0001:00010B20       @VarToCurrency
 0001:000105B8       @VarToDate
 0001:00011FA0       @VarToDisp
 0001:0000FE48       @VarToDouble
 0001:0000F338       @VarToInt64
 0001:0000E874       @VarToInteger
 0001:00011ED4       @VarToIntf
 0001:0000EFEC       @VarToLongWord
 0001:000111D4       @VarToLStr
 0001:000101C4       @VarToReal
 0001:0000ECC4       @VarToShortInt
 0001:000101E0       @VarToSingle
 0001:0000EE1C       @VarToSmallInt
 0001:0000EF14       @VarToWord
 0001:000118FC       @VarToWStr
 0001:000035D4       @WStrArrayClr
 0001:000035F8       @WStrAsg
 0001:000035BC       @WStrClr
 0001:00003734       @WStrCmp
 0001:000037B8       @WStrCopy
 0001:00003708       @WStrFromLStr
 0001:0000361C       @WStrFromPCharLen
 0001:000036CC       @WStrFromPWChar
 0001:000036A8       @WStrFromPWCharLen
 0001:00003728       @WStrLen
 0001:00003804       @WStrSetLength
 0001:00003718       @WStrToPWChar
 0001:00001C34       @_CLenToPasStr
 0001:00001C28       @_CToPasStr
 0001:00001834       @_IOTest
 0001:00003CB0       @_llmul
 0001:0004B638       AbsMin
 0001:0000AA90       AbstractErrorHandler
 0002:00002028       AbstractErrorProc
 0002:00000140       AccessMode
 0001:0000179C       AcquireExceptionObject
 0001:00016C48       ActivateClassGroup
 0001:00005550       ActivateKeyboardLayout
 0002:00002B88       ActiveDrag
 0001:000145DC       ActiveX
 0001:0005A9F0       ActnList
 0001:000003D8       AddBlockAfter
 0002:0000045C       AddDataModule
 0001:0007283C       AddDeviceRes
 0001:00072CEC       AddDeviceRes_Board
 0001:00072888       AddDeviceRes_Pcm
 0001:00072AB8       AddDeviceRes_Trunk
 0001:00072D80       AddDeviceRes_Voice
 0001:00006CBC       AddExitProc
 0001:0001A7BC       AddFinished
 0001:0005DD88       AddIn
 0001:0000460C       AddModuleUnloadProc
 0001:0000461C       AddModuleUnloadProc
 0001:0001A7F4       AddNotFinished
 0001:0001B218       AddSubComponentsToLoaded
 0001:00024B04       AdjustColor
 0001:0002FF58       AdjustColors
 0001:00064DB4       Adjustment
 0001:00005558       AdjustWindowRectEx
 0002:00000F18       Alignments
 0002:00000C40       Alignments
 0002:00000F28       Alignments
 0002:00000914       Alignments
 0002:00000C84       Alignments
 0002:00000C94       Alignments
 0001:00050CA4       AlignWork
 0001:0006BCAC       AlignWork
 0001:00020B2C       AllocateHWnd
 0001:00006C70       AllocMem
 0002:000025B0       AllocMemCount
 0002:000025B4       AllocMemSize
 0001:00029C34       AllocPatternBitmap
 0001:00004E50       AllocTlsBuffer
 0001:0001DFA0       AncestorIsValid
 0002:00000D04       AnchorAlign
 0002:00000CF8       AnimateWindowProc
 0002:00000E00       AnimationStyle
 0001:00006E9C       AnsiCompareStr
 0001:00006ED4       AnsiCompareText
 0001:000074E4       AnsiLastChar
 0001:00005560       AnsiLower
 0001:00006E68       AnsiLowerCase
 0001:0000B3D0       AnsiLowerCaseFileName
 0001:0000B398       AnsiPos
 0001:0006259C       AnsiSameCaption
 0001:00006F0C       AnsiSameText
 0001:00006F24       AnsiStrLIComp
 0001:0000B45C       AnsiStrPos
 0001:0000B4FC       AnsiStrRScan
 0001:0000B524       AnsiStrScan
 0001:00004BEC       AnsiToUtf8
 0001:00006E34       AnsiUpperCase
 0001:00011E5C       AnyToIntf
 0001:00008984       AppendChars
 0001:00008D48       AppendFormat
 0001:000089E8       AppendNumber
 0001:000089C8       AppendString
 0002:00002BEC       Application
 0002:0000046C       ApplicationHandleException
 0002:00000474       ApplicationShowException
 0002:00001054       AppVisible
 0002:00000B24       Arrangements
 0001:0000AA74       AssertErrorHandler
 0002:00002020       AssertErrorProc
 0001:00013C54       AssignLongStr
 0001:000142D0       AssignVariant
 0002:00000B2C       AutoArrange
 0002:00002608       avail
 0001:00007620       BackfillGetDiskFreeSpaceEx
 0001:0004E1CC       BackgroundClipped
 0001:0000CA84       BackupVarBoolFromStr
 0001:0000CBE4       BackupVarBStrFromBool
 0001:0000CB04       BackupVarBStrFromCy
 0001:0000CB74       BackupVarBStrFromDate
 0001:0000CA18       BackupVarCyFromStr
 0001:0000C9AC       BackupVarDateFromStr
 0001:0000C868       BackupVarI4FromStr
 0001:0000C814       BackupVariantChangeTypeEx
 0001:0000C8D4       BackupVarR4FromStr
 0001:0000C940       BackupVarR8FromStr
 0002:00000330       BaseTypeMap
 0001:0000B068       Beep
 0001:0001701C       BeginGlobalLoading
 0001:00005568       BeginPaint
 0001:00024B10       BetterSize
 0001:0005EBFC       BiDiDraw
 0001:0001F738       BinToHex
 0001:00005330       BitBlt
 0002:00000A98       BitBtnCaptions
 0002:00002AC4       BitBtnGlyphs
 0002:000007F8       BitmapCanvasList
 0002:000028A8       BitmapImageLock
 0001:0000C850       BiUnimplemented
 0002:00000514       BlockCode
 0002:000025E0       blockDescBlockList
 0002:000025E4       blockDescFreeList
 0002:00000450       BooleanIdents
 0002:0000032C       BooleanToStringRule
 0001:0000737C       BoolToStr
 0001:00010F5C       BoolToWStrViaOS
 0002:0000090C       BorderStyles
 0002:00000B04       BorderStyles
 0002:00000C38       BorderStyles
 0001:00004FAC       Bounds
 0001:00015F44       Bounds
 0002:00000EC0       Breaks
 0002:000028E0       BrushManager
 0001:000613B0       BuildImage
 0002:000008B4       ButtonCaptions
 0002:00000888       ButtonNames
 0001:000308F0       Buttons
 0002:00000F3C       Buttons
 0002:00000C7C       ButtonStyles
 0002:00002A7C       ButtonWidths
 0001:000242F0       BytesPerScanline
 0001:00024648       ByteSwapColors
 0001:0000B14C       ByteToCharIndex
 0001:0000B124       ByteToCharLen
 0001:0000B0E8       ByteType
 0001:0000B070       ByteTypeTest
 0002:00002BD4       CachedComCtrlVer
 0001:00020A68       CalcJmpOffset
 0001:000589C8       CalcSplitterPos
 0001:0006FE30       CalDispRow
 0001:00005570       CallNextHookEx
 0001:0000BD24       CallTerminateProcs
 0001:00005578       CallWindowProc
 0001:0004C670       CancelDrag
 0002:00002B9C       CanvasList
 0002:000028E4       CanvasList
 0002:00000860       Captions
 0002:00000DBC       CaptureControl
 0002:00000E60       cBooleanToItemAutoFlag
 0002:00000360       CBooleanToRelationship
 0001:00004FC8       CenterPoint
 0002:00002AB2       CF_COMPONENT
 0002:00002AB0       CF_PICTURE
 0002:00002814       ChangeAnyProc
 0001:0004ABF0       ChangeBiDiModeAlignment
 0001:00070944       Change_State
 0001:00070B40       Change_UserState
 0001:00072694       Change_Voc_State
 0001:0006F21C       ChannelWork
 0002:00000C60       CharCases
 0001:00002FD0       CharFromWChar
 0001:0000B320       CharLength
 0001:00005580       CharLowerBuff
 0001:00005588       CharNext
 0001:0000022C       CharNext
 0001:00022AF4       CharsetToIdent
 0001:0000B234       CharToByteIndex
 0001:0000B298       CharToByteLen
 0001:00005590       CharToOemA
 0001:00005598       CharUpperBuff
 0001:000250D8       CheckBool
 0001:00036478       CheckCommonControl
 0001:0000257C       CheckJmp
 0001:000055A0       CheckMenuItem
 0001:000726C0       CheckRemoveReady
 0002:00000EB0       Checks
 0001:0001B254       CheckSubComponents
 0001:0001F840       CheckSynchronize
 0001:000647D4       CheckTaskWindow
 0001:0001233C       CheckType
 0001:0004C324       CheckUndock
 0001:0000AF5C       CheckWin32Version
 0001:000055A8       ChildWindowFromPoint
 0002:00000348       CInvalidCustomVariantType
 0002:00000E64       cItemAutoFlagToBoolean
 0002:00000E5C       cItemAutoFlagToMenu
 0001:00020CB8       Classes
 0001:00016A0C       ClassNotFound
 0002:00002810       ClearAnyProc
 0001:00022384       ClearColor
 0001:0001312C       ClearVariantTypeList
 0001:000055B0       ClientToScreen
 0001:00055F6C       ClientToWindow
 0002:000007F0       ClipboardFormats
 0001:00030790       Clipbrd
 0001:000055B8       CloseClipboard
 0001:00070374       CloseDeviceOK
 0001:00005110       CloseHandle
 0002:00002984       CloseThemeData
 0002:00000848       CLSID_AutoComplete
 0002:0000203C       CmdLine
 0002:00002038       CmdShow
 0002:00000E58       cMenuAutoFlagToItem
 0002:0000036C       CmpTypeMap
 0001:0000C85C       CmpUnimplemented
 0001:0001459C       CoCreateInstance
 0002:00000AF4       Codes
 0002:00000B80       Codes
 0002:00002B24       CoInitExProcLoaded
 0001:0001458C       CoInitialize
 0002:00002B20       CoInitializeExProc
 0001:000172D8       CollectionsEqual
 0002:00000570       Colors
 0001:000228EC       ColorToIdent
 0002:00000920       ColorToPretyName
 0001:000228DC       ColorToRGB
 0002:00000B54       ColumnClicks
 0002:00000BB0       ComboBoxExStyles
 0002:00000BBC       ComboExStyles
 0002:000028F8       ComCtl32DLL
 0002:00002B1C       ComCtlVersion
 0001:0003D828       ComCtrls
 0002:00002BE8       CommandPool
 0001:0002A6F4       CommCtrl
 0001:0002CF9C       CommDlg
 0001:000006B8       Commit
 0002:00002624       committedRoot
 0001:0005D36C       CompareFront
 0001:00006D9C       CompareMem
 0001:00006D6C       CompareStr
 0001:00005118       CompareString
 0001:00006DBC       CompareText
 0001:000072A4       CompareWith
 0001:0001B334       ComponentCreated
 0001:00024EA8       ComputeAldusChecksum
 0001:0003074C       ComStrs
 0001:00021024       Consts
 0001:0002A134       Contnrs
 0002:00002B5A       ControlAtom
 0002:00002B60       ControlAtomString
 0001:0006957C       ControlHasHelp
 0001:00059664       Controls
 0002:00000490       Convert
 0002:000004A0       Convert
 0001:0000A4D0       ConvertAddr
 0001:00008AD8       ConvertEraString
 0001:00006C4C       ConvertErrorFmt
 0001:00039930       ConvertFlags
 0001:0003979C       ConvertMask
 0001:00039954       ConvertStates
 0001:00008C40       ConvertYearString
 0001:00003F14       CopyArray
 0001:00027274       CopyBitmap
 0001:0002793C       CopyBitmapAsMask
 0001:00005338       CopyEnhMetaFile
 0001:00005AA0       CopyMemory
 0001:000278D8       CopyPalette
 0002:00000BD4       Copyright
 0001:0006045C       CopyToBest
 0001:000145A4       CoTaskMemAlloc
 0001:00014594       CoUninitialize
 0001:0000B1A4       CountChars
 0002:000028C0       CounterLock
 0002:0000034C       CRangeToType
 0001:0000A9B8       CreateAssertException
 0001:0000AB40       CreateAVObject
 0001:00005340       CreateBitmap
 0001:00005348       CreateBrushIndirect
 0001:00005350       CreateCompatibleBitmap
 0001:00005358       CreateCompatibleDC
 0001:0001B3B4       CreateComponent
 0001:00005368       CreateDIBitmap
 0001:00005360       CreateDIBSection
 0001:00005120       CreateEvent
 0001:00005128       CreateFile
 0001:00005370       CreateFontIndirect
 0001:00005378       CreateHalftonePalette
 0001:000055C0       CreateIcon
 0001:0000A8E4       CreateInOutError
 0001:000055C8       CreateMenu
 0001:0002DA5C       CreateMessageDialog
 0001:00005380       CreatePalette
 0001:00005388       CreatePenIndirect
 0001:000055D0       CreatePopupMenu
 0001:00005390       CreateSolidBrush
 0001:000246A0       CreateSystemPalette
 0001:00005130       CreateThread
 0001:00005B9C       CreateWindow
 0001:00005B44       CreateWindowEx
 0002:00000858       CreationControl
 0002:00000CFC       CreationControl
 0002:0000043C       CRelationshipToBoolean
 0002:00000310       CResult
 0002:00000CE8       CSHREDRAW
 0002:00000138       cSimpleBoolStrs
 0002:000003E8       CText
 0002:00000DF8       Ctl3DStyles
 0002:0000261C       curAlloc
 0001:000125D0       CurrCompare
 0002:00002688       CurrencyDecimals
 0002:00002684       CurrencyFormat
 0002:00002680       CurrencyString
 0001:00008970       CurrentYear
 0001:000084CC       CurrToStr
 0001:00010EEC       CurrToWStrViaOS
 0002:00000FD8       CursorMap
 0002:00000D0C       Cursors
 0001:0004AF10       CursorToIdent
 0002:00000FC8       cUseAlpha
 0002:00000FD0       cUseColorKey
 0001:00006FF8       CvtInt
 0001:00007064       CvtInt64
 0002:00000178       CWNear
 0002:00000CF0       Data
 0001:000125A8       DateCompare
 0002:00002689       DateSeparator
 0001:00009588       DateTimeToStr
 0001:000094FC       DateTimeToString
 0001:000085C8       DateTimeToTimeStamp
 0001:00009558       DateToStr
 0001:00010F24       DateToWStrViaOS
 0001:00008948       DayOfWeek
 0002:00000174       DCon10
 0002:0000056C       DDBsOnly
 0001:00020BE0       DeallocateHWnd
 0002:00000028       DebugHook
 0002:00002687       DecimalSeparator
 0001:00008928       DecodeDate
 0001:000087DC       DecodeDateFully
 0001:0000867C       DecodeTime
 0001:0000074C       Decommit
 0001:00000D68       DecommitFree
 0002:000025F8       decommittedRoot
 0001:0006C8D4       Default
 0001:00067204       Default
 0002:00000020       Default8087CW
 0002:00000D00       DefaultDockTreeClass
 0001:000381FC       DefaultListViewSort
 0002:000025BC       DefaultUserCodePage
 0002:000007C0       DefBrushData
 0002:00000540       DefFontData
 0001:000055D8       DefFrameProc
 0002:00000204       DefLongDayNames
 0002:000001B8       DefLongMonthNames
 0001:000055E0       DefMDIChildProc
 0002:000007A0       DefPenData
 0002:000001E8       DefShortDayNames
 0002:00000188       DefShortMonthNames
 0001:000055E8       DefWindowProc
 0001:00004160       DelayLoadResourceModule
 0001:00000408       DeleteBlock
 0001:00000378       DeleteCriticalSection
 0001:00005138       DeleteCriticalSection
 0001:00005398       DeleteDC
 0001:000053A0       DeleteEnhMetaFile
 0001:00000BB0       DeleteFree
 0001:000055F0       DeleteMenu
 0001:000053A8       DeleteObject
 0001:00026E30       DeselectBitmap
 0001:000055F8       DestroyCursor
 0001:00005600       DestroyIcon
 0001:00030820       DestroyLocals
 0001:00005608       DestroyMenu
 0001:00005610       DestroyWindow
 0001:00077AF8       Dial
 0001:0004839C       DialogEnumerationTester
 0001:0002E2AC       Dialogs
 0002:000007FC       DIBPalSizes
 0002:0000008C       dig
 0002:00000B6C       Directions
 0001:00064628       DisableTaskWindows
 0001:00005618       DispatchMessage
 0001:0006A85C       DispatchShortCut
 0002:00002000       DispCallByIDProc
 0001:000744B0       DispEventInfo
 0001:00006C30       DivMod
 0002:0000D9A4       DJApiHandle
 0001:000778E0       DJDial
 0001:0002CFD4       Dlgs
 0001:0006BB60       DoAlign
 0001:00050B34       DoAlign
 0001:00054C2C       DoCalcConstraints
 0002:00002B90       DockSiteList
 0001:0006107C       DoClick
 0001:00052278       DoControlMsg
 0001:000645D8       DoDisableWindow
 0001:0004BC50       DoDragOver
 0001:00006C90       DoExitProc
 0001:00056C9C       DoFindControlZone
 0001:00064714       DoFindWindow
 0001:00057228       DoFindZone
 0001:00056D20       DoForEach
 0001:0005862C       DoGetNextLimit
 0001:000645A0       DoneApplication
 0001:0005938C       DoneControls
 0001:0000AE6C       DoneExceptions
 0001:00068BD8       DoNestedActivation
 0001:0001F800       DoneThreadSynchronization
 0001:0006B9B0       DoPosition
 0001:000506F4       DoPosition
 0001:00057C54       DoPrune
 0001:0002F418       DoRect
 0001:0005812C       DoSaveZone
 0001:00058330       DoSetNewBounds
 0002:00000458       DotSep
 0001:0005B9CC       DoWrite
 0001:00025330       DoWrite
 0001:00025F4C       DoWrite
 0001:00018824       DoWrite
 0001:00051860       DoWriteDesignSize
 0001:0004F2CC       DoWriteIsControl
 0002:00002B74       DragCapture
 0002:00002B68       DragControl
 0001:0004C398       DragDone
 0001:0004BC00       DragFindTarget
 0001:0004BBD4       DragFindWindow
 0002:00002B8C       DragImageList
 0001:0004BFF0       DragInit
 0001:0004C160       DragInitControl
 0002:00002B70       DragInternalObject
 0001:0004BB1C       DragMessage
 0002:00002B6C       DragObject
 0002:00002B98       DragSave
 0002:00002B80       DragSaveCursor
 0002:00002B78       DragStartPos
 0002:00002B84       DragThreshold
 0001:0004BD20       DragTo
 0001:0006C910       DrawAppIcon
 0001:000577C0       DrawCloseButton
 0001:000725F4       DrawCount_ErrFlag
 0001:000716E0       DrawCount_Pcm
 0001:00072778       DrawCount_RemoveState
 0001:000715CC       DrawCount_Trunk
 0001:000708A0       DrawCount_User
 0001:00071414       DrawCount_Voc
 0001:00005620       DrawEdge
 0001:00005628       DrawFocusRect
 0001:00005630       DrawFrameControl
 0001:00057818       DrawGrabberLine
 0001:00005638       DrawIcon
 0001:00005640       DrawIconEx
 0002:00000E34       DrawingStyles
 0001:0006FE34       DrawMain_Analog_Reason
 0001:000743E8       DrawMain_CallInfo
 0001:00073ED4       DrawMain_LineState
 0001:000707D8       DrawMain_LinkDev
 0001:0006FEB4       DrawMain_Reason
 0001:00074170       DrawMain_State
 0001:00005648       DrawMenuBar
 0001:000623BC       DrawMenuItem
 0001:00071A3C       DrawPcm_TypeAndAlarm
 0001:00005650       DrawText
 0002:00002988       DrawThemeBackground
 0002:000029AC       DrawThemeEdge
 0002:000029B0       DrawThemeIcon
 0002:00002A34       DrawThemeParentBackground
 0002:0000298C       DrawThemeText
 0001:0006F648       DrawUser_DTMF
 0001:000717F4       DrawUser_LineState
 0001:00070A84       DrawUser_LinkDev
 0001:0007186C       DrawUser_State
 0001:000709C8       DrawUser_VocInfo
 0001:00024170       DupBits
 0001:00003F2C       DynArrayClear
 0001:00003F34       DynArraySetLength
 0002:00000F20       EdgeStyle
 0002:00000DE8       EdgeStyles
 0002:00000B0C       EditStyles
 0001:0000A8B8       EHeapException.FreeInstance
 0001:00005658       EmptyClipboard
 0001:00012434       EmptyCompare
 0002:000027FC       EmptyParam
 0002:000000BC       EmptyStr
 0002:000000C0       EmptyWideStr
 0001:00005660       EnableMenuItem
 0002:00000EB8       Enables
 0001:00005668       EnableScrollBar
 0001:000646DC       EnableTaskWindows
 0002:00002A1C       EnableThemeDialogTexture
 0002:00002A38       EnableTheming
 0001:00005670       EnableWindow
 0001:000170A4       EndGlobalLoading
 0001:00005678       EndPaint
 0001:00005140       EnterCriticalSection
 0001:00000368       EnterCriticalSection
 0001:00005148       EnumCalendarInfoA
 0002:0000291C       EnumDisplayMonitors
 0001:0000A144       EnumEraNames
 0001:0000A180       EnumEraYearOffsets
 0001:000677C8       EnumMonitorsProc
 0001:00005680       EnumThreadWindows
 0001:0001AB64       EnumValue
 0001:00005688       EnumWindows
 0001:00005690       EqualRect
 0002:00002750       EraNames
 0001:00009800       EraToYear
 0002:0000276C       EraYearOffsets
 0002:00000064       errCaption
 0001:000165B0       Error
 0001:00001828       Error
 0001:0005D0BC       Error
 0001:0001A348       Error
 0002:00000004       ErrorAddr
 0001:000017DC       ErrorAt
 0001:0000A964       ErrorHandler
 0002:00000220       ErrorMap
 0002:00002008       ErrorProc
 0002:000023E4       ErrOutput
 0001:0006EFA0       esr
 0001:0000177C       ExceptAddr
 0002:0000200C       ExceptClsProc
 0001:0000ADD8       ExceptHandler
 0001:0000A72C       Exception.Create
 0001:0000A768       Exception.CreateFmt
 0001:0000A7E8       Exception.CreateRes
 0001:0000A824       Exception.CreateResFmt
 0002:0000201C       ExceptionClass
 0001:0000A4DC       ExceptionErrorMessage
 0002:00000258       ExceptMap
 0001:0000175C       ExceptObject
 0002:00002010       ExceptObjProc
 0002:00002004       ExceptProc
 0001:000053B0       ExcludeClipRect
 0002:00000000       ExitCode
 0001:00002D04       ExitDll
 0002:00002044       ExitProc
 0001:00000234       ExitProcess
 0002:00002024       ExitProcessProc
 0002:00000134       ExitProcList
 0001:000075E4       ExpandFileName
 0001:00031A88       ExtActns
 0001:000306DC       ExtCtrls
 0001:00030948       ExtDlgs
 0002:00000CC8       ExtendSelects
 0001:0000759C       ExtractFileExt
 0001:00007564       ExtractFileName
 0001:000053B8       ExtTextOut
 0002:0000278C       FalseBoolStrs
 0002:00002AB8       FClipboard
 0002:00000168       FCon1E18
 0001:000074DC       FileClose
 0001:00007444       FileCreate
 0001:00007420       FileCreate
 0002:000007F4       FileFormats
 0002:00000008       FileMode
 0001:000073C8       FileOpen
 0001:0000744C       FileRead
 0002:00000484       FilerSignature
 0001:000074A4       FileSeek
 0001:00007478       FileWrite
 0001:00000C98       FillAfterGap
 0001:00000C44       FillBeforeGap
 0001:00000D30       FillerSizeAfterGap
 0001:00000CC0       FillerSizeBeforeGap
 0001:00005698       FillRect
 0001:00030918       Finalization
 0001:0002AE44       Finalization
 0001:00020FF4       Finalization
 0001:0003369C       Finalization
 0001:00031914       Finalization
 0001:0002CEC8       Finalization
 0001:00014534       Finalization
 0001:0002CE90       Finalization
 0001:0002CD40       Finalization
 0001:0002C3BC       Finalization
 0001:0003197C       Finalization
 0001:000319E0       Finalization
 0001:0006EBE4       Finalization
 0001:0006EB14       Finalization
 0001:0002CE58       Finalization
 0001:0002CDB0       Finalization
 0001:0002CDE8       Finalization
 0001:00077894       Finalization
 0001:0002A6C4       Finalization
 0001:0002A104       Finalization
 0001:00004FF4       Finalization
 0001:00048614       Finalization
 0001:00031A38       Finalization
 0001:00047990       Finalization
 0001:000778E8       Finalization
 0001:0005A9C0       Finalization
 0001:0002CE20       Finalization
 0001:0002CFA4       Finalization
 0001:00062698       Finalization
 0001:00004F38       Finalization
 0001:00004D08       Finalization
 0001:000145AC       Finalization
 0001:00047828       Finalization
 0001:0005C11C       Finalization
 0001:0002AE84       Finalization
 0001:000137A4       Finalization
 0001:0002E250       Finalization
 0001:0000CFB0       Finalization
 0001:00020C08       Finalization
 0001:00005CEC       Finalization
 0001:0002CF34       Finalization
 0001:0002C210       Finalization
 0001:00005D24       Finalization
 0001:0000605C       Finalization
 0001:00030694       Finalization
 0001:0003071C       Finalization
 0001:00029E4C       Finalization
 0001:00029C6C       Finalization
 0001:0003E2D8       Finalization
 0001:00013588       Finalization
 0001:000595FC       Finalization
 0001:00030754       Finalization
 0001:000308B8       Finalization
 0001:0003D7B0       Finalization
 0001:0000C5F4       Finalization
 0001:000307E8       Finalization
 0001:0002BE6C       Finalization
 0001:0002BEB4       Finalization
 0001:0002BEEC       Finalization
 0001:0002CF6C       Finalization
 0001:00003F24       FinalizeArray
 0001:00002B38       FinalizeUnits
 0001:00060E3C       Find
 0001:0001D698       FindAncestor
 0001:000041D0       FindBS
 0001:00016ACC       FindClass
 0001:00004158       FindClassHInstance
 0001:00000244       FindClose
 0001:00000C14       FindCommitted
 0001:0004ACF0       FindControl
 0001:00057454       FindControlAtPos
 0001:000133D0       FindCustomVariantType
 0001:00013488       FindCustomVariantType
 0001:0004C6BC       FindDragTarget
 0001:0001B564       FindExistingComponent
 0001:0000024C       FindFirstFile
 0001:00016F34       FindGlobalComponent
 0001:00064820       FindGlobalComponent
 0002:00002860       FindGlobalComponentProcs
 0001:00004130       FindHInstance
 0001:00016DDC       FindIdentToInt
 0001:00016D60       FindIntToIdent
 0002:00002A78       FindMsg
 0001:0001A6F4       FindNestedComponent
 0001:0005D084       FindPopupControl
 0001:0000CC78       FindProc
 0001:00005150       FindResource
 0001:000041A8       FindResourceHInstance
 0001:0006E368       FindScanline
 0001:000473DC       FindString
 0001:00064778       FindTopMostWindow
 0001:0001C448       FindUniqueName
 0001:00012F74       FindVarData
 0001:0004C688       FindVCLWindow
 0001:000056A0       FindWindow
 0001:000483F4       FindWinHelp
 0001:00027228       FixupBitFields
 0002:00000F30       Flags
 0002:0000279C       FLanguages
 0001:0002C240       FlatSB
 0002:00002948       FlatSB_EnableScrollBar
 0002:00002954       FlatSB_GetScrollInfo
 0002:00002958       FlatSB_GetScrollPos
 0002:00002950       FlatSB_GetScrollRange
 0002:00002960       FlatSB_SetScrollInfo
 0002:0000295C       FlatSB_SetScrollPos
 0001:0002BF30       FlatSB_SetScrollProp
 0002:00002964       FlatSB_SetScrollRange
 0002:0000294C       FlatSB_ShowScrollBar
 0001:0000815C       FloatToDecimal
 0001:0000849C       FloatToStr
 0001:00007E88       FloatToText
 0001:000019C0       Flush
 0002:0000017C       FMSecsPerDay
 0001:00007D84       FmtStr
 0002:00000F4C       FocusCount
 0002:00000F48       FocusMessages
 0002:00000710       FontCharsets
 0002:000028D8       FontManager
 0001:000647F4       ForegroundTask
 0002:00002C10       Form1
 0001:00007D70       Format
 0002:00000184       Format
 0001:00007978       FormatBuf
 0001:0000796C       FormatClearStr
 0001:000078F0       FormatError
 0002:00000160       FormatErrorStrs
 0001:00005158       FormatMessage
 0001:00007948       FormatVarToStr
 0001:0006EB70       Forms
 0001:00001C6C       FPower10
 0002:00000844       FPrinter
 0001:0002F4DC       Frame3D
 0001:000056A8       FrameRect
 0001:00076DEC       FreeAllDeviceRes
 0001:0000C1D4       FreeAndNil
 0001:00000980       FreeCommitted
 0001:00000EA0       FreeCurAlloc
 0001:0004C77C       FreeDeviceContext
 0001:0004C838       FreeDeviceContexts
 0001:000209D4       FreeIntConstList
 0001:00000254       FreeLibrary
 0001:00005160       FreeLibrary
 0001:00026D84       FreeMemoryContexts
 0001:000648B4       FreeObjectInstance
 0001:00020B08       FreeObjectInstance
 0001:00070320       FreeOneFreeVoice
 0001:00005170       FreeResource
 0001:00000600       FreeSpace
 0001:0000BD40       FreeTerminateProcs
 0001:0002C3F4       FreeThemeLibrary
 0002:00002B18       FRichEditModule
 0001:00024160       GDICheck
 0001:000240B8       GDIError
 0001:00001924       Get8087CW
 0001:00005178       GetACP
 0001:000056B0       GetActiveWindow
 0001:0006C03C       GetAnimation
 0001:0002D3B8       GetAveCharSize
 0001:00071C58       GetBit
 0001:000053C0       GetBitmapBits
 0001:00000380       GetBlockDesc
 0001:000053C8       GetBrushOrgEx
 0001:000056B8       GetCapture
 0001:0004AFB8       GetCaptureControl
 0001:00016A78       GetClass
 0001:000056C0       GetClassInfo
 0001:000056C8       GetClassName
 0001:000056D0       GetClientRect
 0001:000056D8       GetClipboardData
 0001:00025AF8       GetClipboardFormats
 0001:000053D0       GetClipBox
 0001:0000031C       GetCmdShow
 0001:0005AB90       GetColor
 0001:000364A0       GetComCtlVersion
 0001:0000025C       GetCommandLine
 0001:000007CC       GetCommitted
 0001:0000085C       GetCommittedAt
 0001:0001EA50       GetComponentValue
 0001:00051E2C       GetControlAtPos
 0001:00008A34       GetCount
 0001:00005180       GetCPInfo
 0001:000053D8       GetCurrentPositionEx
 0001:00005188       GetCurrentProcessId
 0002:00002A2C       GetCurrentThemeName
 0001:00005190       GetCurrentThreadId
 0001:0000030C       GetCurrentThreadId
 0001:00005A98       GetCurrentTime
 0001:000056E0       GetCursor
 0001:0006E378       GetCursorHeightMargin
 0001:000056E8       GetCursorPos
 0001:00008A60       GetDate
 0001:00005198       GetDateFormat
 0001:00009718       GetDateOrder
 0001:000056F0       GetDC
 0001:000056F8       GetDCEx
 0001:000053E0       GetDCOrgEx
 0001:0002987C       GetDefFontCharSet
 0001:00017DCC       GetDesigner
 0001:00005700       GetDesktopWindow
 0001:000053F8       GetDeviceCaps
 0001:000250C0       GetDIB
 0001:000053E8       GetDIBColorTable
 0001:000053F0       GetDIBits
 0001:00025008       GetDIBSizes
 0001:000242D0       GetDInColors
 0001:000051A0       GetDiskFreeSpaceA
 0002:00000130       GetDiskFreeSpaceEx
 0001:0005870C       GetDockAlign
 0001:0004B960       GetDockSiteAtPos
 0001:0004BC8C       GetDropCtl
 0001:000022EC       GetDynaMethod
 0001:00005400       GetEnhMetaFileBits
 0001:00005408       GetEnhMetaFileHeader
 0001:00005410       GetEnhMetaFilePaletteEntries
 0001:00013814       GetEnumName
 0001:000138EC       GetEnumNameValue
 0001:00013938       GetEnumValue
 0001:0000A1F8       GetEraNamesAndYearOffsets
 0001:000097AC       GetEraYearOffset
 0001:0000AB28       GetExceptionClass
 0001:0000AD0C       GetExceptionObject
 0001:00016A00       GetFieldClassTable
 0001:00025AD8       GetFileFormats
 0001:0000AF7C       GetFileVersion
 0001:00005318       GetFileVersionInfo
 0001:00005320       GetFileVersionInfoSize
 0001:00013FC0       GetFloatProp
 0001:00005708       GetFocus
 0001:00022B14       GetFontData
 0001:00005710       GetForegroundWindow
 0001:0000B7C4       GetFormatSettings
 0001:000051A8       GetFullPathName
 0001:00022080       GetHashCode
 0001:000695B4       GetHelpInfo
 0001:0002B304       GetHelpSystem
 0001:0006BE20       GetHint
 0001:0006BE58       GetHintControl
 0001:00062538       GetHotkey
 0001:00005718       GetIconInfo
 0001:000143DC       GetInt64Prop
 0001:00014440       GetInterfaceProp
 0001:00005730       GetKeyboardLayout
 0001:00005738       GetKeyboardLayoutList
 0001:00005740       GetKeyboardState
 0001:00001F58       GetKeyboardType
 0001:00005720       GetKeyNameText
 0001:00005728       GetKeyState
 0001:00005748       GetLastActivePopup
 0001:000569D4       GetLastChildZone
 0001:000051B0       GetLastError
 0001:00037E58       GetLength
 0001:00009FBC       GetLocaleChar
 0001:00000264       GetLocaleInfo
 0001:000051C0       GetLocaleInfo
 0001:00009F70       GetLocaleStr
 0001:000051B8       GetLocalTime
 0001:0004AF74       GetLongHint
 0001:00013C68       GetLongStrProp
 0001:00005750       GetMenu
 0001:0006953C       GetMenuHelpContext
 0001:00005758       GetMenuItemCount
 0001:00005760       GetMenuItemID
 0001:00005768       GetMenuItemInfo
 0001:0005F688       GetMenuSize
 0001:00005770       GetMenuState
 0001:00005778       GetMenuString
 0001:00005780       GetMessagePos
 0001:00014364       GetMethodProp
 0001:0000026C       GetModuleFileName
 0001:000051C8       GetModuleFileName
 0001:00000274       GetModuleHandle
 0001:00004E30       GetModuleHandle
 0001:000051D0       GetModuleHandle
 0002:00002910       GetMonitorInfo
 0002:00002914       GetMonitorInfoA
 0002:00002918       GetMonitorInfoW
 0001:0000A020       GetMonthDayNames
 0001:00005788       GetNextWindow
 0001:00005418       GetObject
 0001:00013A90       GetOrdProp
 0001:0006F580       GetOutUserID
 0001:00005420       GetPaletteEntries
 0001:00005790       GetParent
 0001:00064A08       GetParentForm
 0001:00005428       GetPixel
 0001:000051D8       GetPrivateProfileString
 0001:000051E0       GetProcAddress
 0001:0000027C       GetProcAddress
 0001:00005798       GetProp
 0001:0001399C       GetPropInfo
 0001:00013A0C       GetPropInfos
 0001:00064EC8       GetRealScrollPosition
 0001:0005AB70       GetRGBColor
 0001:000057A0       GetScrollInfo
 0001:000057A8       GetScrollPos
 0001:000057B0       GetScrollRange
 0001:0004AF30       GetShortHint
 0001:00013B60       GetShortStrProp
 0001:00013BF8       GetShortStrPropAsLongStr
 0001:00000524       GetSpace
 0001:00000588       GetSpaceAt
 0001:0005D114       GetSpecialName
 0001:00000284       GetStartupInfo
 0001:00000204       GetStdHandle
 0001:000051E8       GetStdHandle
 0001:00005430       GetStockObject
 0001:000051F0       GetStringTypeEx
 0001:0007371C       GetString_DeviceMain
 0001:000738E4       GetString_DeviceSub
 0001:00073D10       GetString_ErrorCode
 0001:00072FD8       GetString_EventType
 0001:00073F4C       GetString_LineState
 0001:00071C60       GetString_PcmType
 0001:000718E4       GetString_UserState
 0001:00013D98       GetStrProp
 0001:000057B8       GetSubMenu
 0001:000057C0       GetSysColor
 0001:000057C8       GetSysColorBrush
 0001:000051F8       GetSystemInfo
 0001:000057D0       GetSystemMenu
 0001:000057D8       GetSystemMetrics
 0002:00002900       GetSystemMetrics
 0001:00005438       GetSystemPaletteEntries
 0001:00005448       GetTextExtentPoint
 0001:00005440       GetTextExtentPoint32
 0001:00005450       GetTextMetrics
 0002:00002A24       GetThemeAppProperties
 0002:00002990       GetThemeBackgroundContentRect
 0002:00002994       GetThemeBackgroundExtent
 0002:000029A4       GetThemeBackgroundRegion
 0002:000029C8       GetThemeBool
 0002:000029BC       GetThemeColor
 0002:00002A30       GetThemeDocumentationProperty
 0002:000029D0       GetThemeEnumValue
 0002:000029F0       GetThemeFilename
 0002:000029D8       GetThemeFont
 0002:000029CC       GetThemeInt
 0002:000029E4       GetThemeIntList
 0002:000029E0       GetThemeMargins
 0002:000029C0       GetThemeMetric
 0002:00002998       GetThemePartSize
 0002:000029D4       GetThemePosition
 0002:000029E8       GetThemePropertyOrigin
 0002:000029DC       GetThemeRect
 0002:000029C4       GetThemeString
 0002:000029FC       GetThemeSysBool
 0002:000029F4       GetThemeSysColor
 0002:000029F8       GetThemeSysColorBrush
 0002:00002A04       GetThemeSysFont
 0002:00002A0C       GetThemeSysInt
 0002:00002A00       GetThemeSysSize
 0002:00002A08       GetThemeSysString
 0002:0000299C       GetThemeTextExtent
 0002:000029A0       GetThemeTextMetrics
 0001:0000028C       GetThreadLocale
 0001:00005200       GetThreadLocale
 0001:00005208       GetTickCount
 0001:00008A98       GetTime
 0001:00004E5C       GetTlsSize
 0001:0006C5EC       GetTopMostWindows
 0001:0004B0C0       GetTopParent
 0001:000057E0       GetTopWindow
 0001:00013808       GetTypeData
 0001:00013094       GetVarDataArrayInfo
 0001:000142E4       GetVariantProp
 0001:00000314       GetVersion
 0001:00005210       GetVersion
 0001:00005218       GetVersionEx
 0001:00013E04       GetWideStrProp
 0001:00013CE8       GetWideStrPropAsLongStr
 0001:000057E8       GetWindow
 0001:000057F0       GetWindowDC
 0001:000057F8       GetWindowLong
 0001:00005460       GetWindowOrgEx
 0001:00005800       GetWindowPlacement
 0001:00005808       GetWindowRect
 0001:00005810       GetWindowText
 0002:00002A18       GetWindowTheme
 0001:00005820       GetWindowThreadProcessId
 0001:00005818       GetWindowThreadProcessId
 0001:00005458       GetWinMetaFileBits
 0001:00005220       GlobalAddAtom
 0001:00005228       GlobalAlloc
 0001:00005AB4       GlobalAllocPtr
 0001:00005230       GlobalDeleteAtom
 0001:00005238       GlobalFindAtom
 0002:00002864       GlobalFixupList
 0001:0001A83C       GlobalFixupReferences
 0001:00005240       GlobalFree
 0001:00005AE0       GlobalFreePtr
 0001:00005250       GlobalHandle
 0001:00005248       GlobalLock
 0002:00002848       GlobalNameSpace
 0001:00005258       GlobalReAlloc
 0001:00005AC4       GlobalReAllocPtr
 0001:00005260       GlobalUnlock
 0001:0006EC14       GlobalVal
 0001:00029D40       Graphics
 0001:00016BF4       GroupDescendentsWith
 0002:00002C14       g_gLobalVar
 0002:0000D99C       g_pDJApiClearCall
 0002:0000D9A0       g_pDJApiCloseStream
 0002:0000D974       g_pDJApiGetDevList
 0002:0000D984       g_pDJApiGetDevState
 0002:0000D98C       g_pDJApiLinkDevice
 0002:0000D998       g_pDJApiMakeCallOut
 0002:0000D978       g_pDJApiOpenDevice
 0002:0000D96C       g_pDJApiOpenStream
 0002:0000D980       g_pDJApiResetDevice
 0002:0000D990       g_pDJApiSendIOData
 0002:0000D994       g_pDJApiSetDevTimer
 0002:0000D970       g_pDJApiSetEsr
 0002:0000D97C       g_pDJApiSetParam
 0002:0000D988       g_pDJApiUnlinkDevice
 0001:0000DB4C       HandleConversionException
 0001:0006F184       HandleDevState
 0001:000697BC       HandleEdge
 0001:0001BCA0       HandleException
 0001:00042A24       HasPopup
 0002:00000024       HeapAllocFlags
 0002:000025C4       heapErrorCode
 0002:000025C8       heapLock
 0001:0002BEAC       HelpIntfs
 0002:0000293C       HelpManager
 0002:00002A74       HelpMsg
 0002:00002B44       HelpViewer
 0002:00002B48       HelpViewerIntf
 0002:0000012C       HexDisplayPrefix
 0001:0001F774       HexToBin
 0002:00000B1C       HideSelections
 0002:00000C6C       HideSelections
 0001:00058788       HideZone
 0002:00002664       HInstance
 0002:00002C00       HintDoneEvent
 0001:0006BF28       HintGetMsgHook
 0002:00002C04       HintHook
 0001:0006BECC       HintMouseThread
 0002:00002C08       HintThread
 0002:00002BFC       HintThreadID
 0001:0006BE78       HintTimerProc
 0002:00000F40       HintWindowClass
 0002:000029A8       HitTestThemeBackground
 0001:00005A94       HiWord
 0001:0006BF6C       HookHintHooks
 0001:00005BF4       HwndMSWheel
 0002:00000B98       IAlignment
 0002:00000ED4       IBreaks
 0002:00000EE0       IChecks
 0002:00000874       IconIDs
 0002:00000EE8       IDefaults
 0001:00022B04       IdentToCharset
 0001:000228FC       IdentToColor
 0001:0004AF20       IdentToCursor
 0001:00016E58       IdentToInt
 0002:00000EF0       IEnables
 0001:0006042C       IfHotkeyAvailable
 0002:0000D9A8       iLoopStartSearchFreeTrunk
 0002:00002BD8       ImageListWriteExProc
 0001:0002A1F0       ImageList_Add
 0001:0002A210       ImageList_AddIcon
 0001:0002A238       ImageList_BeginDrag
 0001:0002A1D8       ImageList_Create
 0001:0002A1E0       ImageList_Destroy
 0001:0002A248       ImageList_DragEnter
 0001:0002A250       ImageList_DragLeave
 0001:0002A258       ImageList_DragMove
 0001:0002A268       ImageList_DragShowNolock
 0001:0002A220       ImageList_Draw
 0001:0002A228       ImageList_DrawEx
 0001:0002A240       ImageList_EndDrag
 0001:0002A208       ImageList_GetBkColor
 0001:0002A270       ImageList_GetDragImage
 0001:0002A288       ImageList_GetIconSize
 0001:0002A1E8       ImageList_GetImageCount
 0001:0002A278       ImageList_Read
 0001:0002A230       ImageList_Remove
 0001:0002A1F8       ImageList_ReplaceIcon
 0001:0002A200       ImageList_SetBkColor
 0001:0002A260       ImageList_SetDragCursorImage
 0001:0002A290       ImageList_SetIconSize
 0001:0002A280       ImageList_Write
 0002:00000E44       Images
 0001:0005C14C       ImgList
 0001:0002AEB4       Imm
 0002:00000E28       IMM32DLL
 0001:00059378       Imm32IsIME
 0002:00000180       IMSecsPerDay
 0001:0000DC38       InBounds
 0001:0000DED8       InBounds
 0001:0000DF08       Increment
 0001:0000DC68       Increment
 0001:0002A21C       IndexToOverlayMask
 0001:0002A2DC       IndexToStateImageMask
 0001:00005828       InflateRect
 0001:0003195C       IniFiles
 0001:00000A0C       InitAllocator
 0001:0002A6FC       InitAnApi
 0002:00002928       InitApis
 0001:0002A144       InitComCtl
 0001:0003644C       InitCommonControl
 0001:0002A13C       InitCommonControls
 0001:0002A1A4       InitCommonControlsEx
 0001:00017100       InitComponent
 0002:00002634       InitContext
 0001:00059414       InitControls
 0001:000298C0       InitDefFontData
 0001:0000BD60       InitDriveSpacePtr
 0001:0000ADE8       InitExceptions
 0001:0002BF8C       InitFlatSB
 0001:0002E0FC       InitGlobals
 0001:00024EC0       InitializeBitmapInfoHeader
 0001:00000360       InitializeCriticalSection
 0001:00005268       InitializeCriticalSection
 0002:000025C0       initialized
 0001:0002BF64       InitializeFlatSB
 0001:00004EE8       InitializeModule
 0001:0000CCA4       InitializeVarUtils
 0001:00059018       InitIMM32
 0001:000171A8       InitInheritedComponent
 0001:0000B5D8       InitLeadBytes
 0001:0002ADD8       InitMultiMonStubs
 0001:0000AEEC       InitPlatformId
 0002:00002040       InitProc
 0001:0006EA88       InitProcs
 0001:00029844       InitScreenLogPixels
 0001:0000B650       InitSysLocale
 0001:0002C5B4       InitThemeLibrary
 0001:0001F7CC       InitThreadSynchronization
 0001:00004E64       InitThreadTLS
 0001:000707A0       InitTrunkChannel
 0001:00002B98       InitUnits
 0001:00070984       InitUserChannel
 0001:0004AC04       InitWndProc
 0002:00000DC8       InnerStyles
 0002:0000204C       Input
 0001:00050668       InsertBefore
 0001:0006B950       InsertBefore
 0001:00000E18       InsertFree
 0001:000604E0       InsertHotkeyFarEastFormat
 0001:00005830       InsertMenu
 0001:00005838       InsertMenuItem
 0002:00002880       InstBlockList
 0002:00002884       InstFreeList
 0001:00012544       Int64Compare
 0001:00012530       IntCompare
 0002:00002858       IntConstList
 0002:00000CD0       IntegralHeights
 0001:00000304       InterlockedDecrement
 0001:0000BDC8       InterlockedDecrement
 0001:0000BDD4       InterlockedExchange
 0001:00005168       InterlockedExchange
 0001:0000BDDC       InterlockedExchangeAdd
 0001:0000BDBC       InterlockedIncrement
 0001:000002FC       InterlockedIncrement
 0001:0002200C       InternalDeletePalette
 0001:00001978       InternalFlush
 0001:00000C74       InternalFreeMem
 0001:00025010       InternalGetDIB
 0001:00024FA4       InternalGetDIBSizes
 0001:00016F98       InternalReadComponentRes
 0002:00002B2C       InternalServices
 0001:0000337C       InternalUniqueString
 0001:00005468       IntersectClipRect
 0001:00005840       IntersectRect
 0001:00007158       IntToHex
 0001:00016E98       IntToIdent
 0001:00007044       IntToStr
 0001:00007130       IntToStr
 0001:00005848       InvalidateRect
 0001:00024040       InvalidBitmap
 0001:00024028       InvalidGraphic
 0001:0002404C       InvalidIcon
 0001:00024058       InvalidMetafile
 0001:00024010       InvalidOperation
 0001:00015F80       InvalidPoint
 0001:00015F6C       InvalidPoint
 0002:00002798       InvalidPointer
 0001:000021A4       InvokeImplGetter
 0001:000018A8       IOResult
 0002:00000F10       IOwnerDraw
 0002:00000EF8       IRadios
 0002:00000F08       IRTL
 0001:00064998       IsAccel
 0001:00061690       IsAccelChar
 0002:00002A14       IsAppThemed
 0001:0004B718       IsBeforeTargetWindow
 0001:00005850       IsChild
 0002:00002048       IsConsole
 0001:0001E1AC       IsDefault
 0001:0001E028       IsDefaultFloatProp
 0001:0001E084       IsDefaultInt64Prop
 0001:0001E350       IsDefaultInterfaceProp
 0001:0001E42C       IsDefaultMethodProp
 0001:0001E204       IsDefaultObjectProp
 0001:0001DFD0       IsDefaultOrdProp
 0001:0001E53C       IsDefaultPropertyValue
 0001:0001E0DC       IsDefaultStrProp
 0001:0001E284       IsDefaultValue
 0001:0001E4A4       IsDefaultVariantProp
 0001:0004BB74       IsDelphiHandle
 0001:00005858       IsDialogMessage
 0002:00000F00       ISeparators
 0001:00005860       IsIconic
 0001:000616EC       IsInitialChar
 0001:000086D8       IsLeapYear
 0002:00002034       IsLibrary
 0002:00002049       IsMultiThread
 0001:00056438       IsOrientationSet
 0001:00005868       IsRectEmpty
 0001:0004B91C       IsSiteChildOfClient
 0001:00013A60       IsStoredProp
 0002:00002A10       IsThemeActive
 0002:000029B8       IsThemeBackgroundPartiallyTransparent
 0002:00002A20       IsThemeDialogTextureEnabled
 0002:000029B4       IsThemePartDefined
 0001:00077538       IsTrunk
 0001:00016F74       IsUniqueGlobalComponentName
 0002:0000284C       IsUniqueGlobalComponentNameProc
 0001:00006F94       IsValidIdent
 0001:0000B638       IsWesternGroup
 0001:00005870       IsWindow
 0001:00005878       IsWindowEnabled
 0001:00005880       IsWindowVisible
 0001:00005888       IsZoomed
 0001:0005D4E0       Iterate
 0001:0005D540       IterateMenus
 0002:0000002C       JITEnable
 0001:0006494C       KeyboardStateToShiftState
 0001:00064910       KeyDataToShiftState
 0001:000648BC       KeysToShiftState
 0001:00005890       KillTimer
 0001:00007514       LastDelimiter
 0001:0000B564       LCIDToCodePage
 0001:00004C94       LCIDToCodePage
 0002:0000010C       LeadBytes
 0001:00000370       LeaveCriticalSection
 0001:00005270       LeaveCriticalSection
 0002:00000034       LibModuleList
 0001:00005470       LineTo
 0001:000336CC       ListActns
 0001:0004C704       ListAdd
 0001:000328D8       ListItemsCompare
 0001:0004C72C       ListRemove
 0002:0000274E       ListSeparator
 0001:0002A3F0       ListView_Arrange
 0001:0002A49C       ListView_CreateDragImage
 0001:0002A340       ListView_DeleteAllItems
 0001:0002A448       ListView_DeleteColumn
 0001:0002A328       ListView_DeleteItem
 0001:0002A378       ListView_FindItem
 0001:0002A570       ListView_GetCheckState
 0001:0002A66C       ListView_GetColumnOrderArray
 0001:0002A460       ListView_GetColumnWidth
 0001:0002A408       ListView_GetEditControl
 0001:0002A6B4       ListView_GetHoverTime
 0001:0002A2E0       ListView_GetItem
 0001:0002A2CC       ListView_GetItemCount
 0001:0002A388       ListView_GetItemRect
 0001:0002A560       ListView_GetItemState
 0001:0002A354       ListView_GetNextItem
 0001:0002A4F8       ListView_GetOrigin
 0001:0002A628       ListView_GetSelectedCount
 0001:0002A4E8       ListView_GetTopIndex
 0001:0002A3C4       ListView_HitTest
 0001:0002A438       ListView_InsertColumn
 0001:0002A310       ListView_InsertItem
 0001:0002A3D4       ListView_RedrawItems
 0001:0002A298       ListView_SetBkColor
 0001:0002A590       ListView_SetCheckState
 0001:0002A41C       ListView_SetColumn
 0001:0002A650       ListView_SetColumnOrderArray
 0001:0002A478       ListView_SetColumnWidth
 0001:0002A638       ListView_SetExtendedListViewStyle
 0001:0002A6A4       ListView_SetHoverTime
 0001:0002A2B0       ListView_SetImageList
 0001:0002A2F8       ListView_SetItem
 0001:0002A5EC       ListView_SetItemCount
 0001:0002A5FC       ListView_SetItemCountEx
 0001:0002A530       ListView_SetItemState
 0001:0002A5BC       ListView_SetItemText
 0001:0002A4D0       ListView_SetTextBkColor
 0001:0002A4B8       ListView_SetTextColor
 0001:0002A688       ListView_SetWorkAreas
 0001:0002A60C       ListView_SortItems
 0001:0002A510       ListView_Update
 0001:00005898       LoadBitmap
 0001:000058A0       LoadCursor
 0001:000058A8       LoadIcon
 0001:000058B0       LoadKeyboardLayout
 0001:00005278       LoadLibrary
 0001:00000294       LoadLibraryEx
 0001:00005280       LoadResource
 0001:0000439C       LoadResourceModule
 0001:00004C3C       LoadResString
 0001:0000029C       LoadString
 0001:000058B8       LoadString
 0001:00004E38       LocalAlloc
 0001:00000340       LocalAlloc
 0001:00000348       LocalFree
 0001:00009FE4       LocalGetLocaleStr
 0002:00002A48       Lock
 0001:00005288       LockResource
 0002:00002690       LongDateFormat
 0002:00002724       LongDayNames
 0002:000026D8       LongMonthNames
 0002:000026A4       LongTimeFormat
 0001:00006D30       LowerCase
 0001:00005308       lstrcmp
 0001:00005310       lstrcpy
 0001:000002A4       lstrcpyn
 0002:00002820       LVarTypes
 0002:00002824       LVarTypeSync
 0002:0000202C       MainInstance
 0002:00002030       MainThreadID
 0001:000003D0       MakeEmpty
 0001:00002CA8       MakeErrorMessage
 0002:00000E14       MakeLast
 0001:00005A88       MakeLong
 0001:00005B34       MakeLParam
 0001:000648A0       MakeObjectInstance
 0001:00020A70       MakeObjectInstance
 0001:00005AF4       MakeROP4
 0001:00005B2C       MakeWParam
 0001:0000AAA8       MapException
 0001:00031A30       Mapi
 0002:00000AD4       MAPIDLL
 0002:00000AD8       MAPIModule
 0001:000029B0       MapToRunError
 0001:000058C0       MapVirtualKey
 0001:000058C8       MapWindowPoints
 0002:00000E4C       Mask
 0001:00005478       MaskBlt
 0001:00029E7C       Math
 0001:00029E44       Max
 0001:00067250       MaximizedChildren
 0002:0000003C       MemoryManager
 0002:00000E68       MenuKeyCaps
 0001:00062708       Menus
 0001:00000420       MergeBlockAfter
 0001:00000EEC       MergeCommit
 0001:000058D0       MessageBeep
 0001:000058D8       MessageBox
 0001:0000023C       MessageBox
 0001:0002E000       MessageDlgPos
 0001:0002E024       MessageDlgPosHelp
 0001:00005D54       Messages
 0001:00029E3C       Min
 0001:000179F0       Min
 0001:0004FFB0       MinVar
 0002:00002930       MMAvailable
 0002:000008E0       ModalResults
 0002:00000E2C       ModeMap
 0001:00068F48       ModifySystemMenu
 0002:000000A4       Module
 0002:00002661       ModuleIsCpp
 0002:00002660       ModuleIsLib
 0001:00020A40       ModuleUnload
 0002:00000038       ModuleUnloadList
 0002:0000290C       MonitorFromPoint
 0002:00002908       MonitorFromRect
 0002:00002904       MonitorFromWindow
 0002:000000DC       MonthDays
 0002:00002B4C       Mouse
 0001:000018C8       Move
 0001:00005480       MoveToEx
 0001:0004C74C       MoveWindowOrg
 0002:0000D968       msgBuf
 0001:00005290       MulDiv
 0001:000002B4       MultiByteToWideChar
 0002:00000CD8       MultiColumns
 0001:0006E52C       MultiLineWidth
 0001:0002AE74       MultiMon
 0002:00000B14       MultiSelections
 0002:00000CC0       MultiSelects
 0001:0006F6E4       My_AddDtmfBuf
 0001:000701E0       My_DualLink
 0001:000701A8       My_DualUnlink
 0001:0006FCB8       My_GetDtmfCode
 0001:0006FCE4       My_GetGtdOrPVDCode
 0001:00070B80       My_InitDtmfBuf
 0002:00002685       NegCurrFormat
 0001:00000F78       NewCommit
 0001:00000FA4       NewCommitAt
 0002:00002B50       NewStyleControls
 0001:0000B35C       NextCharIndex
 0001:0005641C       NextVisibleZone
 0002:00000488       NilMethod
 0002:00000030       NoErrMsg
 0001:0005E2F4       NormalDraw
 0001:00002568       NotifyAnyExcept
 0001:00017E64       NotifyDesigner
 0001:0000253C       NotifyExcept
 0001:0000259C       NotifyExceptFinally
 0001:00017074       NotifyGlobalLoading
 0001:0000469C       NotifyModuleUnload
 0001:00002518       NotifyNonDelphiException
 0001:00002554       NotifyOnExcept
 0001:000024FC       NotifyReRaise
 0001:000025C4       NotifyTerminate
 0001:000025E0       NotifyUnhandled
 0001:0006106C       NthParentOf
 0001:00013570       Null
 0002:00000324       NullAsStringValue
 0001:00012448       NullCompare
 0002:00000318       NullEqualityRule
 0002:0000031C       NullMagnitudeRule
 0002:00000320       NullStrictConvert
 0001:0001E16C       ObjectAncestorMatch
 0001:0004ACBC       ObjectFromHWnd
 0002:00000C74       OEMConverts
 0001:000058E0       OemToAnsi
 0001:00004F94       OffsetRect
 0001:000058E8       OffsetRect
 0001:00072100       OpenAllDevice_Dsp
 0001:000724F4       OpenBoardDevice
 0001:000058F0       OpenClipboard
 0001:000704A8       OpenDeviceOK
 0001:0007230C       OpenPcmDevice
 0002:00002980       OpenThemeData
 0001:00072400       OpenTrunkDevice
 0001:00072218       OpenVoiceDevice
 0002:00000E0C       OrientArray
 0002:00000DD8       OuterStyles
 0002:00002794       OutOfMemory
 0001:00024064       OutOfResources
 0002:00002218       Output
 0001:0001EA38       OwnedBy
 0002:00000328       PackVarCreation
 0001:00046F4C       PaintListBox
 0002:00000804       Pal16
 0001:000223F0       PaletteChanged
 0001:00024850       PaletteFromDIBColorTable
 0001:000248F4       PaletteToDIBColorTable
 0002:00000800       PalSize
 0001:00056800       ParentNotLast
 0002:00000C50       Passwords
 0001:00005488       PatBlt
 0002:000028E8       PatternManager
 0001:000058F8       PeekMessage
 0002:000028DC       PenManager
 0002:000007D0       PenModes
 0002:000007B0       PenStyles
 0001:0006FD84       PlayDTMF
 0001:00005490       PlayEnhMetaFile
 0001:00070218       PlayTone
 0001:00004F8C       Point
 0001:00015EF4       Point
 0001:00016348       PointerInModule
 0001:0005184C       PointsEqual
 0001:00005B14       PointToSmallPoint
 0001:00005498       Polyline
 0002:00002BDC       PopupList
 0001:00005900       PostMessage
 0001:00005908       PostQuitMessage
 0001:0002BF28       Printers
 0001:0006A65C       ProcessExecute
 0001:00064BC8       ProcessHorz
 0001:0006A75C       ProcessUpdate
 0001:00064C34       ProcessVert
 0001:0001AB38       PropertyNotFound
 0001:0001BDA0       PropPathError
 0002:00000F70       Props
 0001:0001AB2C       PropValueError
 0001:00005910       PtInRect
 0002:000000A0       PtrToNil
 0001:00007E44       PutExponent
 0002:00002B94       QualifyingSites
 0001:0000AA64       RaiseAssertException
 0001:00019AE8       RaiseException
 0001:0000020C       RaiseException
 0002:00002014       RaiseExceptionProc
 0001:0000BC78       RaiseLastOSError
 0001:0003867C       ReadCols
 0001:00057570       ReadControlName
 0001:0001CFE0       ReadCustomVariant
 0001:0001AB14       ReadError
 0001:00005298       ReadFile
 0001:00024BA0       ReadIcon
 0002:00000C58       ReadOnlys
 0001:00012580       RealCompare
 0001:000054A0       RealizePalette
 0001:0001B354       Recover
 0001:00015F1C       Rect
 0001:00004F70       Rect
 0001:000054B0       Rectangle
 0001:000054A8       RectVisible
 0001:0007107C       ReDrawAll
 0001:00005918       RedrawWindow
 0002:00002818       RefAnyProc
 0002:00002A44       ReferenceCount
 0001:00071F38       RefreshMapTable
 0001:000002BC       RegCloseKey
 0001:000050F8       RegCloseKey
 0002:0000285C       RegGroups
 0001:00005920       RegisterClass
 0001:00016AEC       RegisterClass
 0001:00005928       RegisterClipboardFormat
 0001:0004BABC       RegisterDockSite
 0001:00016EDC       RegisterFindGlobalComponentProc
 0001:00016D34       RegisterIntegerConsts
 0001:000046F8       RegisterModule
 0001:0002B280       RegisterViewer
 0001:00005930       RegisterWindowMessage
 0001:000319C4       Registry
 0001:000002C4       RegOpenKeyEx
 0001:00005100       RegOpenKeyEx
 0001:000002CC       RegQueryValueEx
 0001:00005108       RegQueryValueEx
 0001:0002CE88       RegStr
 0001:00005938       ReleaseCapture
 0001:00005940       ReleaseDC
 0002:00000048       reMap
 0002:00002618       remBytes
 0001:00000490       RemoveBlock
 0002:00000464       RemoveDataModule
 0001:0001A9E4       RemoveFixupReferences
 0001:0001AA90       RemoveFixups
 0001:0001AD88       RemoveGlobalFixup
 0001:00005948       RemoveMenu
 0001:00004614       RemoveModuleUnloadProc
 0001:0000463C       RemoveModuleUnloadProc
 0001:00005950       RemoveProp
 0001:00077738       Remove_OneDsp
 0001:000052A0       ResetEvent
 0001:0001F818       ResetSyncEvent
 0001:00070268       ResetTrunk
 0001:0006F6FC       ResetUser
 0001:0000142C       ResizeInPlace
 0001:000054B8       RestoreDC
 0001:0006454C       RestoreFocusState
 0001:0005D0B4       ReturnAddr
 0001:000174C4       ReturnAddr
 0001:00018984       ReturnAddr
 0001:000245D0       RGBQuadToTriple
 0001:00024598       RGBTripleToQuad
 0001:0002CDE0       RichEdit
 0002:00002B64       RM_GetObjectInstance
 0002:00002BF8       RM_TaskbarCreated
 0002:00002614       rover
 0002:00000ADC       RTFConversionFormat
 0001:000137D4       RTLConsts
 0001:00000214       RtlUnwind
 0002:00002018       RTLUnwindProc
 0002:0000006C       runErrMsg
 0001:000017D0       RunErrorAt
 0001:0000CC58       SafeArrayCreate
 0001:0000CC60       SafeArrayGetLBound
 0001:0000CC68       SafeArrayGetUBound
 0001:0000CC70       SafeArrayPtrOfIndex
 0001:0000C2A0       SafeLoadLibrary
 0001:00006E10       SameText
 0001:000054C0       SaveDC
 0001:00064544       SaveFocusState
 0001:0000959C       ScanBlanks
 0001:000096E0       ScanChar
 0001:0000985C       ScanDate
 0001:000095C0       ScanNumber
 0001:00009654       ScanString
 0001:00009BA0       ScanTime
 0001:00009764       ScanToNumber
 0002:00002BF0       Screen
 0002:00002894       ScreenLogPixels
 0001:00005958       ScreenToClient
 0001:00064D80       ScrollBarVisible
 0001:00005960       ScrollWindow
 0001:00077564       SearchOneFreeTrunk
 0001:0007007C       SearchOneFreeVoice
 0001:00000FD8       SearchSmallBlocks
 0001:000054C8       SelectClipRgn
 0001:000054D0       SelectObject
 0001:000054D8       SelectPalette
 0001:0004AD4C       SendAppMessage
 0001:000647B4       SendFocusMessage
 0001:00005968       SendMessage
 0002:00000ECC       Separators
 0001:00001914       Set8087CW
 0001:00005970       SetActiveWindow
 0001:0006C06C       SetAnimation
 0001:000054E0       SetBkColor
 0001:000054E8       SetBkMode
 0001:000054F0       SetBrushOrgEx
 0001:00005978       SetCapture
 0001:0004AFE0       SetCaptureControl
 0001:00005980       SetClassLong
 0001:00013088       SetClearVarToEmptyParam
 0001:00005988       SetClipboardData
 0001:0001B4C4       SetCompName
 0001:00005990       SetCursor
 0001:000054F8       SetDIBColorTable
 0001:000052A8       SetEndOfFile
 0001:00005500       SetEnhMetaFileBits
 0001:000052B0       SetErrorMode
 0001:000052B8       SetEvent
 0001:00002AF0       SetExceptionHandler
 0001:000052C0       SetFilePointer
 0001:000140D8       SetFloatProp
 0001:00005998       SetFocus
 0001:000059A0       SetForegroundWindow
 0001:0007744C       SetGtd_AnalogTrunk
 0001:00070B98       SetGTD_ToneParam
 0001:0005929C       SetImeMode
 0001:00001854       SetInOutRes
 0001:00014404       SetInt64Prop
 0001:000144C0       SetInterfaceProp
 0001:0001C080       SetInterfaceReference
 0001:0001BF9C       SetIntIdent
 0002:00000F44       SetLayeredWindowAttributes
 0001:00013CA8       SetLongStrProp
 0001:000059A8       SetMenu
 0001:000059B0       SetMenuItemInfo
 0001:000143A4       SetMethodProp
 0001:0001BFE4       SetObjectIdent
 0001:00013B04       SetOrdProp
 0001:000059B8       SetParent
 0001:00005508       SetPixel
 0001:000059C0       SetProp
 0001:000059C8       SetRect
 0001:00005510       SetROP2
 0001:000059D0       SetScrollInfo
 0001:000059D8       SetScrollPos
 0001:000059E0       SetScrollRange
 0001:00013BA4       SetShortStrProp
 0001:00013C20       SetShortStrPropAsLongStr
 0001:00005518       SetStretchBltMode
 0001:00013DD8       SetStrProp
 0001:0001B2CC       SetSubComponentState
 0001:00005520       SetTextColor
 0002:00002A28       SetThemeAppProperties
 0001:000052C8       SetThreadLocale
 0001:000059E8       SetTimer
 0001:00013070       SetVarAsError
 0001:00014324       SetVariantProp
 0001:0001C024       SetVariantReference
 0001:00005528       SetViewportOrgEx
 0001:0006E03C       SetVisible
 0001:00013EEC       SetWideStrProp
 0001:00013D40       SetWideStrPropAsLongStr
 0001:000059F0       SetWindowLong
 0001:00005538       SetWindowOrgEx
 0001:000059F8       SetWindowPlacement
 0001:00005A00       SetWindowPos
 0001:00005A10       SetWindowsHookEx
 0001:00005A08       SetWindowText
 0002:000029EC       SetWindowTheme
 0001:00005530       SetWinMetaFileBits
 0002:0000014C       ShareMode
 0001:0002CE50       ShellAPI
 0002:00002B14       ShellModule
 0001:0002CF64       ShlObj
 0001:0005D0DC       ShortCut
 0002:00002BE0       ShortCutItems
 0001:0005D168       ShortCutToText
 0002:0000268C       ShortDateFormat
 0002:00002708       ShortDayNames
 0002:000026A8       ShortMonthNames
 0002:000026A0       ShortTimeFormat
 0002:00000B4C       ShowColumns
 0002:00000FB0       ShowCommands
 0002:00000FA4       ShowCommands
 0002:00000FBC       ShowCommands
 0001:00005A18       ShowCursor
 0001:0000A664       ShowException
 0002:00000DC0       ShowFlags
 0002:00001058       ShowFlags
 0001:00064554       ShowMDIClientEdge
 0001:0002E0D8       ShowMessage
 0001:0002E0E4       ShowMessagePos
 0001:00005A20       ShowOwnedPopups
 0001:00005A28       ShowScrollBar
 0001:00005A30       ShowWindow
 0001:0006C094       ShowWinNoAnimate
 0001:00058808       ShowZone
 0001:000771BC       SimulateCallOut
 0002:00000E20       SizeCursors
 0001:000052D0       SizeofResource
 0001:0001CB14       SkipBinary
 0001:0001CB44       SkipCollection
 0001:0001CAEC       SkipList
 0001:0000BC70       Sleep
 0001:000052D8       Sleep
 0001:00015F0C       SmallPoint
 0001:00005B00       SmallPointToPoint
 0002:00002620       smallTab
 0002:00000CB8       Sorteds
 0002:000025E8       spaceRoot
 0001:0006FF70       SpecialForCas
 0001:00016BA8       StartClassGroup
 0001:000479C0       StdActns
 0001:00047858       StdCtrls
 0001:00020A48       StdWndProc
 0002:0000289C       StockBrush
 0002:000028A0       StockFont
 0002:000028A4       StockIcon
 0002:00002898       StockPen
 0001:0006F638       StopPlayTone
 0001:00007894       StrAlloc
 0001:000078A8       StrBufSize
 0001:0000B10C       StrByteType
 0001:0000B2F8       StrCharLength
 0001:00007770       StrComp
 0001:000076D0       StrCopy
 0001:000078E0       StrDispose
 0001:0005B898       StreamsEqual
 0001:000076AC       StrEnd
 0001:00005540       StretchBlt
 0001:00007CF0       StrFmt
 0001:00007794       StrIComp
 0001:000125FC       StringCompare
 0001:00019984       StringListCompareStrings
 0001:0000BB3C       StringReplace
 0001:000624A4       StripHotkey
 0001:000076F8       StrLCopy
 0001:00007694       StrLen
 0001:00007D30       StrLFmt
 0001:000077D4       StrLIComp
 0001:000076C0       StrMove
 0001:000078B4       StrNew
 0001:0000B318       StrNextChar
 0001:00007880       StrPas
 0001:0000772C       StrPCopy
 0001:00007750       StrPLCopy
 0001:0000782C       StrPos
 0001:00007818       StrScan
 0001:00009D94       StrToDate
 0001:00009E64       StrToDateTime
 0001:000084FC       StrToFloat
 0001:00007180       StrToInt
 0001:000071BC       StrToIntDef
 0001:00009DFC       StrToTime
 0001:00030818       StrUtils
 0002:00000F98       Styles
 0002:00000CA4       Styles
 0001:0000C208       Supports
 0001:0000C1E4       Supports
 0002:00002850       SyncEvent
 0002:00000510       SyncList
 0001:0002C3EC       SyncObjs
 0001:000002E4       SysAllocStringLen
 0001:0000608C       SysConst
 0002:00000F68       SysConsts
 0002:00000F60       SysConsts
 0001:00009F24       SysErrorMessage
 0001:00001288       SysFreeMem
 0001:000002F4       SysFreeString
 0001:000010F8       SysGetMem
 0001:00004F68       SysInit
 0002:00002740       SysLocale
 0001:00001608       SysReallocMem
 0001:000002EC       SysReAllocStringLen
 0001:00004D5C       System
 0002:0000288C       SystemPalette16
 0001:000247B8       SystemPaletteOverride
 0001:00005A38       SystemParametersInfo
 0001:0000C774       SysUtils
 0002:00000CE0       TabStops
 0001:0005A188       TActionLink.IsCaptionLinked
 0001:0005A19C       TActionLink.IsCheckedLinked
 0001:0005A1B0       TActionLink.IsEnabledLinked
 0001:0005A1C4       TActionLink.IsGroupIndexLinked
 0001:0005A1D8       TActionLink.IsHelpContextLinked
 0001:0005A1EC       TActionLink.IsHelpLinked
 0001:0005A200       TActionLink.IsHintLinked
 0001:0005A214       TActionLink.IsImageIndexLinked
 0001:0005A228       TActionLink.IsShortCutLinked
 0001:0005A23C       TActionLink.IsVisibleLinked
 0001:0005A250       TActionLink.SetAutoCheck
 0001:0005A254       TActionLink.SetCaption
 0001:0005A258       TActionLink.SetChecked
 0001:0005A25C       TActionLink.SetEnabled
 0001:0005A260       TActionLink.SetGroupIndex
 0001:0005A264       TActionLink.SetHelpContext
 0001:0005A268       TActionLink.SetHelpKeyword
 0001:0005A26C       TActionLink.SetHelpType
 0001:0005A270       TActionLink.SetHint
 0001:0005A274       TActionLink.SetImageIndex
 0001:0005A278       TActionLink.SetShortCut
 0001:0005A27C       TActionLink.SetVisible
 0001:0006E5D8       TApplication.ActivateHint
 0001:0006D22C       TApplication.BringToFront
 0001:0006E340       TApplication.CancelHint
 0001:0006C810       TApplication.CheckIniChange
 0001:0006C58C       TApplication.ControlDestroyed
 0001:0006C0D4       TApplication.Create
 0001:0006D62C       TApplication.CreateForm
 0001:0006C3DC       TApplication.CreateHandle
 0001:0006C2C0       TApplication.Destroy
 0001:0006E9A8       TApplication.DispatchAction
 0001:0006DD0C       TApplication.DoActionIdle
 0001:0006DD70       TApplication.DoMouseIdle
 0001:0006C65C       TApplication.DoNormalizeTopMosts
 0001:0006EA38       TApplication.ExecuteAction
 0001:0006E96C       TApplication.GetCurrentHelpFile
 0001:0006D060       TApplication.GetIconHandle
 0001:0006D268       TApplication.GetTitle
 0001:0006D7AC       TApplication.HandleException
 0001:0006D518       TApplication.HandleMessage
 0001:0006DCB4       TApplication.HelpCommand
 0001:0006DC4C       TApplication.HelpContext
 0001:0006DBE4       TApplication.HelpKeyword
 0001:0006E2FC       TApplication.HideHint
 0001:0006E1B4       TApplication.HintMouseMessage
[...]
  2573 0001:00072C1C  2574 0001:00072C23  2576 0001:00072C36  2579 0001:00072C3C
  2569 0001:00072C3F  2581 0001:00072C42  2582 0001:00072C5F  2583 0001:00072C68
  2585 0001:00072C71  2586 0001:00072CA5  2593 0001:00072CEC  2597 0001:00072CF0
  2598 0001:00072CF2  2603 0001:00072CFA  2604 0001:00072CFD  2607 0001:00072D11
  2609 0001:00072D14  2610 0001:00072D26  2611 0001:00072D2E  2612 0001:00072D36
  2615 0001:00072D40  2617 0001:00072D54  2619 0001:00072D5E  2621 0001:00072D6A
  2623 0001:00072D7D  2632 0001:00072D80  2637 0001:00072D9E  2639 0001:00072DA0
  2643 0001:00072DA8  2644 0001:00072DAE  2646 0001:00072DCC  2647 0001:00072DE7
  2648 0001:00072DF4  2650 0001:00072E04  2651 0001:00072E14  2652 0001:00072E23
  2654 0001:00072E32  2655 0001:00072E35  2656 0001:00072E38  2658 0001:00072E4C
  2659 0001:00072E5B  2660 0001:00072E5F  2662 0001:00072E68  2663 0001:00072E6C
  2665 0001:00072E6F  2656 0001:00072E72  2667 0001:00072E77  2669 0001:00072E87
  2670 0001:00072E97  2671 0001:00072EA6  2672 0001:00072EB5  2673 0001:00072EC2
  2677 0001:00072ECF  2679 0001:00072EED  2680 0001:00072EF4  2682 0001:00072F0E
  2684 0001:00072F14  2685 0001:00072F1B  2687 0001:00072F2E  2690 0001:00072F31
  2680 0001:00072F34  2691 0001:00072F37  2692 0001:00072F46  2693 0001:00072F4F
  2694 0001:00072F58  2696 0001:00072F8E  2699 0001:00072FD8  2700 0001:00072FDB
  2701 0001:0007315A  2702 0001:00073168  2703 0001:00073176  2704 0001:00073184
  2705 0001:00073192  2706 0001:000731A0  2707 0001:000731AE  2708 0001:000731BC
  2709 0001:000731CA  2710 0001:000731D8  2711 0001:000731E6  2712 0001:000731F4
  2713 0001:00073202  2714 0001:00073210  2715 0001:0007321E  2716 0001:0007322C
  2717 0001:0007323A  2718 0001:00073248  2719 0001:00073256  2720 0001:00073264
  2721 0001:00073272  2722 0001:00073280  2723 0001:0007328E  2724 0001:0007329C
  2725 0001:000732AA  2727 0001:000732B8  2728 0001:000732C6  2729 0001:000732D4
  2732 0001:000732E2  2733 0001:000732F0  2734 0001:000732FE  2735 0001:0007330C
  2736 0001:0007331A  2737 0001:00073328  2739 0001:00073336  2740 0001:00073344
  2742 0001:00073352  2743 0001:00073360  2745 0001:0007336E  2746 0001:0007337C
  2747 0001:0007338A  2749 0001:00073396  2752 0001:0007371C  2753 0001:00073722
  2754 0001:0007372E  2755 0001:0007378D  2756 0001:0007379C  2757 0001:000737AB
  2758 0001:000737BA  2759 0001:000737C9  2760 0001:000737D8  2761 0001:000737E7
  2762 0001:000737F6  2763 0001:00073805  2764 0001:00073814  2765 0001:00073823
  2767 0001:0007382F  2770 0001:000738E4  2771 0001:000738EA  2772 0001:000738F6
  2773 0001:0007398D  2774 0001:0007399C  2775 0001:000739AB  2776 0001:000739BA
  2777 0001:000739C9  2778 0001:000739D8  2779 0001:000739E7  2780 0001:000739F6
  2781 0001:00073A05  2782 0001:00073A14  2783 0001:00073A23  2784 0001:00073A32
  2785 0001:00073A41  2786 0001:00073A50  2787 0001:00073A5F  2788 0001:00073A6E
  2790 0001:00073A7D  2791 0001:00073A8C  2792 0001:00073A9B  2793 0001:00073AAA
  2794 0001:00073AB9  2795 0001:00073AC8  2796 0001:00073AD7  2797 0001:00073AE6
  2798 0001:00073AF5  2799 0001:00073B04  2800 0001:00073B13  2802 0001:00073B1F
  2805 0001:00073D10  2806 0001:00073D16  2807 0001:00073D22  2808 0001:00073D5E
  2809 0001:00073D6D  2810 0001:00073D7C  2811 0001:00073D8B  2812 0001:00073D9A
  2814 0001:00073DA9  2815 0001:00073DB8  2816 0001:00073DC7  2817 0001:00073DD6
  2818 0001:00073DE5  2820 0001:00073DF1  2827 0001:00073ED4  2830 0001:00073EE9
  2832 0001:00073EEB  2836 0001:00073EEF  2837 0001:00073EF2  2842 0001:00073EF6
  2844 0001:00073F01  2845 0001:00073F46  2848 0001:00073F4C  2849 0001:00073F55
  2850 0001:00073F97  2851 0001:00073FA8  2852 0001:00073FB9  2853 0001:00073FCA
  2854 0001:00073FDB  2855 0001:00073FE9  2856 0001:00073FF7  2857 0001:00074005
  2858 0001:00074013  2859 0001:00074021  2860 0001:0007402F  2861 0001:0007403D
  2862 0001:0007404B  2864 0001:00074065  2872 0001:00074170  2874 0001:00074185
  2875 0001:00074189  2879 0001:00074191  2880 0001:00074194  2881 0001:0007419C
  2883 0001:0007419E  2884 0001:000741E7  2885 0001:000741F9  2886 0001:0007420B
  2887 0001:0007421D  2888 0001:0007422F  2889 0001:0007423E  2890 0001:0007424D
  2891 0001:0007425C  2892 0001:0007426B  2893 0001:0007427A  2894 0001:00074289
  2895 0001:00074298  2896 0001:000742A7  2898 0001:000742B4  2899 0001:000742F9
  2906 0001:000743E8  2908 0001:00074400  2909 0001:00074402  2913 0001:0007440A
  2914 0001:00074414  2915 0001:00074418  2917 0001:0007441A  2918 0001:0007442D
  2920 0001:00074455  2921 0001:00074465  2922 0001:000744AA  2932 0001:000744B0
  2933 0001:000744EB  2934 0001:000744F3  2941 0001:000744FB  2942 0001:000744FD
  2943 0001:00074505  2944 0001:00074522  2946 0001:00074557  2953 0001:0007457D
  2954 0001:00074580  2955 0001:00074582  2956 0001:000745C1  2964 0001:000745D1
  2966 0001:000745D4  2970 0001:00074661  2975 0001:0007466E  2976 0001:000746B6
  2980 0001:000746C1  2981 0001:00074710  2990 0001:000747A4  2991 0001:000747C6
  2992 0001:000747D6  2993 0001:000747EA  2994 0001:00074803  2995 0001:00074811
  2996 0001:00074835  2997 0001:00074851  2998 0001:00074874  2999 0001:0007488A
  3000 0001:00074898  3001 0001:000748AE  3002 0001:000748BC  3003 0001:000748D5
  3005 0001:000748DE  3007 0001:000748E8  3008 0001:00074901  3009 0001:0007490F
  3010 0001:00074928  3011 0001:00074941  3012 0001:0007494F  3013 0001:00074968
  3014 0001:00074981  3015 0001:0007499A  3016 0001:000749C3  3025 0001:00074B10
  3026 0001:00074B2E  3027 0001:00074B3D  3028 0001:00074B52  3029 0001:00074B66
  3031 0001:00074B6F  3032 0001:00074B72  3036 0001:00074B77  3039 0001:00074B7C
  3040 0001:00074B90  3042 0001:00074B99  3043 0001:00074B9E  3047 0001:00074BA3
  3050 0001:00074BA8  3051 0001:00074BBC  3053 0001:00074BC5  3054 0001:00074BCA
  3058 0001:00074BCF  3061 0001:00074BD4  3062 0001:00074BE8  3064 0001:00074BEC
  3066 0001:00074BF1  3068 0001:00074BF6  3069 0001:00074C0A  3071 0001:00074C13
  3073 0001:00074C1C  3074 0001:00074C21  3077 0001:00074C26  3079 0001:00074C2B
  3080 0001:00074C3F  3081 0001:00074C4D  3082 0001:00074C4F  3085 0001:00074C54
  3086 0001:00074C63  3088 0001:00074C70  3090 0001:00074C8E  3091 0001:00074CAB
  3092 0001:00074CC3  3093 0001:00074CCD  3094 0001:00074CD9  3095 0001:00074CDD
  3097 0001:00074CE6  3099 0001:00074CEB  3100 0001:00074CFF  3099 0001:00074D0B
  3103 0001:00074D0E  3104 0001:00074D2B  3105 0001:00074D3D  3107 0001:00074D46
  3108 0001:00074D4B  3110 0001:00074D4D  3111 0001:00074D50  3088 0001:00074D56
  3113 0001:00074D5F  3114 0001:00074D66  3115 0001:00074D6D  3116 0001:00074D75
  3117 0001:00074D9B  3123 0001:00074EAC  3124 0001:00074EB4  3125 0001:00074EC4
  3126 0001:00074ED8  3127 0001:00074EEE  3129 0001:00074EFC  3130 0001:00074EFF
  3132 0001:00074F04  3134 0001:00074F0B  3135 0001:00074F21  3137 0001:00074F2F
  3138 0001:00074F34  3140 0001:00074F39  3142 0001:00074F40  3143 0001:00074F53
  3145 0001:00074F5E  3146 0001:00074F63  3148 0001:00074F68  3150 0001:00074F6F
  3151 0001:00074F85  3153 0001:00074F91  3154 0001:00074F96  3156 0001:00074F9B
  3158 0001:00074FA2  3159 0001:00074FB5  3161 0001:00074FC0  3162 0001:00074FC5
  3164 0001:00074FCA  3166 0001:00074FD1  3167 0001:00074FE7  3169 0001:00074FF3
  3170 0001:00074FF8  3172 0001:00074FFD  3174 0001:00075004  3175 0001:0007501A
  3177 0001:00075026  3178 0001:0007502B  3180 0001:00075030  3182 0001:00075037
  3183 0001:0007504A  3185 0001:00075053  3186 0001:00075058  3188 0001:0007505D
  3190 0001:00075064  3191 0001:00075077  3193 0001:00075082  3194 0001:00075087
  3196 0001:0007508C  3198 0001:00075093  3199 0001:000750A9  3201 0001:000750B5
  3202 0001:000750BA  3204 0001:000750BF  3206 0001:000750C6  3207 0001:000750DC
  3209 0001:000750E8  3210 0001:000750ED  3212 0001:000750F2  3214 0001:000750F9
  3215 0001:0007510C  3217 0001:00075115  3218 0001:0007511A  3220 0001:0007511F
  3222 0001:00075126  3223 0001:00075139  3225 0001:00075144  3226 0001:00075149
  3228 0001:0007514E  3230 0001:00075155  3231 0001:0007516B  3233 0001:00075177
  3234 0001:0007517C  3236 0001:00075181  3238 0001:00075188  3239 0001:0007519E
  3241 0001:000751AA  3242 0001:000751AF  3244 0001:000751B4  3246 0001:000751BB
  3247 0001:000751CE  3249 0001:000751D7  3250 0001:000751DC  3252 0001:000751E1
  3254 0001:000751E8  3255 0001:000751FB  3257 0001:00075206  3258 0001:0007520B
  3260 0001:00075210  3262 0001:00075217  3263 0001:0007522D  3265 0001:00075239
  3266 0001:0007523E  3268 0001:00075243  3270 0001:0007524A  3271 0001:00075260
  3273 0001:0007526C  3274 0001:00075271  3276 0001:00075276  3278 0001:0007527D
  3279 0001:00075290  3281 0001:00075299  3282 0001:0007529E  3284 0001:000752A3
  3286 0001:000752AA  3287 0001:000752C0  3289 0001:000752CE  3290 0001:000752D3
  3292 0001:000752D5  3294 0001:000752DC  3295 0001:000752F2  3297 0001:00075300
  3298 0001:00075305  3300 0001:00075307  3302 0001:0007530E  3303 0001:00075324
  3305 0001:00075332  3306 0001:00075337  3308 0001:00075339  3309 0001:00075340
  3310 0001:00075347  3311 0001:00075349  3316 0001:000754DC  3317 0001:000754E0
  3318 0001:000754F3  3319 0001:000754FF  3321 0001:0007550B  3322 0001:0007551E
  3323 0001:0007552A  3325 0001:00075536  3326 0001:00075549  3327 0001:00075555
  3329 0001:00075561  3330 0001:00075574  3331 0001:00075580  3333 0001:0007558C
  3334 0001:0007559F  3335 0001:000755AB  3337 0001:000755B7  3338 0001:000755CA
  3339 0001:000755D6  3341 0001:000755E2  3342 0001:000755F5  3343 0001:00075601
  3345 0001:0007560D  3346 0001:00075620  3347 0001:0007562C  3349 0001:00075638
  3350 0001:0007564B  3351 0001:00075657  3352 0001:00075663  3357 0001:000756FC
  3358 0001:00075700  3359 0001:00075713  3360 0001:0007571F  3362 0001:0007572B
  3363 0001:0007573E  3364 0001:0007574A  3366 0001:00075756  3367 0001:00075769
  3368 0001:00075775  3370 0001:00075781  3371 0001:00075794  3372 0001:000757A0
  3374 0001:000757AC  3375 0001:000757BF  3376 0001:000757CB  3378 0001:000757D7
  3379 0001:000757EA  3380 0001:000757F6  3382 0001:00075802  3383 0001:00075815
  3384 0001:00075821  3386 0001:0007582D  3387 0001:00075840  3388 0001:0007584C
  3389 0001:00075858  3394 0001:000758DC  3395 0001:000758E0  3396 0001:000758F3
  3397 0001:000758FF  3399 0001:0007590B  3400 0001:0007591E  3401 0001:0007592A
  3403 0001:00075936  3404 0001:00075949  3405 0001:00075955  3407 0001:00075961
  3408 0001:00075974  3409 0001:00075980  3411 0001:0007598C  3412 0001:0007599F
  3413 0001:000759AB  3415 0001:000759B7  3416 0001:000759CA  3417 0001:000759D6
  3418 0001:000759E2  3423 0001:00075A5C  3424 0001:00075A5F  3425 0001:00075A6A
  3426 0001:00075A7B  3431 0001:00075A80  3432 0001:00075A84  3433 0001:00075A97
  3434 0001:00075AA3  3436 0001:00075AAF  3437 0001:00075AC2  3438 0001:00075ACE
  3440 0001:00075ADA  3441 0001:00075AED  3442 0001:00075AF9  3444 0001:00075B05
  3445 0001:00075B18  3446 0001:00075B24  3448 0001:00075B30  3449 0001:00075B43
  3450 0001:00075B4F  3452 0001:00075B5B  3453 0001:00075B6E  3454 0001:00075B7A
  3456 0001:00075B86  3457 0001:00075B99  3458 0001:00075BA5  3460 0001:00075BB1
  3461 0001:00075BC4  3462 0001:00075BD0  3464 0001:00075BDC  3465 0001:00075BEF
  3466 0001:00075BFB  3467 0001:00075C07  3470 0001:00075CAC  3471 0001:00075CCE
  3472 0001:00075CEF  3473 0001:00075D0F  3474 0001:00075D2B  3475 0001:00075D4C
  3477 0001:00075D56  3479 0001:00075D68  3481 0001:00075D6B  3485 0001:00075D7D
  3487 0001:00075D8D  3488 0001:00075DAE  3490 0001:00075DB7  3494 0001:00075DC9
  3496 0001:00075DD9  3497 0001:00075DF5  3499 0001:00075DFE  3503 0001:00075E10
  3505 0001:00075E42  3510 0001:00075E48  3511 0001:00075E6F  3512 0001:00075E8F
  3513 0001:00075E9A  3515 0001:00075EA3  3516 0001:00075EAD  3518 0001:00075EBB
  3519 0001:00075ECF  3520 0001:00075EF7  3523 0001:00075F0C  3524 0001:00075F12
  3525 0001:00075F1E  3527 0001:00075F27  3528 0001:00075F39  3530 0001:00075F42
  3531 0001:00075F4C  3532 0001:00075F4E  3535 0001:00075F50  3536 0001:00075F62
  3538 0001:00075F6B  3539 0001:00075F75  3540 0001:00075F77  3543 0001:00075F79
  3544 0001:00075F8B  3546 0001:00075F94  3547 0001:00075F9E  3548 0001:00075FA0
  3551 0001:00075FA2  3552 0001:00075FB4  3554 0001:00075FBD  3555 0001:00075FC7
  3556 0001:00075FC9  3559 0001:00075FCB  3560 0001:00075FDD  3562 0001:00075FE6
  3563 0001:00075FF0  3564 0001:00075FF2  3567 0001:00075FF4  3568 0001:00076006
  3570 0001:0007600F  3571 0001:00076019  3572 0001:0007601B  3575 0001:0007601D
  3576 0001:0007602F  3578 0001:00076038  3579 0001:00076042  3580 0001:00076044
  3583 0001:00076046  3584 0001:00076058  3586 0001:00076061  3587 0001:0007606B
  3588 0001:0007606D  3591 0001:0007606F  3592 0001:00076081  3594 0001:0007608A
  3595 0001:00076094  3596 0001:00076096  3599 0001:00076098  3600 0001:000760AA
  3602 0001:000760B3  3603 0001:000760BD  3604 0001:000760BF  3607 0001:000760C1
  3608 0001:000760D3  3610 0001:000760DC  3611 0001:000760E6  3612 0001:000760E8
  3615 0001:000760EA  3616 0001:000760FC  3618 0001:00076105  3619 0001:0007610F
  3620 0001:00076111  3623 0001:00076113  3624 0001:00076125  3626 0001:0007612E
  3627 0001:00076138  3628 0001:0007613A  3631 0001:0007613C  3632 0001:0007614E
  3634 0001:00076157  3635 0001:00076161  3636 0001:00076163  3639 0001:00076165
  3640 0001:00076167  3647 0001:000764D8  3648 0001:00076507  3649 0001:00076515
  3650 0001:0007651C  3651 0001:00076526  3652 0001:0007652B  3653 0001:00076533
  3654 0001:0007653D  3655 0001:0007654F  3656 0001:00076561  3657 0001:00076568
  3659 0001:00076573  3660 0001:00076580  3663 0001:00076588  3665 0001:00076593
  3666 0001:000765A0  3669 0001:000765A8  3670 0001:000765AF  3671 0001:000765B6
  3672 0001:000765BD  3673 0001:000765C4  3674 0001:000765CB  3675 0001:000765D2
  3676 0001:000765E1  3678 0001:000765E5  3679 0001:000765E7  3681 0001:000765EC
  3687 0001:00076618  3689 0001:0007661C  3691 0001:00076660  3692 0001:0007666A
  3693 0001:00076677  3694 0001:00076679  3698 0001:0007667E  3699 0001:000766BB
  3702 0001:000766C8  3703 0001:000766E1  3705 0001:000766E5  3707 0001:00076729
  3708 0001:00076733  3709 0001:00076740  3710 0001:00076742  3714 0001:00076744
  3715 0001:00076781  3718 0001:0007678E  3719 0001:0007679F  3721 0001:000767DA
  3725 0001:0007695C  3726 0001:00076961  3731 0001:00076964  3732 0001:00076968
  3734 0001:0007696D  3735 0001:00076972  3736 0001:00076979  3738 0001:00076980
  3739 0001:0007698D  3740 0001:00076998  3743 0001:0007699C  3744 0001:000769C3
  3745 0001:000769FE  3746 0001:00076A1A  3747 0001:00076A36  3748 0001:00076A71
  3750 0001:00076A83  3752 0001:00076A8B  3754 0001:00076A9D  3756 0001:00076AA7
  3758 0001:00076AB9  3760 0001:00076AC3  3762 0001:00076AFE  3764 0001:00076B10
  3768 0001:00076B1C  3770 0001:00076B24  3772 0001:00076B40  3774 0001:00076B52
  3778 0001:00076B5E  3780 0001:00076B88  3785 0001:00076B90  3786 0001:00076BAF
  3789 0001:00076BBF  3792 0001:00076BD3  3793 0001:00076BFB  3794 0001:00076C13
  3795 0001:00076C2B  3797 0001:00076C53  3798 0001:00076C6B  3800 0001:00076C93
  3801 0001:00076CAB  3802 0001:00076CC3  3804 0001:00076CDB  3805 0001:00076D04
  3811 0001:00076DEC  3812 0001:00076DF4  3814 0001:00076DFF  3816 0001:00076E05
  3818 0001:00076E10  3820 0001:00076E17  3822 0001:00076E25  3824 0001:00076E2C
  3827 0001:00076E38  3829 0001:00076E47  3812 0001:00076E4A  3831 0001:00076E4D
  3833 0001:00076E55  3834 0001:00076E5D  3836 0001:00076E65  3837 0001:00076E6D
  3839 0001:00076E75  3840 0001:00076E7D  3842 0001:00076E85  3843 0001:00076E8D
  3844 0001:00076E95  3845 0001:00076E9D  3851 0001:00076EA4  3852 0001:00076EC5
  3853 0001:00076ED9  3854 0001:00076EEF  3855 0001:00076EFB  3857 0001:00076F00
  3855 0001:00076F0A  3860 0001:00076F0D  3862 0001:00076F1A  3863 0001:00076F30
  3864 0001:00076F45  3866 0001:00076F4A  3864 0001:00076F54  3868 0001:00076F57
  3860 0001:00076F5A  3869 0001:00076F7A  3876 0001:00076F94  3877 0001:00076FB5
  3878 0001:00076FCC  3880 0001:00076FDB  3881 0001:00076FF1  3882 0001:00077009
  3884 0001:0007700E  3882 0001:00077018  3886 0001:0007701B  3878 0001:0007701E
  3887 0001:0007703E  3894 0001:00077048  3895 0001:00077069  3896 0001:00077080
  3898 0001:0007708F  3899 0001:000770A5  3900 0001:000770BD  3902 0001:000770C2
  3900 0001:000770CC  3904 0001:000770CF  3896 0001:000770D2  3905 0001:000770F2
  3912 0001:000770FC  3913 0001:0007711D  3914 0001:00077134  3916 0001:00077143
  3917 0001:00077159  3918 0001:00077171  3920 0001:00077176  3918 0001:00077180
  3922 0001:00077183  3914 0001:00077186  3923 0001:000771A6  3927 0001:000771B0
  3928 0001:000771B3  3929 0001:000771B8  3939 0001:000771BC  3943 0001:000771DE
  3944 0001:000771E3  3945 0001:000771F0  3947 0001:000771F8  3948 0001:0007720B
  3949 0001:0007721E  3950 0001:0007722F  3951 0001:00077240  3952 0001:0007725E
  3954 0001:0007727C  3955 0001:0007728A  3956 0001:00077296  3959 0001:000772A4
  3961 0001:000772B2  3962 0001:000772BD  3963 0001:000772CB  3964 0001:000772D7
  3965 0001:000772E1  3966 0001:000772EC  3970 0001:000772F6  3971 0001:00077300
  3974 0001:00077305  3975 0001:00077325  3977 0001:00077329  3978 0001:00077330
  3979 0001:0007733D  3980 0001:0007734A  3981 0001:00077363  3982 0001:0007737F
  3983 0001:00077386  3987 0001:00077391  3988 0001:000773AB  3992 0001:000773DA
  4001 0001:0007744C  4002 0001:00077468  4004 0001:00077477  4005 0001:0007747B
  4006 0001:0007747F  4007 0001:00077483  4008 0001:00077487  4009 0001:0007748B
  4010 0001:0007748F  4012 0001:00077493  4013 0001:00077497  4015 0001:000774B0
  4016 0001:000774B2  4018 0001:000774B6  4020 0001:000774CB  4021 0001:000774E5
  4022 0001:0007750F  4026 0001:00077538  4033 0001:0007755C  4034 0001:0007755E
  4038 0001:0007755F  4041 0001:00077561  4049 0001:00077564  4052 0001:00077585
  4054 0001:00077592  4055 0001:000775A6  4057 0001:000775B2  4058 0001:000775B9
  4060 0001:000775C1  4062 0001:000775C9  4063 0001:000775CC  4065 0001:000775D1
  4066 0001:000775DE  4067 0001:000775E9  4069 0001:000775FC  4070 0001:0007760A
  4071 0001:0007760C  4073 0001:00077611  4074 0001:00077614  4077 0001:00077619
  4079 0001:00077622  4082 0001:00077629  4084 0001:00077636  4086 0001:00077642
  4087 0001:0007764E  4088 0001:0007765C  4089 0001:00077669  4090 0001:00077674
  4092 0001:00077687  4093 0001:00077693  4094 0001:00077699  4095 0001:000776AC
  4096 0001:000776AE  4098 0001:000776B0  4084 0001:000776C3  4101 0001:000776CA
  4102 0001:000776EC  4108 0001:000776F4  4109 0001:000776F9  4111 0001:00077702
  4113 0001:0007770F  4114 0001:00077716  4111 0001:00077717  4116 0001:0007771A
  4120 0001:00077720  4121 0001:00077723  4122 0001:00077728  4126 0001:0007772C
  4127 0001:0007772F  4128 0001:00077734  4137 0001:00077738  4141 0001:0007773C
  4143 0001:00077753  4144 0001:0007775D  4147 0001:00077762  4148 0001:00077777
  4150 0001:00077783  4151 0001:0007778D  4153 0001:00077792  4154 0001:00077799
  4155 0001:000777A4  4156 0001:000777AB  4158 0001:000777B5  4159 0001:000777BC
  4161 0001:000777CE  4162 0001:000777D4  4164 0001:000777DD  4166 0001:000777E4
  4167 0001:000777EA  4169 0001:000777F3  4170 0001:00077802  4171 0001:00077808
  4159 0001:00077809  4174 0001:0007780C  4176 0001:00077819  4177 0001:00077820
  4179 0001:00077832  4181 0001:0007783B  4182 0001:0007784A  4183 0001:0007784D
  4177 0001:0007784E  4185 0001:00077851  4187 0001:000778E0  4187 0001:000778E7

Line numbers for Dial(D:\Program Files\Borland\Delphi7\Projects\Dial&Demo ±ê×¼°æ\Dial&Demo\XMS_Dial\Dial.dpr) segment .text

    10 0001:00077AF8    11 0001:00077B08    12 0001:00077B14    13 0001:00077B2C
    14 0001:00077B38

Bound resource files

d:\program files\borland\delphi7\Lib\Buttons.res
d:\program files\borland\delphi7\Lib\ExtDlgs.res
d:\program files\borland\delphi7\Lib\Controls.res
DJDial.dfm
Dial.res
Dial.drf


Program entry point at 0001:00077AF8
