
 Start         Length     Name                   Class
 0001:00000000 000774CCH .text                   CODE
 0002:00000000 000014B4H .data                   DATA
 0002:000014B4 0000BA51H .bss                    BSS


Detailed map of segments

 0001:00000000 00004E2F C=CODE     S=.text    G=(none)   M=System   ACBP=A9
 0001:00004E30 00000140 C=CODE     S=.text    G=(none)   M=SysInit  ACBP=A9
 0001:00004F70 000000BC C=CODE     S=.text    G=(none)   M=Types    ACBP=A9
 0001:0000502C 00000CF8 C=CODE     S=.text    G=(none)   M=Windows  ACBP=A9
 0001:00005D24 00000038 C=CODE     S=.text    G=(none)   M=Messages ACBP=A9
 0001:00005D5C 00000338 C=CODE     S=.text    G=(none)   M=SysConst ACBP=A9
 0001:00006094 00006760 C=CODE     S=.text    G=(none)   M=SysUtils ACBP=A9
 0001:0000C7F4 000007FB C=CODE     S=.text    G=(none)   M=VarUtils ACBP=A9
 0001:0000CFF0 000066BA C=CODE     S=.text    G=(none)   M=Variants ACBP=A9
 0001:000136AC 00000130 C=CODE     S=.text    G=(none)   M=RTLConsts ACBP=A9
 0001:000137DC 00000DB0 C=CODE     S=.text    G=(none)   M=TypInfo  ACBP=A9
 0001:0001458C 00000058 C=CODE     S=.text    G=(none)   M=ActiveX  ACBP=A9
 0001:000145E4 0000C766 C=CODE     S=.text    G=(none)   M=Classes  ACBP=A9
 0001:00020D4C 000002E0 C=CODE     S=.text    G=(none)   M=Consts   ACBP=A9
 0001:0002102C 00008E0F C=CODE     S=.text    G=(none)   M=Graphics ACBP=A9
 0001:00029E3C 00000048 C=CODE     S=.text    G=(none)   M=Math     ACBP=A9
 0001:00029E84 000002B8 C=CODE     S=.text    G=(none)   M=Contnrs  ACBP=A9
 0001:0002A13C 000005C0 C=CODE     S=.text    G=(none)   M=CommCtrl ACBP=A9
 0001:0002A6FC 00000787 C=CODE     S=.text    G=(none)   M=MultiMon ACBP=A9
 0001:0002AE84 00000038 C=CODE     S=.text    G=(none)   M=Imm      ACBP=A9
 0001:0002AEBC 00000FF8 C=CODE     S=.text    G=(none)   M=HelpIntfs ACBP=A9
 0001:0002BEB4 00000038 C=CODE     S=.text    G=(none)   M=WinSpool ACBP=A9
 0001:0002BEEC 00000044 C=CODE     S=.text    G=(none)   M=Printers ACBP=A9
 0001:0002BF30 0000031F C=CODE     S=.text    G=(none)   M=FlatSB   ACBP=A9
 0001:0002C250 000001A4 C=CODE     S=.text    G=(none)   M=SyncObjs ACBP=A9
 0001:0002C3F4 000009BB C=CODE     S=.text    G=(none)   M=UxTheme  ACBP=A9
 0001:0002CDB0 00000038 C=CODE     S=.text    G=(none)   M=RichEdit ACBP=A9
 0001:0002CDE8 00000038 C=CODE     S=.text    G=(none)   M=ToolWin  ACBP=A9
 0001:0002CE20 00000038 C=CODE     S=.text    G=(none)   M=ShellAPI ACBP=A9
 0001:0002CE58 00000038 C=CODE     S=.text    G=(none)   M=RegStr   ACBP=A9
 0001:0002CE90 00000038 C=CODE     S=.text    G=(none)   M=WinInet  ACBP=A9
 0001:0002CEC8 00000038 C=CODE     S=.text    G=(none)   M=UrlMon   ACBP=A9
 0001:0002CF00 0000006C C=CODE     S=.text    G=(none)   M=ShlObj   ACBP=A9
 0001:0002CF6C 00000038 C=CODE     S=.text    G=(none)   M=CommDlg  ACBP=A9
 0001:0002CFA4 00000038 C=CODE     S=.text    G=(none)   M=Dlgs     ACBP=A9
 0001:0002CFDC 0000130D C=CODE     S=.text    G=(none)   M=Dialogs  ACBP=A9
 0001:0002E2EC 0000241E C=CODE     S=.text    G=(none)   M=ExtCtrls ACBP=A9
 0001:0003070C 00000048 C=CODE     S=.text    G=(none)   M=ComStrs  ACBP=A9
 0001:00030754 00000094 C=CODE     S=.text    G=(none)   M=Clipbrd  ACBP=A9
 0001:000307E8 00000038 C=CODE     S=.text    G=(none)   M=StrUtils ACBP=A9
 0001:00030820 000000F5 C=CODE     S=.text    G=(none)   M=Buttons  ACBP=A9
 0001:00030918 00000038 C=CODE     S=.text    G=(none)   M=ExtDlgs  ACBP=A9
 0001:00030950 00001014 C=CODE     S=.text    G=(none)   M=IniFiles ACBP=A9
 0001:00031964 00000068 C=CODE     S=.text    G=(none)   M=Registry ACBP=A9
 0001:000319CC 0000006C C=CODE     S=.text    G=(none)   M=Mapi     ACBP=A9
 0001:00031A38 00000058 C=CODE     S=.text    G=(none)   M=ExtActns ACBP=A9
 0001:00031A90 00001C44 C=CODE     S=.text    G=(none)   M=ListActns ACBP=A9
 0001:000336D4 0000A15C C=CODE     S=.text    G=(none)   M=ComCtrls ACBP=A9
 0001:0003D830 00000AF4 C=CODE     S=.text    G=(none)   M=Themes   ACBP=A9
 0001:0003E324 0000953C C=CODE     S=.text    G=(none)   M=StdCtrls ACBP=A9
 0001:00047860 00000168 C=CODE     S=.text    G=(none)   M=StdActns ACBP=A9
 0001:000479C8 00000D1F C=CODE     S=.text    G=(none)   M=WinHelpViewer ACBP=A9
 0001:000486E8 0001100B C=CODE     S=.text    G=(none)   M=Controls ACBP=A9
 0001:000596F4 00001326 C=CODE     S=.text    G=(none)   M=ActnList ACBP=A9
 0001:0005AA1C 00001738 C=CODE     S=.text    G=(none)   M=ImgList  ACBP=A9
 0001:0005C154 00006639 C=CODE     S=.text    G=(none)   M=Menus    ACBP=A9
 0001:00062790 0000C424 C=CODE     S=.text    G=(none)   M=Forms    ACBP=A9
 0001:0006EBB4 00000068 C=CODE     S=.text    G=(none)   M=GlobalVal ACBP=A9
 0001:0006EC1C 00008658 C=CODE     S=.text    G=(none)   M=DJDemo   ACBP=A9
 0001:00077274 00000255 C=CODE     S=.text    G=(none)   M=Demo     ACBP=A9
 0002:00000000 0000009C C=DATA     S=.data    G=DGROUP   M=System   ACBP=A9
 0002:0000009C 00000020 C=DATA     S=.data    G=DGROUP   M=SysInit  ACBP=A9
 0002:000000BC 00000254 C=DATA     S=.data    G=DGROUP   M=SysUtils ACBP=A9
 0002:00000310 00000008 C=DATA     S=.data    G=DGROUP   M=VarUtils ACBP=A9
 0002:00000318 00000136 C=DATA     S=.data    G=DGROUP   M=Variants ACBP=A9
 0002:00000450 0000000C C=DATA     S=.data    G=DGROUP   M=TypInfo  ACBP=A9
 0002:0000045C 000000E4 C=DATA     S=.data    G=DGROUP   M=Classes  ACBP=A9
 0002:00000540 00000304 C=DATA     S=.data    G=DGROUP   M=Graphics ACBP=A9
 0002:00000844 00000004 C=DATA     S=.data    G=DGROUP   M=Printers ACBP=A9
 0002:00000848 00000010 C=DATA     S=.data    G=DGROUP   M=ShlObj   ACBP=A9
 0002:00000858 000000B4 C=DATA     S=.data    G=DGROUP   M=Dialogs  ACBP=A9
 0002:0000090C 0000018C C=DATA     S=.data    G=DGROUP   M=ExtCtrls ACBP=A9
 0002:00000A98 0000002C C=DATA     S=.data    G=DGROUP   M=Buttons  ACBP=A9
 0002:00000AC4 00000008 C=DATA     S=.data    G=DGROUP   M=IniFiles ACBP=A9
 0002:00000ACC 00000008 C=DATA     S=.data    G=DGROUP   M=Registry ACBP=A9
 0002:00000AD4 00000008 C=DATA     S=.data    G=DGROUP   M=Mapi     ACBP=A9
 0002:00000ADC 000000F4 C=DATA     S=.data    G=DGROUP   M=ComCtrls ACBP=A9
 0002:00000BD0 00000068 C=DATA     S=.data    G=DGROUP   M=Themes   ACBP=A9
 0002:00000C38 000000C0 C=DATA     S=.data    G=DGROUP   M=StdCtrls ACBP=A9
 0002:00000CF8 0000013C C=DATA     S=.data    G=DGROUP   M=Controls ACBP=A9
 0002:00000E34 00000020 C=DATA     S=.data    G=DGROUP   M=ImgList  ACBP=A9
 0002:00000E54 000000EC C=DATA     S=.data    G=DGROUP   M=Menus    ACBP=A9
 0002:00000F40 0000011C C=DATA     S=.data    G=DGROUP   M=Forms    ACBP=A9
 0002:00002000 00000660 C=BSS      S=.bss     G=DGROUP   M=System   ACBP=A9
 0002:00002660 00000010 C=BSS      S=.bss     G=DGROUP   M=SysInit  ACBP=A9
 0002:00002670 00000004 C=BSS      S=.bss     G=DGROUP   M=Types    ACBP=A9
 0002:00002674 00000004 C=BSS      S=.bss     G=DGROUP   M=Windows  ACBP=A9
 0002:00002678 00000004 C=BSS      S=.bss     G=DGROUP   M=Messages ACBP=A9
 0002:0000267C 00000004 C=BSS      S=.bss     G=DGROUP   M=SysConst ACBP=A9
 0002:00002680 00000120 C=BSS      S=.bss     G=DGROUP   M=SysUtils ACBP=A9
 0002:000027A0 0000005C C=BSS      S=.bss     G=DGROUP   M=VarUtils ACBP=A9
 0002:000027FC 00000040 C=BSS      S=.bss     G=DGROUP   M=Variants ACBP=A9
 0002:0000283C 00000004 C=BSS      S=.bss     G=DGROUP   M=RTLConsts ACBP=A9
 0002:00002840 00000004 C=BSS      S=.bss     G=DGROUP   M=TypInfo  ACBP=A9
 0002:00002844 00000004 C=BSS      S=.bss     G=DGROUP   M=ActiveX  ACBP=A9
 0002:00002848 00000040 C=BSS      S=.bss     G=DGROUP   M=Classes  ACBP=A9
 0002:00002888 00000004 C=BSS      S=.bss     G=DGROUP   M=Consts   ACBP=A9
 0002:0000288C 00000060 C=BSS      S=.bss     G=DGROUP   M=Graphics ACBP=A9
 0002:000028EC 00000004 C=BSS      S=.bss     G=DGROUP   M=Math     ACBP=A9
 0002:000028F0 00000004 C=BSS      S=.bss     G=DGROUP   M=Contnrs  ACBP=A9
 0002:000028F4 0000000C C=BSS      S=.bss     G=DGROUP   M=CommCtrl ACBP=A9
 0002:00002900 00000031 C=BSS      S=.bss     G=DGROUP   M=MultiMon ACBP=A9
 0002:00002934 00000004 C=BSS      S=.bss     G=DGROUP   M=Imm      ACBP=A9
 0002:00002938 00000008 C=BSS      S=.bss     G=DGROUP   M=HelpIntfs ACBP=A9
 0002:00002940 00000004 C=BSS      S=.bss     G=DGROUP   M=WinSpool ACBP=A9
 0002:00002944 00000004 C=BSS      S=.bss     G=DGROUP   M=Printers ACBP=A9
 0002:00002948 00000034 C=BSS      S=.bss     G=DGROUP   M=FlatSB   ACBP=A9
 0002:0000297C 00000004 C=BSS      S=.bss     G=DGROUP   M=SyncObjs ACBP=A9
 0002:00002980 000000CC C=BSS      S=.bss     G=DGROUP   M=UxTheme  ACBP=A9
 0002:00002A4C 00000004 C=BSS      S=.bss     G=DGROUP   M=RichEdit ACBP=A9
 0002:00002A50 00000004 C=BSS      S=.bss     G=DGROUP   M=ToolWin  ACBP=A9
 0002:00002A54 00000004 C=BSS      S=.bss     G=DGROUP   M=ShellAPI ACBP=A9
 0002:00002A58 00000004 C=BSS      S=.bss     G=DGROUP   M=RegStr   ACBP=A9
 0002:00002A5C 00000004 C=BSS      S=.bss     G=DGROUP   M=WinInet  ACBP=A9
 0002:00002A60 00000004 C=BSS      S=.bss     G=DGROUP   M=UrlMon   ACBP=A9
 0002:00002A64 00000004 C=BSS      S=.bss     G=DGROUP   M=ShlObj   ACBP=A9
 0002:00002A68 00000004 C=BSS      S=.bss     G=DGROUP   M=CommDlg  ACBP=A9
 0002:00002A6C 00000004 C=BSS      S=.bss     G=DGROUP   M=Dlgs     ACBP=A9
 0002:00002A70 00000038 C=BSS      S=.bss     G=DGROUP   M=Dialogs  ACBP=A9
 0002:00002AA8 00000004 C=BSS      S=.bss     G=DGROUP   M=ExtCtrls ACBP=A9
 0002:00002AAC 00000004 C=BSS      S=.bss     G=DGROUP   M=ComStrs  ACBP=A9
 0002:00002AB0 0000000C C=BSS      S=.bss     G=DGROUP   M=Clipbrd  ACBP=A9
 0002:00002ABC 00000004 C=BSS      S=.bss     G=DGROUP   M=StrUtils ACBP=A9
 0002:00002AC0 00000030 C=BSS      S=.bss     G=DGROUP   M=Buttons  ACBP=A9
 0002:00002AF0 00000004 C=BSS      S=.bss     G=DGROUP   M=ExtDlgs  ACBP=A9
 0002:00002AF4 00000004 C=BSS      S=.bss     G=DGROUP   M=IniFiles ACBP=A9
 0002:00002AF8 00000004 C=BSS      S=.bss     G=DGROUP   M=Registry ACBP=A9
 0002:00002AFC 00000004 C=BSS      S=.bss     G=DGROUP   M=Mapi     ACBP=A9
 0002:00002B00 00000009 C=BSS      S=.bss     G=DGROUP   M=ExtActns ACBP=A9
 0002:00002B0C 00000004 C=BSS      S=.bss     G=DGROUP   M=ListActns ACBP=A9
 0002:00002B10 00000015 C=BSS      S=.bss     G=DGROUP   M=ComCtrls ACBP=A9
 0002:00002B28 00000008 C=BSS      S=.bss     G=DGROUP   M=Themes   ACBP=A9
 0002:00002B30 00000004 C=BSS      S=.bss     G=DGROUP   M=StdCtrls ACBP=A9
 0002:00002B34 00000004 C=BSS      S=.bss     G=DGROUP   M=StdActns ACBP=A9
 0002:00002B38 00000014 C=BSS      S=.bss     G=DGROUP   M=WinHelpViewer ACBP=A9
 0002:00002B4C 00000080 C=BSS      S=.bss     G=DGROUP   M=Controls ACBP=A9
 0002:00002BCC 00000004 C=BSS      S=.bss     G=DGROUP   M=ActnList ACBP=A9
 0002:00002BD0 0000000C C=BSS      S=.bss     G=DGROUP   M=ImgList  ACBP=A9
 0002:00002BDC 00000010 C=BSS      S=.bss     G=DGROUP   M=Menus    ACBP=A9
 0002:00002BEC 00000020 C=BSS      S=.bss     G=DGROUP   M=Forms    ACBP=A9
 0002:00002C0C 00000004 C=BSS      S=.bss     G=DGROUP   M=GlobalVal ACBP=A9
 0002:00002C10 0000AE40 C=BSS      S=.bss     G=DGROUP   M=DJDemo   ACBP=A9


  Address         Publics by Name

 0002:00002A54       .1
 0002:00002A5C       .1
 0002:00002A60       .1
 0002:0000283C       .1
 0002:00002ABC       .1
 0002:00002A64       .1
 0002:00002A4C       .1
 0002:00002670       .1
 0002:00002A68       .1
 0002:000028F4       .1
 0002:00002B40       .1
 0002:00002668       .1
 0002:00002888       .1
 0002:00002A3C       .1
 0002:00002AAC       .1
 0002:00002920       .1
 0002:00002A6C       .1
 0002:00002934       .1
 0002:00002968       .1
 0002:00002C0C       .1
 0002:00002A58       .1
 0002:00002678       .1
 0002:00002AFC       .1
 0002:0000267C       .1
 0002:00002A70       .11
 0002:00002AA8       .12
 0002:00002890       .12
 0002:00002938       .2
 0002:00002AB4       .2
 0002:0000DA4C       .2
 0002:00002B28       .2
 0002:000028EC       .2
 0002:000028F0       .21
 0002:00002674       .3
 0002:00002844       .3
 0002:00002AF0       .3
 0002:00002944       .3
 0002:00002940       .3
 0002:00002BD0       .3
 0002:00002790       .35
 0002:00002B10       .36
 0002:00002A50       .4
 0002:00002AC0       .4
 0002:00002BF4       .41
 0002:00002B30       .42
 0002:00002854       .45
 0002:00002AF8       .5
 0002:000027F8       .5
 0002:000025B8       .5
 0002:0000297C       .6
 0002:00002840       .6
 0002:00002B00       .72
 0002:00002B54       .72
 0002:00002B34       .73
 0002:00002B0C       .8
 0002:00002AF4       .8
 0002:00002BCC       .8
 0002:0000281C       .81
 0002:00002BE4       .9
 0001:0000195C       @AbstractError
 0001:000024DC       @AfterConstruction
 0001:000022D0       @AsClass
 0001:00001AC4       @AStrCmp
 0001:000024EC       @BeforeDestruction
 0001:00002060       @BoundErr
 0001:0000231C       @CallDynaInst
 0001:00002484       @ClassCreate
 0001:000024D4       @ClassDestroy
 0001:000019CC       @Close
 0001:00001864       @Copy
 0001:00003B90       @CopyArray
 0001:00003A74       @CopyRecord
 0001:00003CA8       @DispCallByIDError
 0001:0000DBD0       @DispInvokeError
 0001:00003C98       @Dispose
 0001:00002968       @DoneExcept
 0001:00004108       @DynArrayAsg
 0001:000040CC       @DynArrayClear
 0001:00003F0C       @DynArrayHigh
 0001:00003F04       @DynArrayLength
 0001:000040C0       @DynArraySetLength
 0001:00002A50       @ExceptionHandler
 0001:00001B34       @FillChar
 0001:00003A50       @Finalize
 0001:00003964       @FinalizeArray
 0001:00003918       @FinalizeRecord
 0001:00002334       @FindDynaInst
 0001:00002054       @FpuInit
 0001:00001F90       @FpuMaskInit
 0001:000016EC       @FreeMem
 0001:000016CC       @GetMem
 0001:00004EA8       @GetTls
 0001:00002E98       @Halt
 0001:00002DC0       @Halt0
 0001:00002600       @HandleAnyException
 0001:000028B4       @HandleFinally
 0001:0000272C       @HandleOnException
 0001:00004EF4       @InitExe
 0001:0000390C       @Initialize
 0001:00003878       @InitializeArray
 0001:00003848       @InitializeRecord
 0001:00002C84       @InitImports
 0001:00002C5C       @InitResStringImports
 0001:00002C38       @InitResStrings
 0001:000047EC       @IntfAddRef
 0001:000047BC       @IntfCast
 0001:00004778       @IntfClear
 0001:00004790       @IntfCopy
 0001:000022AC       @IsClass
 0001:00001F60       @isNECWindows
 0001:00003360       @LStrAddRef
 0001:00002ED4       @LStrArrayClr
 0001:00002F04       @LStrAsg
 0001:00003178       @LStrCat
 0001:000031BC       @LStrCat3
 0001:00003230       @LStrCatN
 0001:00002EB0       @LStrClr
 0001:000032BC       @LStrCmp
 0001:000033D0       @LStrCopy
 0001:00003410       @LStrDelete
 0001:00003120       @LStrFromArray
 0001:00003098       @LStrFromChar
 0001:000030A8       @LStrFromPChar
 0001:00002FA0       @LStrFromPCharLen
 0001:000030D8       @LStrFromPWChar
 0001:0000300C       @LStrFromPWCharLen
 0001:00003114       @LStrFromString
 0001:00003138       @LStrFromWStr
 0001:00003458       @LStrInsert
 0001:00002F48       @LStrLAsg
 0001:00003170       @LStrLen
 0001:00003560       @LStrOfChar
 0001:000034B4       @LStrPos
 0001:000034FC       @LStrSetLength
 0001:00003370       @LStrToPChar
 0001:0000314C       @LStrToString
 0001:00003C84       @New
 0001:00002F74       @NewAnsiString
 0001:00003594       @NewWideString
 0001:00001C74       @Pow10
 0001:00001A40       @PStrCmp
 0001:00001A24       @PStrNCpy
 0001:00002914       @RaiseAgain
 0001:000028EC       @RaiseExcept
 0001:0000170C       @ReallocMem
 0001:0000192C       @ROUND
 0001:00002EA4       @RunError
 0001:00001C58       @SetEq
 0001:00002BF8       @StartExe
 0001:000002AC       @strlen
 0001:00001938       @TRUNC
 0001:00002998       @TryFinallyExit
 0001:000033C8       @UniqueStringA
 0001:00003CD4       @ValInt64
 0001:00001B54       @ValLong
 0001:00012C7C       @VarAddRef
 0001:0000E4B0       @VarCast
 0001:0000DEBC       @VarClear
 0001:0000394C       @VarClr
 0001:0000DED0       @VarClr
 0001:00013578       @VarCmpEQ
 0001:00003A5C       @VarCopy
 0001:0000E1E4       @VarCopy
 0001:0001221C       @VarFromBool
 0001:000120A8       @VarFromByte
 0001:0001226C       @VarFromCurr
 0001:000121C4       @VarFromCurrency
 0001:000121F0       @VarFromDate
 0001:00012310       @VarFromDisp
 0001:00012198       @VarFromDouble
 0001:0001204C       @VarFromInt
 0001:00012148       @VarFromInt64
 0001:00012088       @VarFromInteger
 0001:000122E4       @VarFromIntf
 0001:000120E8       @VarFromLongWord
 0001:00012280       @VarFromLStr
 0001:00012244       @VarFromReal
 0001:00012108       @VarFromShortInt
 0001:00012174       @VarFromSingle
 0001:00012128       @VarFromSmallInt
 0001:00012258       @VarFromTDateTime
 0001:000120C8       @VarFromWord
 0001:000122AC       @VarFromWStr
 0001:0000DC24       @VarNull
 0001:0000FC7C       @VarToBool
 0001:0000F934       @VarToBoolean
 0001:0000ED74       @VarToByte
 0001:00010B20       @VarToCurrency
 0001:000105B8       @VarToDate
 0001:00011FA0       @VarToDisp
 0001:0000FE48       @VarToDouble
 0001:0000F338       @VarToInt64
 0001:0000E874       @VarToInteger
 0001:00011ED4       @VarToIntf
 0001:0000EFEC       @VarToLongWord
 0001:000111D4       @VarToLStr
 0001:000101C4       @VarToReal
 0001:0000ECC4       @VarToShortInt
 0001:000101E0       @VarToSingle
 0001:0000EE1C       @VarToSmallInt
 0001:0000EF14       @VarToWord
 0001:000118FC       @VarToWStr
 0001:000035D4       @WStrArrayClr
 0001:000035F8       @WStrAsg
 0001:000035BC       @WStrClr
 0001:00003734       @WStrCmp
 0001:000037B8       @WStrCopy
 0001:00003708       @WStrFromLStr
 0001:0000361C       @WStrFromPCharLen
 0001:000036CC       @WStrFromPWChar
 0001:000036A8       @WStrFromPWCharLen
 0001:00003728       @WStrLen
 0001:00003804       @WStrSetLength
 0001:00003718       @WStrToPWChar
 0001:00001C34       @_CLenToPasStr
 0001:00001C28       @_CToPasStr
 0001:00001834       @_IOTest
 0001:00003CB0       @_llmul
 0001:0004B638       AbsMin
 0001:0000AA90       AbstractErrorHandler
 0002:00002028       AbstractErrorProc
 0002:00000140       AccessMode
 0001:0000179C       AcquireExceptionObject
 0001:00016C48       ActivateClassGroup
 0001:00005550       ActivateKeyboardLayout
 0002:00002B88       ActiveDrag
 0001:000145DC       ActiveX
 0001:0005A9F0       ActnList
 0001:000003D8       AddBlockAfter
 0002:0000045C       AddDataModule
 0001:00073254       AddDeviceRes
 0001:00073704       AddDeviceRes_Board
 0001:000732A0       AddDeviceRes_Pcm
 0001:000734D0       AddDeviceRes_Trunk
 0001:00073798       AddDeviceRes_Voice
 0001:00006CBC       AddExitProc
 0001:0001A7BC       AddFinished
 0001:0005DD88       AddIn
 0001:0000460C       AddModuleUnloadProc
 0001:0000461C       AddModuleUnloadProc
 0001:0001A7F4       AddNotFinished
 0001:0001B218       AddSubComponentsToLoaded
 0001:00024B04       AdjustColor
 0001:0002FF58       AdjustColors
 0001:00064DB4       Adjustment
 0001:00005558       AdjustWindowRectEx
 0002:00000F18       Alignments
 0002:00000F28       Alignments
 0002:00000914       Alignments
 0002:00000C40       Alignments
 0002:00000C94       Alignments
 0002:00000C84       Alignments
 0001:0006BCAC       AlignWork
 0001:00050CA4       AlignWork
 0001:00020B2C       AllocateHWnd
 0001:00006C70       AllocMem
 0002:000025B0       AllocMemCount
 0002:000025B4       AllocMemSize
 0001:00029C34       AllocPatternBitmap
 0001:00004E50       AllocTlsBuffer
 0001:0001DFA0       AncestorIsValid
 0002:00000D04       AnchorAlign
 0002:00000CF8       AnimateWindowProc
 0002:00000E00       AnimationStyle
 0001:00006E9C       AnsiCompareStr
 0001:00006ED4       AnsiCompareText
 0001:000074E4       AnsiLastChar
 0001:00005560       AnsiLower
 0001:00006E68       AnsiLowerCase
 0001:0000B3D0       AnsiLowerCaseFileName
 0001:0000B398       AnsiPos
 0001:0006259C       AnsiSameCaption
 0001:00006F0C       AnsiSameText
 0001:00006F24       AnsiStrLIComp
 0001:0000B45C       AnsiStrPos
 0001:0000B4FC       AnsiStrRScan
 0001:0000B524       AnsiStrScan
 0001:00004BEC       AnsiToUtf8
 0001:00006E34       AnsiUpperCase
 0001:00011E5C       AnyToIntf
 0001:00008984       AppendChars
 0001:00008D48       AppendFormat
 0001:000089E8       AppendNumber
 0001:000089C8       AppendString
 0002:00002BEC       Application
 0002:0000046C       ApplicationHandleException
 0002:00000474       ApplicationShowException
 0002:00001054       AppVisible
 0002:00000B24       Arrangements
 0001:0000AA74       AssertErrorHandler
 0002:00002020       AssertErrorProc
 0001:00013C54       AssignLongStr
 0001:000142D0       AssignVariant
 0002:00000B2C       AutoArrange
 0002:00002608       avail
 0001:00007620       BackfillGetDiskFreeSpaceEx
 0001:0004E1CC       BackgroundClipped
 0001:0000CA84       BackupVarBoolFromStr
 0001:0000CBE4       BackupVarBStrFromBool
 0001:0000CB04       BackupVarBStrFromCy
 0001:0000CB74       BackupVarBStrFromDate
 0001:0000CA18       BackupVarCyFromStr
 0001:0000C9AC       BackupVarDateFromStr
 0001:0000C868       BackupVarI4FromStr
 0001:0000C814       BackupVariantChangeTypeEx
 0001:0000C8D4       BackupVarR4FromStr
 0001:0000C940       BackupVarR8FromStr
 0002:00000330       BaseTypeMap
 0001:0000B068       Beep
 0001:0001701C       BeginGlobalLoading
 0001:00005568       BeginPaint
 0001:00024B10       BetterSize
 0001:0005EBFC       BiDiDraw
 0001:0001F738       BinToHex
 0001:00005330       BitBlt
 0002:00000A98       BitBtnCaptions
 0002:00002AC4       BitBtnGlyphs
 0002:000007F8       BitmapCanvasList
 0002:000028A8       BitmapImageLock
 0001:0000C850       BiUnimplemented
 0002:00000514       BlockCode
 0002:000025E0       blockDescBlockList
 0002:000025E4       blockDescFreeList
 0002:00000450       BooleanIdents
 0002:0000032C       BooleanToStringRule
 0001:0000737C       BoolToStr
 0001:00010F5C       BoolToWStrViaOS
 0002:00000C38       BorderStyles
 0002:0000090C       BorderStyles
 0002:00000B04       BorderStyles
 0001:00004FAC       Bounds
 0001:00015F44       Bounds
 0002:00000EC0       Breaks
 0002:000028E0       BrushManager
 0001:000613B0       BuildImage
 0002:000008B4       ButtonCaptions
 0002:00000888       ButtonNames
 0002:00000F3C       Buttons
 0001:000308F0       Buttons
 0002:00000C7C       ButtonStyles
 0002:00002A7C       ButtonWidths
 0001:000242F0       BytesPerScanline
 0001:00024648       ByteSwapColors
 0001:0000B14C       ByteToCharIndex
 0001:0000B124       ByteToCharLen
 0001:0000B0E8       ByteType
 0001:0000B070       ByteTypeTest
 0002:00002BD4       CachedComCtrlVer
 0001:00020A68       CalcJmpOffset
 0001:000589C8       CalcSplitterPos
 0001:00072A94       CalDispRow
 0001:00005570       CallNextHookEx
 0001:0000BD24       CallTerminateProcs
 0001:00005578       CallWindowProc
 0001:0004C670       CancelDrag
 0002:000028E4       CanvasList
 0002:00002B9C       CanvasList
 0002:00000860       Captions
 0002:00000DBC       CaptureControl
 0002:00000E60       cBooleanToItemAutoFlag
 0002:00000360       CBooleanToRelationship
 0001:00004FC8       CenterPoint
 0002:00002AB2       CF_COMPONENT
 0002:00002AB0       CF_PICTURE
 0002:00002814       ChangeAnyProc
 0001:0004ABF0       ChangeBiDiModeAlignment
 0001:00072798       Change_State
 0001:00072F5C       Change_Voc_State
 0002:00000C60       CharCases
 0001:00002FD0       CharFromWChar
 0001:0000B320       CharLength
 0001:00005580       CharLowerBuff
 0001:0000022C       CharNext
 0001:00005588       CharNext
 0001:00022AF4       CharsetToIdent
 0001:0000B234       CharToByteIndex
 0001:0000B298       CharToByteLen
 0001:00005590       CharToOemA
 0001:00005598       CharUpperBuff
 0001:000250D8       CheckBool
 0001:00036478       CheckCommonControl
 0001:0000257C       CheckJmp
 0001:000055A0       CheckMenuItem
 0001:0006FF24       CheckPlayEnd
 0001:0006FD14       CheckRecordEnd
 0001:00072B1C       CheckRemoveReady
 0002:00000EB0       Checks
 0001:0001B254       CheckSubComponents
 0001:0001F840       CheckSynchronize
 0001:000647D4       CheckTaskWindow
 0001:0001233C       CheckType
 0001:0004C324       CheckUndock
 0001:0000AF5C       CheckWin32Version
 0001:000055A8       ChildWindowFromPoint
 0002:00000348       CInvalidCustomVariantType
 0002:00000E64       cItemAutoFlagToBoolean
 0002:00000E5C       cItemAutoFlagToMenu
 0001:00020CB8       Classes
 0001:00016A0C       ClassNotFound
 0002:00002810       ClearAnyProc
 0001:00022384       ClearColor
 0001:0001312C       ClearVariantTypeList
 0001:000055B0       ClientToScreen
 0001:00055F6C       ClientToWindow
 0002:000007F0       ClipboardFormats
 0001:00030790       Clipbrd
 0001:000055B8       CloseClipboard
 0001:00072C94       CloseDeviceOK
 0001:00005110       CloseHandle
 0002:00002984       CloseThemeData
 0002:00000848       CLSID_AutoComplete
 0002:0000203C       CmdLine
 0002:00002038       CmdShow
 0002:00000E58       cMenuAutoFlagToItem
 0002:0000036C       CmpTypeMap
 0001:0000C85C       CmpUnimplemented
 0001:0001459C       CoCreateInstance
 0002:00000B80       Codes
 0002:00000AF4       Codes
 0002:00002B24       CoInitExProcLoaded
 0001:0001458C       CoInitialize
 0002:00002B20       CoInitializeExProc
 0001:000172D8       CollectionsEqual
 0002:00000570       Colors
 0001:000228EC       ColorToIdent
 0002:00000920       ColorToPretyName
 0001:000228DC       ColorToRGB
 0002:00000B54       ColumnClicks
 0002:00000BB0       ComboBoxExStyles
 0002:00000BBC       ComboExStyles
 0002:000028F8       ComCtl32DLL
 0002:00002B1C       ComCtlVersion
 0001:0003D828       ComCtrls
 0002:00002BE8       CommandPool
 0001:0002A6F4       CommCtrl
 0001:0002CF9C       CommDlg
 0001:000006B8       Commit
 0002:00002624       committedRoot
 0001:0005D36C       CompareFront
 0001:00006D9C       CompareMem
 0001:00006D6C       CompareStr
 0001:00005118       CompareString
 0001:00006DBC       CompareText
 0001:000072A4       CompareWith
 0001:0001B334       ComponentCreated
 0001:00024EA8       ComputeAldusChecksum
 0001:0003074C       ComStrs
 0001:00021024       Consts
 0001:0002A134       Contnrs
 0002:00002B5A       ControlAtom
 0002:00002B60       ControlAtomString
 0001:0006957C       ControlHasHelp
 0001:00059664       Controls
 0002:000004A0       Convert
 0002:00000490       Convert
 0001:0000A4D0       ConvertAddr
 0001:00008AD8       ConvertEraString
 0001:00006C4C       ConvertErrorFmt
 0001:00039930       ConvertFlags
 0001:0003979C       ConvertMask
 0001:0006FFD0       ConvertRawFskToCallerID
 0001:00039954       ConvertStates
 0001:00008C40       ConvertYearString
 0001:00003F14       CopyArray
 0001:00027274       CopyBitmap
 0001:0002793C       CopyBitmapAsMask
 0001:00005338       CopyEnhMetaFile
 0001:00005AA0       CopyMemory
 0001:000278D8       CopyPalette
 0002:00000BD4       Copyright
 0001:0006045C       CopyToBest
 0001:000145A4       CoTaskMemAlloc
 0001:00014594       CoUninitialize
 0001:0000B1A4       CountChars
 0002:000028C0       CounterLock
 0002:0000034C       CRangeToType
 0001:0000A9B8       CreateAssertException
 0001:0000AB40       CreateAVObject
 0001:00005340       CreateBitmap
 0001:00005348       CreateBrushIndirect
 0001:00005350       CreateCompatibleBitmap
 0001:00005358       CreateCompatibleDC
 0001:0001B3B4       CreateComponent
 0001:00005368       CreateDIBitmap
 0001:00005360       CreateDIBSection
 0001:00005120       CreateEvent
 0001:00005128       CreateFile
 0001:00005370       CreateFontIndirect
 0001:00005378       CreateHalftonePalette
 0001:000055C0       CreateIcon
 0001:0000A8E4       CreateInOutError
 0001:000055C8       CreateMenu
 0001:0002DA5C       CreateMessageDialog
 0001:00005380       CreatePalette
 0001:00005388       CreatePenIndirect
 0001:000055D0       CreatePopupMenu
 0001:00005390       CreateSolidBrush
 0001:000246A0       CreateSystemPalette
 0001:00005130       CreateThread
 0001:00005B9C       CreateWindow
 0001:00005B44       CreateWindowEx
 0002:00000858       CreationControl
 0002:00000CFC       CreationControl
 0002:0000043C       CRelationshipToBoolean
 0002:00000310       CResult
 0002:00000CE8       CSHREDRAW
 0002:00000138       cSimpleBoolStrs
 0002:000003E8       CText
 0002:00000DF8       Ctl3DStyles
 0002:0000261C       curAlloc
 0001:000125D0       CurrCompare
 0002:00002688       CurrencyDecimals
 0002:00002684       CurrencyFormat
 0002:00002680       CurrencyString
 0001:00008970       CurrentYear
 0001:000084CC       CurrToStr
 0001:00010EEC       CurrToWStrViaOS
 0002:00000FD8       CursorMap
 0002:00000D0C       Cursors
 0001:0004AF10       CursorToIdent
 0002:00000FC8       cUseAlpha
 0002:00000FD0       cUseColorKey
 0001:00006FF8       CvtInt
 0001:00007064       CvtInt64
 0002:00000178       CWNear
 0002:00000CF0       Data
 0001:000125A8       DateCompare
 0002:00002689       DateSeparator
 0001:00009588       DateTimeToStr
 0001:000094FC       DateTimeToString
 0001:000085C8       DateTimeToTimeStamp
 0001:00009558       DateToStr
 0001:00010F24       DateToWStrViaOS
 0001:00008948       DayOfWeek
 0002:00000174       DCon10
 0002:0000056C       DDBsOnly
 0001:00020BE0       DeallocateHWnd
 0002:00000028       DebugHook
 0002:00002687       DecimalSeparator
 0001:00008928       DecodeDate
 0001:000087DC       DecodeDateFully
 0001:0000867C       DecodeTime
 0001:0000074C       Decommit
 0001:00000D68       DecommitFree
 0002:000025F8       decommittedRoot
 0001:0006C8D4       Default
 0001:00067204       Default
 0002:00000020       Default8087CW
 0002:00000D00       DefaultDockTreeClass
 0001:000381FC       DefaultListViewSort
 0002:000025BC       DefaultUserCodePage
 0002:000007C0       DefBrushData
 0002:00000540       DefFontData
 0001:000055D8       DefFrameProc
 0002:00000204       DefLongDayNames
 0002:000001B8       DefLongMonthNames
 0001:000055E0       DefMDIChildProc
 0002:000007A0       DefPenData
 0002:000001E8       DefShortDayNames
 0002:00000188       DefShortMonthNames
 0001:000055E8       DefWindowProc
 0001:00004160       DelayLoadResourceModule
 0001:00000408       DeleteBlock
 0001:00000378       DeleteCriticalSection
 0001:00005138       DeleteCriticalSection
 0001:00005398       DeleteDC
 0001:000053A0       DeleteEnhMetaFile
 0001:00000BB0       DeleteFree
 0001:000055F0       DeleteMenu
 0001:000053A8       DeleteObject
 0001:00077484       Demo
 0001:00026E30       DeselectBitmap
 0001:000055F8       DestroyCursor
 0001:00005600       DestroyIcon
 0001:00030820       DestroyLocals
 0001:00005608       DestroyMenu
 0001:00005610       DestroyWindow
 0001:0004839C       DialogEnumerationTester
 0001:0002E2AC       Dialogs
 0002:000007FC       DIBPalSizes
 0002:0000008C       dig
 0002:00000B6C       Directions
 0001:00064628       DisableTaskWindows
 0001:00005618       DispatchMessage
 0001:0006A85C       DispatchShortCut
 0002:00002000       DispCallByIDProc
 0001:000739F0       DispEventInfo
 0001:00006C30       DivMod
 0002:0000DA48       DJApiHandle
 0001:0007726C       DJDemo
 0001:0002CFD4       Dlgs
 0001:0006BB60       DoAlign
 0001:00050B34       DoAlign
 0001:00054C2C       DoCalcConstraints
 0002:00002B90       DockSiteList
 0001:0006107C       DoClick
 0001:00052278       DoControlMsg
 0001:000645D8       DoDisableWindow
 0001:0004BC50       DoDragOver
 0001:00006C90       DoExitProc
 0001:00056C9C       DoFindControlZone
 0001:00064714       DoFindWindow
 0001:00057228       DoFindZone
 0001:00056D20       DoForEach
 0001:0005862C       DoGetNextLimit
 0001:000645A0       DoneApplication
 0001:0005938C       DoneControls
 0001:0000AE6C       DoneExceptions
 0001:00068BD8       DoNestedActivation
 0001:0001F800       DoneThreadSynchronization
 0001:000506F4       DoPosition
 0001:0006B9B0       DoPosition
 0001:00057C54       DoPrune
 0001:0002F418       DoRect
 0001:0005812C       DoSaveZone
 0001:00058330       DoSetNewBounds
 0002:00000458       DotSep
 0001:00025330       DoWrite
 0001:0005B9CC       DoWrite
 0001:00025F4C       DoWrite
 0001:00018824       DoWrite
 0001:00051860       DoWriteDesignSize
 0001:0004F2CC       DoWriteIsControl
 0002:00002B74       DragCapture
 0002:00002B68       DragControl
 0001:0004C398       DragDone
 0001:0004BC00       DragFindTarget
 0001:0004BBD4       DragFindWindow
 0002:00002B8C       DragImageList
 0001:0004BFF0       DragInit
 0001:0004C160       DragInitControl
 0002:00002B70       DragInternalObject
 0001:0004BB1C       DragMessage
 0002:00002B6C       DragObject
 0002:00002B98       DragSave
 0002:00002B80       DragSaveCursor
 0002:00002B78       DragStartPos
 0002:00002B84       DragThreshold
 0001:0004BD20       DragTo
 0001:0006C910       DrawAppIcon
 0001:000577C0       DrawCloseButton
 0001:00072DA8       DrawCount_ErrFlag
 0001:00073140       DrawCount_Pcm
 0001:00072BD0       DrawCount_RemoveState
 0001:00072E48       DrawCount_Trunk
 0001:00072F88       DrawCount_Voc
 0001:00005620       DrawEdge
 0001:00005628       DrawFocusRect
 0001:00005630       DrawFrameControl
 0001:00057818       DrawGrabberLine
 0001:00005638       DrawIcon
 0001:00005640       DrawIconEx
 0002:00000E34       DrawingStyles
 0001:0007205C       DrawMain_CallInfo
 0001:00071FD8       DrawMain_DTMF
 0001:00071908       DrawMain_LineState
 0001:000727D8       DrawMain_State
 0001:00070E50       DrawMain_VocInfo
 0001:00005648       DrawMenuBar
 0001:000623BC       DrawMenuItem
 0001:00071410       DrawPcm_TypeAndAlarm
 0001:00005650       DrawText
 0002:00002988       DrawThemeBackground
 0002:000029AC       DrawThemeEdge
 0002:000029B0       DrawThemeIcon
 0002:00002A34       DrawThemeParentBackground
 0002:0000298C       DrawThemeText
 0001:00024170       DupBits
 0001:00003F2C       DynArrayClear
 0001:00003F34       DynArraySetLength
 0002:00000F20       EdgeStyle
 0002:00000DE8       EdgeStyles
 0002:00000B0C       EditStyles
 0001:0000A8B8       EHeapException.FreeInstance
 0001:00005658       EmptyClipboard
 0001:00012434       EmptyCompare
 0002:000027FC       EmptyParam
 0002:000000BC       EmptyStr
 0002:000000C0       EmptyWideStr
 0001:00005660       EnableMenuItem
 0002:00000EB8       Enables
 0001:00005668       EnableScrollBar
 0001:000646DC       EnableTaskWindows
 0002:00002A1C       EnableThemeDialogTexture
 0002:00002A38       EnableTheming
 0001:00005670       EnableWindow
 0001:000170A4       EndGlobalLoading
 0001:00005678       EndPaint
 0001:00005140       EnterCriticalSection
 0001:00000368       EnterCriticalSection
 0001:00005148       EnumCalendarInfoA
 0002:0000291C       EnumDisplayMonitors
 0001:0000A144       EnumEraNames
 0001:0000A180       EnumEraYearOffsets
 0001:000677C8       EnumMonitorsProc
 0001:00005680       EnumThreadWindows
 0001:0001AB64       EnumValue
 0001:00005688       EnumWindows
 0001:00005690       EqualRect
 0002:00002750       EraNames
 0001:00009800       EraToYear
 0002:0000276C       EraYearOffsets
 0002:00000064       errCaption
 0001:000165B0       Error
 0001:00001828       Error
 0001:0001A348       Error
 0001:0005D0BC       Error
 0002:00000004       ErrorAddr
 0001:000017DC       ErrorAt
 0001:0000A964       ErrorHandler
 0002:00000220       ErrorMap
 0002:00002008       ErrorProc
 0002:000023E4       ErrOutput
 0001:0006EF84       esr
 0001:0000177C       ExceptAddr
 0002:0000200C       ExceptClsProc
 0001:0000ADD8       ExceptHandler
 0001:0000A72C       Exception.Create
 0001:0000A768       Exception.CreateFmt
 0001:0000A7E8       Exception.CreateRes
 0001:0000A824       Exception.CreateResFmt
 0002:0000201C       ExceptionClass
 0001:0000A4DC       ExceptionErrorMessage
 0002:00000258       ExceptMap
 0001:0000175C       ExceptObject
 0002:00002010       ExceptObjProc
 0002:00002004       ExceptProc
 0001:000053B0       ExcludeClipRect
 0002:00000000       ExitCode
 0001:00002D04       ExitDll
 0002:00002044       ExitProc
 0001:00000234       ExitProcess
 0002:00002024       ExitProcessProc
 0002:00000134       ExitProcList
 0001:000075E4       ExpandFileName
 0001:00031A88       ExtActns
 0001:000306DC       ExtCtrls
 0001:00030948       ExtDlgs
 0002:00000CC8       ExtendSelects
 0001:0000759C       ExtractFileExt
 0001:00007564       ExtractFileName
 0001:000053B8       ExtTextOut
 0002:0000278C       FalseBoolStrs
 0002:00002AB8       FClipboard
 0002:00000168       FCon1E18
 0001:000074DC       FileClose
 0001:00007444       FileCreate
 0001:00007420       FileCreate
 0002:000007F4       FileFormats
 0002:00000008       FileMode
 0001:000073C8       FileOpen
 0001:0000744C       FileRead
 0002:00000484       FilerSignature
 0001:000074A4       FileSeek
 0001:00007478       FileWrite
 0001:00000C98       FillAfterGap
 0001:00000C44       FillBeforeGap
 0001:00000D30       FillerSizeAfterGap
 0001:00000CC0       FillerSizeBeforeGap
 0001:00005698       FillRect
 0001:00031A38       Finalization
 0001:000319E0       Finalization
 0001:0003197C       Finalization
 0001:00031914       Finalization
 0001:00030918       Finalization
 0001:000308B8       Finalization
 0001:000307E8       Finalization
 0001:00030754       Finalization
 0001:0003071C       Finalization
 0001:00030694       Finalization
 0001:0003369C       Finalization
 0001:0000C5F4       Finalization
 0001:0002E250       Finalization
 0001:0002BEB4       Finalization
 0001:00048614       Finalization
 0001:0002CFA4       Finalization
 0001:0002CF6C       Finalization
 0001:0002CF34       Finalization
 0001:0002CEC8       Finalization
 0001:0002CE90       Finalization
 0001:0002CE58       Finalization
 0001:0002CE20       Finalization
 0001:0002CDE8       Finalization
 0001:0002CDB0       Finalization
 0001:0002CD40       Finalization
 0001:0000605C       Finalization
 0001:00005D24       Finalization
 0001:00005CEC       Finalization
 0001:00062698       Finalization
 0001:0006EB14       Finalization
 0001:00077220       Finalization
 0001:00077274       Finalization
 0001:0006EBE4       Finalization
 0001:00020FF4       Finalization
 0001:00020C08       Finalization
 0001:0005C11C       Finalization
 0001:0003D7B0       Finalization
 0001:00029C6C       Finalization
 0001:00029E4C       Finalization
 0001:0002A104       Finalization
 0001:0002A6C4       Finalization
 0001:0002C3BC       Finalization
 0001:0002AE44       Finalization
 0001:0002AE84       Finalization
 0001:0002C210       Finalization
 0001:0003E2D8       Finalization
 0001:000595FC       Finalization
 0001:0002BEEC       Finalization
 0001:0005A9C0       Finalization
 0001:0002BE6C       Finalization
 0001:00004F38       Finalization
 0001:000145AC       Finalization
 0001:00004FF4       Finalization
 0001:00014534       Finalization
 0001:0000CFB0       Finalization
 0001:00004D08       Finalization
 0001:00013588       Finalization
 0001:000137A4       Finalization
 0001:00047828       Finalization
 0001:00047990       Finalization
 0001:00003F24       FinalizeArray
 0001:00002B38       FinalizeUnits
 0001:00060E3C       Find
 0001:0001D698       FindAncestor
 0001:000041D0       FindBS
 0001:00016ACC       FindClass
 0001:00004158       FindClassHInstance
 0001:00000244       FindClose
 0001:00000C14       FindCommitted
 0001:0004ACF0       FindControl
 0001:00057454       FindControlAtPos
 0001:00013488       FindCustomVariantType
 0001:000133D0       FindCustomVariantType
 0001:0004C6BC       FindDragTarget
 0001:0001B564       FindExistingComponent
 0001:0000024C       FindFirstFile
 0001:00016F34       FindGlobalComponent
 0001:00064820       FindGlobalComponent
 0002:00002860       FindGlobalComponentProcs
 0001:00004130       FindHInstance
 0001:00016DDC       FindIdentToInt
 0001:00016D60       FindIntToIdent
 0002:00002A78       FindMsg
 0001:0001A6F4       FindNestedComponent
 0001:0005D084       FindPopupControl
 0001:0000CC78       FindProc
 0001:00005150       FindResource
 0001:000041A8       FindResourceHInstance
 0001:0006E368       FindScanline
 0001:000473DC       FindString
 0001:00064778       FindTopMostWindow
 0001:0001C448       FindUniqueName
 0001:00012F74       FindVarData
 0001:0004C688       FindVCLWindow
 0001:000056A0       FindWindow
 0001:000483F4       FindWinHelp
 0001:00027228       FixupBitFields
 0002:00000F30       Flags
 0002:0000279C       FLanguages
 0001:0002C240       FlatSB
 0002:00002948       FlatSB_EnableScrollBar
 0002:00002954       FlatSB_GetScrollInfo
 0002:00002958       FlatSB_GetScrollPos
 0002:00002950       FlatSB_GetScrollRange
 0002:00002960       FlatSB_SetScrollInfo
 0002:0000295C       FlatSB_SetScrollPos
 0001:0002BF30       FlatSB_SetScrollProp
 0002:00002964       FlatSB_SetScrollRange
 0002:0000294C       FlatSB_ShowScrollBar
 0001:0000815C       FloatToDecimal
 0001:0000849C       FloatToStr
 0001:00007E88       FloatToText
 0001:000019C0       Flush
 0002:0000017C       FMSecsPerDay
 0001:00007D84       FmtStr
 0002:00000F4C       FocusCount
 0002:00000F48       FocusMessages
 0002:00000710       FontCharsets
 0002:000028D8       FontManager
 0001:000647F4       ForegroundTask
 0002:00002C10       Form1
 0001:00007D70       Format
 0002:00000184       Format
 0001:00007978       FormatBuf
 0001:0000796C       FormatClearStr
 0001:000078F0       FormatError
 0002:00000160       FormatErrorStrs
 0001:00005158       FormatMessage
 0001:00007948       FormatVarToStr
 0001:0006EB70       Forms
 0001:00001C6C       FPower10
 0002:00000844       FPrinter
 0001:0002F4DC       Frame3D
 0001:000056A8       FrameRect
 0001:0007701C       FreeAllDeviceRes
 0001:0000C1D4       FreeAndNil
 0001:00000980       FreeCommitted
 0001:00000EA0       FreeCurAlloc
 0001:0004C77C       FreeDeviceContext
 0001:0004C838       FreeDeviceContexts
 0001:000209D4       FreeIntConstList
 0001:00000254       FreeLibrary
 0001:00005160       FreeLibrary
 0001:00026D84       FreeMemoryContexts
 0001:000648B4       FreeObjectInstance
 0001:00020B08       FreeObjectInstance
 0001:00070364       FreeOneFreeVoice
 0001:00005170       FreeResource
 0001:00000600       FreeSpace
 0001:0000BD40       FreeTerminateProcs
 0001:0002C3F4       FreeThemeLibrary
 0002:00002B18       FRichEditModule
 0001:00024160       GDICheck
 0001:000240B8       GDIError
 0001:00001924       Get8087CW
 0001:00005178       GetACP
 0001:000056B0       GetActiveWindow
 0001:0006C03C       GetAnimation
 0001:0002D3B8       GetAveCharSize
 0001:0007162C       GetBit
 0001:000053C0       GetBitmapBits
 0001:00000380       GetBlockDesc
 0001:000053C8       GetBrushOrgEx
 0001:000056B8       GetCapture
 0001:0004AFB8       GetCaptureControl
 0001:00016A78       GetClass
 0001:000056C0       GetClassInfo
 0001:000056C8       GetClassName
 0001:000056D0       GetClientRect
 0001:000056D8       GetClipboardData
 0001:00025AF8       GetClipboardFormats
 0001:000053D0       GetClipBox
 0001:0000031C       GetCmdShow
 0001:0005AB90       GetColor
 0001:000364A0       GetComCtlVersion
 0001:0000025C       GetCommandLine
 0001:000007CC       GetCommitted
 0001:0000085C       GetCommittedAt
 0001:0001EA50       GetComponentValue
 0001:00051E2C       GetControlAtPos
 0001:00008A34       GetCount
 0001:00005180       GetCPInfo
 0001:000053D8       GetCurrentPositionEx
 0001:00005188       GetCurrentProcessId
 0002:00002A2C       GetCurrentThemeName
 0001:00005190       GetCurrentThreadId
 0001:0000030C       GetCurrentThreadId
 0001:00005A98       GetCurrentTime
 0001:000056E0       GetCursor
 0001:0006E378       GetCursorHeightMargin
 0001:000056E8       GetCursorPos
 0001:00008A60       GetDate
 0001:00005198       GetDateFormat
 0001:00009718       GetDateOrder
 0001:000056F0       GetDC
 0001:000056F8       GetDCEx
 0001:000053E0       GetDCOrgEx
 0001:0002987C       GetDefFontCharSet
 0001:00017DCC       GetDesigner
 0001:00005700       GetDesktopWindow
 0001:000053F8       GetDeviceCaps
 0001:000250C0       GetDIB
 0001:000053E8       GetDIBColorTable
 0001:000053F0       GetDIBits
 0001:00025008       GetDIBSizes
 0001:000242D0       GetDInColors
 0001:000051A0       GetDiskFreeSpaceA
 0002:00000130       GetDiskFreeSpaceEx
 0001:0005870C       GetDockAlign
 0001:0004B960       GetDockSiteAtPos
 0001:0004BC8C       GetDropCtl
 0001:000022EC       GetDynaMethod
 0001:00005400       GetEnhMetaFileBits
 0001:00005408       GetEnhMetaFileHeader
 0001:00005410       GetEnhMetaFilePaletteEntries
 0001:00013814       GetEnumName
 0001:000138EC       GetEnumNameValue
 0001:00013938       GetEnumValue
 0001:0000A1F8       GetEraNamesAndYearOffsets
 0001:000097AC       GetEraYearOffset
 0001:0000AB28       GetExceptionClass
 0001:0000AD0C       GetExceptionObject
 0001:00016A00       GetFieldClassTable
 0001:00025AD8       GetFileFormats
 0001:0000AF7C       GetFileVersion
 0001:00005318       GetFileVersionInfo
 0001:00005320       GetFileVersionInfoSize
 0001:00013FC0       GetFloatProp
 0001:00005708       GetFocus
 0001:00022B14       GetFontData
 0001:00005710       GetForegroundWindow
 0001:0000B7C4       GetFormatSettings
 0001:000051A8       GetFullPathName
 0001:00022080       GetHashCode
 0001:000695B4       GetHelpInfo
 0001:0002B304       GetHelpSystem
 0001:0006BE20       GetHint
 0001:0006BE58       GetHintControl
 0001:00062538       GetHotkey
 0001:00005718       GetIconInfo
 0001:000143DC       GetInt64Prop
 0001:00014440       GetInterfaceProp
 0001:00005730       GetKeyboardLayout
 0001:00005738       GetKeyboardLayoutList
 0001:00005740       GetKeyboardState
 0001:00001F58       GetKeyboardType
 0001:00005720       GetKeyNameText
 0001:00005728       GetKeyState
 0001:00005748       GetLastActivePopup
 0001:000569D4       GetLastChildZone
 0001:000051B0       GetLastError
 0001:00037E58       GetLength
 0001:00009FBC       GetLocaleChar
 0001:000051C0       GetLocaleInfo
 0001:00000264       GetLocaleInfo
 0001:00009F70       GetLocaleStr
 0001:000051B8       GetLocalTime
 0001:0004AF74       GetLongHint
 0001:00013C68       GetLongStrProp
 0001:00005750       GetMenu
 0001:0006953C       GetMenuHelpContext
 0001:00005758       GetMenuItemCount
 0001:00005760       GetMenuItemID
 0001:00005768       GetMenuItemInfo
 0001:0005F688       GetMenuSize
 0001:00005770       GetMenuState
 0001:00005778       GetMenuString
 0001:00005780       GetMessagePos
 0001:00014364       GetMethodProp
 0001:000051C8       GetModuleFileName
 0001:0000026C       GetModuleFileName
 0001:00000274       GetModuleHandle
 0001:00004E30       GetModuleHandle
 0001:000051D0       GetModuleHandle
 0002:00002910       GetMonitorInfo
 0002:00002914       GetMonitorInfoA
 0002:00002918       GetMonitorInfoW
 0001:0000A020       GetMonthDayNames
 0001:00005788       GetNextWindow
 0001:00005418       GetObject
 0001:00013A90       GetOrdProp
 0001:00005420       GetPaletteEntries
 0001:00005790       GetParent
 0001:00064A08       GetParentForm
 0001:00005428       GetPixel
 0001:000051D8       GetPrivateProfileString
 0001:0000027C       GetProcAddress
 0001:000051E0       GetProcAddress
 0001:00005798       GetProp
 0001:0001399C       GetPropInfo
 0001:00013A0C       GetPropInfos
 0001:00064EC8       GetRealScrollPosition
 0001:0005AB70       GetRGBColor
 0001:000057A0       GetScrollInfo
 0001:000057A8       GetScrollPos
 0001:000057B0       GetScrollRange
 0001:0004AF30       GetShortHint
 0001:00013B60       GetShortStrProp
 0001:00013BF8       GetShortStrPropAsLongStr
 0001:00000524       GetSpace
 0001:00000588       GetSpaceAt
 0001:0005D114       GetSpecialName
 0001:00000284       GetStartupInfo
 0001:00000204       GetStdHandle
 0001:000051E8       GetStdHandle
 0001:00005430       GetStockObject
 0001:000051F0       GetStringTypeEx
 0001:00073E34       GetString_DeviceMain
 0001:00071BAC       GetString_DeviceSub
 0001:00073C70       GetString_ErrorCode
 0001:00073FF8       GetString_EventType
 0001:00071988       GetString_LineState
 0001:00071634       GetString_PcmType
 0001:00013D98       GetStrProp
 0001:000057B8       GetSubMenu
 0001:000057C0       GetSysColor
 0001:000057C8       GetSysColorBrush
 0001:000051F8       GetSystemInfo
 0001:000057D0       GetSystemMenu
 0001:000057D8       GetSystemMetrics
 0002:00002900       GetSystemMetrics
 0001:00005438       GetSystemPaletteEntries
 0001:00005448       GetTextExtentPoint
 0001:00005440       GetTextExtentPoint32
 0001:00005450       GetTextMetrics
 0002:00002A24       GetThemeAppProperties
 0002:00002990       GetThemeBackgroundContentRect
 0002:00002994       GetThemeBackgroundExtent
 0002:000029A4       GetThemeBackgroundRegion
 0002:000029C8       GetThemeBool
 0002:000029BC       GetThemeColor
 0002:00002A30       GetThemeDocumentationProperty
 0002:000029D0       GetThemeEnumValue
 0002:000029F0       GetThemeFilename
 0002:000029D8       GetThemeFont
 0002:000029CC       GetThemeInt
 0002:000029E4       GetThemeIntList
 0002:000029E0       GetThemeMargins
 0002:000029C0       GetThemeMetric
 0002:00002998       GetThemePartSize
 0002:000029D4       GetThemePosition
 0002:000029E8       GetThemePropertyOrigin
 0002:000029DC       GetThemeRect
 0002:000029C4       GetThemeString
 0002:000029FC       GetThemeSysBool
 0002:000029F4       GetThemeSysColor
 0002:000029F8       GetThemeSysColorBrush
 0002:00002A04       GetThemeSysFont
 0002:00002A0C       GetThemeSysInt
 0002:00002A00       GetThemeSysSize
 0002:00002A08       GetThemeSysString
 0002:0000299C       GetThemeTextExtent
 0002:000029A0       GetThemeTextMetrics
 0001:00005200       GetThreadLocale
 0001:0000028C       GetThreadLocale
 0001:00005208       GetTickCount
 0001:00008A98       GetTime
 0001:00004E5C       GetTlsSize
 0001:0006C5EC       GetTopMostWindows
 0001:0004B0C0       GetTopParent
 0001:000057E0       GetTopWindow
 0001:00013808       GetTypeData
 0001:00013094       GetVarDataArrayInfo
 0001:000142E4       GetVariantProp
 0001:00000314       GetVersion
 0001:00005210       GetVersion
 0001:00005218       GetVersionEx
 0001:00013E04       GetWideStrProp
 0001:00013CE8       GetWideStrPropAsLongStr
 0001:000057E8       GetWindow
 0001:000057F0       GetWindowDC
 0001:000057F8       GetWindowLong
 0001:00005460       GetWindowOrgEx
 0001:00005800       GetWindowPlacement
 0001:00005808       GetWindowRect
 0001:00005810       GetWindowText
 0002:00002A18       GetWindowTheme
 0001:00005818       GetWindowThreadProcessId
 0001:00005820       GetWindowThreadProcessId
 0001:00005458       GetWinMetaFileBits
 0001:00005220       GlobalAddAtom
 0001:00005228       GlobalAlloc
 0001:00005AB4       GlobalAllocPtr
 0001:00005230       GlobalDeleteAtom
 0001:00005238       GlobalFindAtom
 0002:00002864       GlobalFixupList
 0001:0001A83C       GlobalFixupReferences
 0001:00005240       GlobalFree
 0001:00005AE0       GlobalFreePtr
 0001:00005250       GlobalHandle
 0001:00005248       GlobalLock
 0002:00002848       GlobalNameSpace
 0001:00005258       GlobalReAlloc
 0001:00005AC4       GlobalReAllocPtr
 0001:00005260       GlobalUnlock
 0001:0006EC14       GlobalVal
 0001:00029D40       Graphics
 0001:00016BF4       GroupDescendentsWith
 0002:0000DA28       g_DJApiInitPlayIndex
 0002:00002C18       g_gLobalVar
 0002:0000DA2C       g_pDJABuildPlayIndex
 0002:0000DA30       g_pDJAControlPlay
 0002:0000DA34       g_pDJApiAlertCall
 0002:0000DA38       g_pDJApiAnswerCallIn
 0002:0000DA20       g_pDJApiClearCall
 0002:0000DA24       g_pDJApiCloseStream
 0002:0000DA44       g_pDJApiControlRecord
 0002:0000D9F8       g_pDJApiGetDevList
 0002:0000DA08       g_pDJApiGetDevState
 0002:0000DA10       g_pDJApiLinkDevice
 0002:0000DA1C       g_pDJApiMakeCallOut
 0002:0000D9FC       g_pDJApiOpenDevice
 0002:0000D9F0       g_pDJApiOpenStream
 0002:0000DA3C       g_pDJApiPlay
 0002:0000DA40       g_pDJApiRecord
 0002:0000DA04       g_pDJApiResetDevice
 0002:0000DA14       g_pDJApiSendIOData
 0002:0000DA18       g_pDJApiSetDevTimer
 0002:0000D9F4       g_pDJApiSetEsr
 0002:0000DA00       g_pDJApiSetParam
 0002:0000DA0C       g_pDJApiUnlinkDevice
 0001:0000DB4C       HandleConversionException
 0001:000703F4       HandleDevState
 0001:000697BC       HandleEdge
 0001:0001BCA0       HandleException
 0001:000700D0       HandleMultiple
 0001:00042A24       HasPopup
 0002:00000024       HeapAllocFlags
 0002:000025C4       heapErrorCode
 0002:000025C8       heapLock
 0001:0002BEAC       HelpIntfs
 0002:0000293C       HelpManager
 0002:00002A74       HelpMsg
 0002:00002B44       HelpViewer
 0002:00002B48       HelpViewerIntf
 0002:0000012C       HexDisplayPrefix
 0001:0001F774       HexToBin
 0002:00000B1C       HideSelections
 0002:00000C6C       HideSelections
 0001:00058788       HideZone
 0002:00002664       HInstance
 0002:00002C00       HintDoneEvent
 0001:0006BF28       HintGetMsgHook
 0002:00002C04       HintHook
 0001:0006BECC       HintMouseThread
 0002:00002C08       HintThread
 0002:00002BFC       HintThreadID
 0001:0006BE78       HintTimerProc
 0002:00000F40       HintWindowClass
 0002:000029A8       HitTestThemeBackground
 0001:00005A94       HiWord
 0001:0006BF6C       HookHintHooks
 0001:00005BF4       HwndMSWheel
 0002:00000B98       IAlignment
 0002:00000ED4       IBreaks
 0002:00000EE0       IChecks
 0002:00000874       IconIDs
 0002:00000EE8       IDefaults
 0001:00022B04       IdentToCharset
 0001:000228FC       IdentToColor
 0001:0004AF20       IdentToCursor
 0001:00016E58       IdentToInt
 0002:00000EF0       IEnables
 0001:0006042C       IfHotkeyAvailable
 0002:00002BD8       ImageListWriteExProc
 0001:0002A1F0       ImageList_Add
 0001:0002A210       ImageList_AddIcon
 0001:0002A238       ImageList_BeginDrag
 0001:0002A1D8       ImageList_Create
 0001:0002A1E0       ImageList_Destroy
 0001:0002A248       ImageList_DragEnter
 0001:0002A250       ImageList_DragLeave
 0001:0002A258       ImageList_DragMove
 0001:0002A268       ImageList_DragShowNolock
 0001:0002A220       ImageList_Draw
 0001:0002A228       ImageList_DrawEx
 0001:0002A240       ImageList_EndDrag
 0001:0002A208       ImageList_GetBkColor
 0001:0002A270       ImageList_GetDragImage
 0001:0002A288       ImageList_GetIconSize
 0001:0002A1E8       ImageList_GetImageCount
 0001:0002A278       ImageList_Read
 0001:0002A230       ImageList_Remove
 0001:0002A1F8       ImageList_ReplaceIcon
 0001:0002A200       ImageList_SetBkColor
 0001:0002A260       ImageList_SetDragCursorImage
 0001:0002A290       ImageList_SetIconSize
 0001:0002A280       ImageList_Write
 0002:00000E44       Images
 0001:0005C14C       ImgList
 0001:0002AEB4       Imm
 0002:00000E28       IMM32DLL
 0001:00059378       Imm32IsIME
 0002:00000180       IMSecsPerDay
 0001:0000DC38       InBounds
 0001:0000DED8       InBounds
 0001:0000DF08       Increment
 0001:0000DC68       Increment
 0001:0002A21C       IndexToOverlayMask
 0001:0002A2DC       IndexToStateImageMask
 0001:00005828       InflateRect
 0001:0003195C       IniFiles
 0001:00000A0C       InitAllocator
 0001:0002A6FC       InitAnApi
 0002:00002928       InitApis
 0001:0002A144       InitComCtl
 0001:0003644C       InitCommonControl
 0001:0002A13C       InitCommonControls
 0001:0002A1A4       InitCommonControlsEx
 0001:00017100       InitComponent
 0002:00002634       InitContext
 0001:00059414       InitControls
 0001:000298C0       InitDefFontData
 0001:0000BD60       InitDriveSpacePtr
 0001:0000ADE8       InitExceptions
 0001:0002BF8C       InitFlatSB
 0001:0002E0FC       InitGlobals
 0001:00024EC0       InitializeBitmapInfoHeader
 0001:00005268       InitializeCriticalSection
 0001:00000360       InitializeCriticalSection
 0002:000025C0       initialized
 0001:0002BF64       InitializeFlatSB
 0001:00004EE8       InitializeModule
 0001:0000CCA4       InitializeVarUtils
 0001:00059018       InitIMM32
 0001:000171A8       InitInheritedComponent
 0001:0000B5D8       InitLeadBytes
 0001:0002ADD8       InitMultiMonStubs
 0001:0000AEEC       InitPlatformId
 0002:00002040       InitProc
 0001:0006EA88       InitProcs
 0001:00029844       InitScreenLogPixels
 0001:0000B650       InitSysLocale
 0001:0002C5B4       InitThemeLibrary
 0001:0001F7CC       InitThreadSynchronization
 0001:00004E64       InitThreadTLS
 0001:00070480       InitTrunkChannel
 0001:00002B98       InitUnits
 0001:0004AC04       InitWndProc
 0002:00000DC8       InnerStyles
 0002:0000204C       Input
 0001:0006B950       InsertBefore
 0001:00050668       InsertBefore
 0001:00000E18       InsertFree
 0001:000604E0       InsertHotkeyFarEastFormat
 0001:00005830       InsertMenu
 0001:00005838       InsertMenuItem
 0002:00002880       InstBlockList
 0002:00002884       InstFreeList
 0001:00012544       Int64Compare
 0001:00012530       IntCompare
 0002:00002858       IntConstList
 0002:00000CD0       IntegralHeights
 0001:00000304       InterlockedDecrement
 0001:0000BDC8       InterlockedDecrement
 0001:00005168       InterlockedExchange
 0001:0000BDD4       InterlockedExchange
 0001:0000BDDC       InterlockedExchangeAdd
 0001:000002FC       InterlockedIncrement
 0001:0000BDBC       InterlockedIncrement
 0001:0002200C       InternalDeletePalette
 0001:00001978       InternalFlush
 0001:00000C74       InternalFreeMem
 0001:00025010       InternalGetDIB
 0001:00024FA4       InternalGetDIBSizes
 0001:00016F98       InternalReadComponentRes
 0002:00002B2C       InternalServices
 0001:0000337C       InternalUniqueString
 0001:00005468       IntersectClipRect
 0001:00005840       IntersectRect
 0001:00007158       IntToHex
 0001:00016E98       IntToIdent
 0001:00007130       IntToStr
 0001:00007044       IntToStr
 0001:00005848       InvalidateRect
 0001:00024040       InvalidBitmap
 0001:00024028       InvalidGraphic
 0001:0002404C       InvalidIcon
 0001:00024058       InvalidMetafile
 0001:00024010       InvalidOperation
 0001:00015F80       InvalidPoint
 0001:00015F6C       InvalidPoint
 0002:00002798       InvalidPointer
 0001:000021A4       InvokeImplGetter
 0001:000018A8       IOResult
 0002:00000F10       IOwnerDraw
 0002:00000EF8       IRadios
 0002:00000F08       IRTL
 0001:00064998       IsAccel
 0001:00061690       IsAccelChar
 0002:00002A14       IsAppThemed
 0001:0004B718       IsBeforeTargetWindow
 0001:00005850       IsChild
 0002:00002048       IsConsole
 0001:0001E1AC       IsDefault
 0001:0001E028       IsDefaultFloatProp
 0001:0001E084       IsDefaultInt64Prop
 0001:0001E350       IsDefaultInterfaceProp
 0001:0001E42C       IsDefaultMethodProp
 0001:0001E204       IsDefaultObjectProp
 0001:0001DFD0       IsDefaultOrdProp
 0001:0001E53C       IsDefaultPropertyValue
 0001:0001E0DC       IsDefaultStrProp
 0001:0001E284       IsDefaultValue
 0001:0001E4A4       IsDefaultVariantProp
 0001:0004BB74       IsDelphiHandle
 0001:00005858       IsDialogMessage
 0002:00000F00       ISeparators
 0001:00005860       IsIconic
 0001:000616EC       IsInitialChar
 0001:000086D8       IsLeapYear
 0002:00002034       IsLibrary
 0002:00002049       IsMultiThread
 0001:00056438       IsOrientationSet
 0001:00005868       IsRectEmpty
 0001:0004B91C       IsSiteChildOfClient
 0001:00013A60       IsStoredProp
 0002:00002A10       IsThemeActive
 0002:000029B8       IsThemeBackgroundPartiallyTransparent
 0002:00002A20       IsThemeDialogTextureEnabled
 0002:000029B4       IsThemePartDefined
 0001:00016F74       IsUniqueGlobalComponentName
 0002:0000284C       IsUniqueGlobalComponentNameProc
 0001:00006F94       IsValidIdent
 0001:0000B638       IsWesternGroup
 0001:00005870       IsWindow
 0001:00005878       IsWindowEnabled
 0001:00005880       IsWindowVisible
 0001:00005888       IsZoomed
 0001:0005D4E0       Iterate
 0001:0005D540       IterateMenus
 0002:0000002C       JITEnable
 0001:0006494C       KeyboardStateToShiftState
 0001:00064910       KeyDataToShiftState
 0001:000648BC       KeysToShiftState
 0001:00005890       KillTimer
 0001:00007514       LastDelimiter
 0001:0000B564       LCIDToCodePage
 0001:00004C94       LCIDToCodePage
 0002:0000010C       LeadBytes
 0001:00005270       LeaveCriticalSection
 0001:00000370       LeaveCriticalSection
 0002:00000034       LibModuleList
 0001:00005470       LineTo
 0001:000336CC       ListActns
 0001:0004C704       ListAdd
 0001:000328D8       ListItemsCompare
 0001:0004C72C       ListRemove
 0002:0000274E       ListSeparator
 0001:0002A3F0       ListView_Arrange
 0001:0002A49C       ListView_CreateDragImage
 0001:0002A340       ListView_DeleteAllItems
 0001:0002A448       ListView_DeleteColumn
 0001:0002A328       ListView_DeleteItem
 0001:0002A378       ListView_FindItem
 0001:0002A570       ListView_GetCheckState
 0001:0002A66C       ListView_GetColumnOrderArray
 0001:0002A460       ListView_GetColumnWidth
 0001:0002A408       ListView_GetEditControl
 0001:0002A6B4       ListView_GetHoverTime
 0001:0002A2E0       ListView_GetItem
 0001:0002A2CC       ListView_GetItemCount
 0001:0002A388       ListView_GetItemRect
 0001:0002A560       ListView_GetItemState
 0001:0002A354       ListView_GetNextItem
 0001:0002A4F8       ListView_GetOrigin
 0001:0002A628       ListView_GetSelectedCount
 0001:0002A4E8       ListView_GetTopIndex
 0001:0002A3C4       ListView_HitTest
 0001:0002A438       ListView_InsertColumn
 0001:0002A310       ListView_InsertItem
 0001:0002A3D4       ListView_RedrawItems
 0001:0002A298       ListView_SetBkColor
 0001:0002A590       ListView_SetCheckState
 0001:0002A41C       ListView_SetColumn
 0001:0002A650       ListView_SetColumnOrderArray
 0001:0002A478       ListView_SetColumnWidth
 0001:0002A638       ListView_SetExtendedListViewStyle
 0001:0002A6A4       ListView_SetHoverTime
 0001:0002A2B0       ListView_SetImageList
 0001:0002A2F8       ListView_SetItem
 0001:0002A5EC       ListView_SetItemCount
 0001:0002A5FC       ListView_SetItemCountEx
 0001:0002A530       ListView_SetItemState
 0001:0002A5BC       ListView_SetItemText
 0001:0002A4D0       ListView_SetTextBkColor
 0001:0002A4B8       ListView_SetTextColor
 0001:0002A688       ListView_SetWorkAreas
 0001:0002A60C       ListView_SortItems
 0001:0002A510       ListView_Update
 0001:00005898       LoadBitmap
 0001:000058A0       LoadCursor
 0001:000058A8       LoadIcon
 0001:000058B0       LoadKeyboardLayout
 0001:00005278       LoadLibrary
 0001:00000294       LoadLibraryEx
 0001:00005280       LoadResource
 0001:0000439C       LoadResourceModule
 0001:00004C3C       LoadResString
 0001:000058B8       LoadString
 0001:0000029C       LoadString
 0001:00004E38       LocalAlloc
 0001:00000340       LocalAlloc
 0001:00000348       LocalFree
 0001:00009FE4       LocalGetLocaleStr
 0002:00002A48       Lock
 0001:00005288       LockResource
 0002:00002690       LongDateFormat
 0002:00002724       LongDayNames
 0002:000026D8       LongMonthNames
 0002:000026A4       LongTimeFormat
 0001:00006D30       LowerCase
 0001:00005308       lstrcmp
 0001:00005310       lstrcpy
 0001:000002A4       lstrcpyn
 0002:00002820       LVarTypes
 0002:00002824       LVarTypeSync
 0002:0000202C       MainInstance
 0002:00002030       MainThreadID
 0001:000003D0       MakeEmpty
 0001:00002CA8       MakeErrorMessage
 0002:00000E14       MakeLast
 0001:00005A88       MakeLong
 0001:00005B34       MakeLParam
 0001:00020A70       MakeObjectInstance
 0001:000648A0       MakeObjectInstance
 0001:00005AF4       MakeROP4
 0001:00005B2C       MakeWParam
 0001:0000AAA8       MapException
 0001:00031A30       Mapi
 0002:00000AD4       MAPIDLL
 0002:00000AD8       MAPIModule
 0001:000029B0       MapToRunError
 0001:000058C0       MapVirtualKey
 0001:000058C8       MapWindowPoints
 0002:00000E4C       Mask
 0001:00005478       MaskBlt
 0001:00029E7C       Math
 0001:00029E44       Max
 0001:00067250       MaximizedChildren
 0002:0000003C       MemoryManager
 0002:00000E68       MenuKeyCaps
 0001:00062708       Menus
 0001:00000420       MergeBlockAfter
 0001:00000EEC       MergeCommit
 0001:000058D0       MessageBeep
 0001:000058D8       MessageBox
 0001:0000023C       MessageBox
 0001:0002E000       MessageDlgPos
 0001:0002E024       MessageDlgPosHelp
 0001:00005D54       Messages
 0001:000179F0       Min
 0001:00029E3C       Min
 0001:0004FFB0       MinVar
 0002:00002930       MMAvailable
 0002:000008E0       ModalResults
 0002:00000E2C       ModeMap
 0001:00068F48       ModifySystemMenu
 0002:000000A4       Module
 0002:00002661       ModuleIsCpp
 0002:00002660       ModuleIsLib
 0001:00020A40       ModuleUnload
 0002:00000038       ModuleUnloadList
 0002:0000290C       MonitorFromPoint
 0002:00002908       MonitorFromRect
 0002:00002904       MonitorFromWindow
 0002:000000DC       MonthDays
 0002:00002B4C       Mouse
 0001:000018C8       Move
 0001:00005480       MoveToEx
 0001:0004C74C       MoveWindowOrg
 0002:00002C14       msgBuf
 0001:00005290       MulDiv
 0001:000002B4       MultiByteToWideChar
 0002:00000CD8       MultiColumns
 0001:0006E52C       MultiLineWidth
 0001:0002AE74       MultiMon
 0002:00000B14       MultiSelections
 0002:00000CC0       MultiSelects
 0001:0006FE68       My_AddDtmfBuf
 0001:00070F1C       My_BuildIndex
 0001:00070CA0       My_DualLink
 0001:00070CD8       My_DualUnlink
 0001:0006FE84       My_GetDtmfCode
 0001:00070138       My_GetFskCode
 0001:00070274       My_GetGtdCode
 0001:00070470       My_InitDtmfBuf
 0002:00002685       NegCurrFormat
 0001:00000F78       NewCommit
 0001:00000FA4       NewCommitAt
 0002:00002B50       NewStyleControls
 0001:0000B35C       NextCharIndex
 0001:0005641C       NextVisibleZone
 0002:00000488       NilMethod
 0002:00000030       NoErrMsg
 0001:0005E2F4       NormalDraw
 0001:00002568       NotifyAnyExcept
 0001:00017E64       NotifyDesigner
 0001:0000253C       NotifyExcept
 0001:0000259C       NotifyExceptFinally
 0001:00017074       NotifyGlobalLoading
 0001:0000469C       NotifyModuleUnload
 0001:00002518       NotifyNonDelphiException
 0001:00002554       NotifyOnExcept
 0001:000024FC       NotifyReRaise
 0001:000025C4       NotifyTerminate
 0001:000025E0       NotifyUnhandled
 0001:0006106C       NthParentOf
 0001:00013570       Null
 0002:00000324       NullAsStringValue
 0001:00012448       NullCompare
 0002:00000318       NullEqualityRule
 0002:0000031C       NullMagnitudeRule
 0002:00000320       NullStrictConvert
 0001:0001E16C       ObjectAncestorMatch
 0001:0004ACBC       ObjectFromHWnd
 0002:00000C74       OEMConverts
 0001:000058E0       OemToAnsi
 0001:000058E8       OffsetRect
 0001:00004F94       OffsetRect
 0001:000722A4       OpenAllDevice_Dsp
 0001:00072698       OpenBoardDevice
 0001:000058F0       OpenClipboard
 0001:000704C0       OpenDeviceOK
 0001:000724B0       OpenPcmDevice
 0002:00002980       OpenThemeData
 0001:000725A4       OpenTrunkDevice
 0001:000723BC       OpenVoiceDevice
 0002:00000E0C       OrientArray
 0002:00000DD8       OuterStyles
 0002:00002794       OutOfMemory
 0001:00024064       OutOfResources
 0002:00002218       Output
 0001:0001EA38       OwnedBy
 0002:00000328       PackVarCreation
 0001:00046F4C       PaintListBox
 0002:00000804       Pal16
 0001:000223F0       PaletteChanged
 0001:00024850       PaletteFromDIBColorTable
 0001:000248F4       PaletteToDIBColorTable
 0002:00000800       PalSize
 0001:00056800       ParentNotLast
 0002:00000C50       Passwords
 0001:00005488       PatBlt
 0002:000028E8       PatternManager
 0001:000058F8       PeekMessage
 0002:000028DC       PenManager
 0002:000007D0       PenModes
 0002:000007B0       PenStyles
 0001:00005490       PlayEnhMetaFile
 0001:0006FF4C       PlayFile
 0001:0006FDF0       PlayIndex
 0001:00015EF4       Point
 0001:00004F8C       Point
 0001:00016348       PointerInModule
 0001:0005184C       PointsEqual
 0001:00005B14       PointToSmallPoint
 0001:00005498       Polyline
 0002:00002BDC       PopupList
 0001:00005900       PostMessage
 0001:00005908       PostQuitMessage
 0001:00070C30       PrepareForCallerID
 0001:0002BF28       Printers
 0001:0006A65C       ProcessExecute
 0001:00064BC8       ProcessHorz
 0001:0006A75C       ProcessUpdate
 0001:00064C34       ProcessVert
 0001:0001AB38       PropertyNotFound
 0001:0001BDA0       PropPathError
 0002:00000F70       Props
 0001:0001AB2C       PropValueError
 0001:00005910       PtInRect
 0002:000000A0       PtrToNil
 0001:00007E44       PutExponent
 0002:00002B94       QualifyingSites
 0001:0000AA64       RaiseAssertException
 0001:0000020C       RaiseException
 0001:00019AE8       RaiseException
 0002:00002014       RaiseExceptionProc
 0001:0000BC78       RaiseLastOSError
 0001:0003867C       ReadCols
 0001:00057570       ReadControlName
 0001:0001CFE0       ReadCustomVariant
 0001:0001AB14       ReadError
 0001:00005298       ReadFile
 0001:00024BA0       ReadIcon
 0002:00000C58       ReadOnlys
 0001:00012580       RealCompare
 0001:000054A0       RealizePalette
 0001:0006FD6C       RecordFile
 0001:0001B354       Recover
 0001:00015F1C       Rect
 0001:00004F70       Rect
 0001:000054B0       Rectangle
 0001:000054A8       RectVisible
 0001:00071174       ReDrawAll
 0001:00005918       RedrawWindow
 0002:00002818       RefAnyProc
 0002:00002A44       ReferenceCount
 0001:00072124       RefreshMapTable
 0001:000050F8       RegCloseKey
 0001:000002BC       RegCloseKey
 0002:0000285C       RegGroups
 0001:00005920       RegisterClass
 0001:00016AEC       RegisterClass
 0001:00005928       RegisterClipboardFormat
 0001:0004BABC       RegisterDockSite
 0001:00016EDC       RegisterFindGlobalComponentProc
 0001:00016D34       RegisterIntegerConsts
 0001:000046F8       RegisterModule
 0001:0002B280       RegisterViewer
 0001:00005930       RegisterWindowMessage
 0001:000319C4       Registry
 0001:000002C4       RegOpenKeyEx
 0001:00005100       RegOpenKeyEx
 0001:000002CC       RegQueryValueEx
 0001:00005108       RegQueryValueEx
 0001:0002CE88       RegStr
 0001:00005938       ReleaseCapture
 0001:00005940       ReleaseDC
 0002:00000048       reMap
 0002:00002618       remBytes
 0001:00000490       RemoveBlock
 0002:00000464       RemoveDataModule
 0001:0001A9E4       RemoveFixupReferences
 0001:0001AA90       RemoveFixups
 0001:0001AD88       RemoveGlobalFixup
 0001:00005948       RemoveMenu
 0001:0000463C       RemoveModuleUnloadProc
 0001:00004614       RemoveModuleUnloadProc
 0001:00005950       RemoveProp
 0001:000770DC       Remove_OneDsp
 0001:000052A0       ResetEvent
 0001:0001F818       ResetSyncEvent
 0001:000702EC       ResetTrunk
 0001:0000142C       ResizeInPlace
 0001:000054B8       RestoreDC
 0001:0006454C       RestoreFocusState
 0001:0005D0B4       ReturnAddr
 0001:00018984       ReturnAddr
 0001:000174C4       ReturnAddr
 0001:000245D0       RGBQuadToTriple
 0001:00024598       RGBTripleToQuad
 0001:0002CDE0       RichEdit
 0002:00002B64       RM_GetObjectInstance
 0002:00002BF8       RM_TaskbarCreated
 0002:00002614       rover
 0002:00000ADC       RTFConversionFormat
 0001:000137D4       RTLConsts
 0001:00000214       RtlUnwind
 0002:00002018       RTLUnwindProc
 0002:0000006C       runErrMsg
 0001:000017D0       RunErrorAt
 0001:0000CC58       SafeArrayCreate
 0001:0000CC60       SafeArrayGetLBound
 0001:0000CC68       SafeArrayGetUBound
 0001:0000CC70       SafeArrayPtrOfIndex
 0001:0000C2A0       SafeLoadLibrary
 0001:00006E10       SameText
 0001:000054C0       SaveDC
 0001:00064544       SaveFocusState
 0001:0000959C       ScanBlanks
 0001:000096E0       ScanChar
 0001:0000985C       ScanDate
 0001:000095C0       ScanNumber
 0001:00009654       ScanString
 0001:00009BA0       ScanTime
 0001:00009764       ScanToNumber
 0002:00002BF0       Screen
 0002:00002894       ScreenLogPixels
 0001:00005958       ScreenToClient
 0001:00064D80       ScrollBarVisible
 0001:00005960       ScrollWindow
 0001:00070D10       SearchOneFreeVoice
 0001:00000FD8       SearchSmallBlocks
 0001:000054C8       SelectClipRgn
 0001:000054D0       SelectObject
 0001:000054D8       SelectPalette
 0001:0004AD4C       SendAppMessage
 0001:000647B4       SendFocusMessage
 0001:00005968       SendMessage
 0002:00000ECC       Separators
 0001:00001914       Set8087CW
 0001:00005970       SetActiveWindow
 0001:0006C06C       SetAnimation
 0001:000054E0       SetBkColor
 0001:000054E8       SetBkMode
 0001:000054F0       SetBrushOrgEx
 0001:00005978       SetCapture
 0001:0004AFE0       SetCaptureControl
 0001:00005980       SetClassLong
 0001:00013088       SetClearVarToEmptyParam
 0001:00005988       SetClipboardData
 0001:0001B4C4       SetCompName
 0001:00005990       SetCursor
 0001:000054F8       SetDIBColorTable
 0001:000052A8       SetEndOfFile
 0001:00005500       SetEnhMetaFileBits
 0001:000052B0       SetErrorMode
 0001:000052B8       SetEvent
 0001:00002AF0       SetExceptionHandler
 0001:000052C0       SetFilePointer
 0001:000140D8       SetFloatProp
 0001:00005998       SetFocus
 0001:000059A0       SetForegroundWindow
 0001:0006FC30       SetGtD_AnalogTrunk
 0001:0007074C       SetGTD_ToneParam
 0001:0005929C       SetImeMode
 0001:00001854       SetInOutRes
 0001:00014404       SetInt64Prop
 0001:000144C0       SetInterfaceProp
 0001:0001C080       SetInterfaceReference
 0001:0001BF9C       SetIntIdent
 0002:00000F44       SetLayeredWindowAttributes
 0001:00013CA8       SetLongStrProp
 0001:000059A8       SetMenu
 0001:000059B0       SetMenuItemInfo
 0001:000143A4       SetMethodProp
 0001:0001BFE4       SetObjectIdent
 0001:00013B04       SetOrdProp
 0001:000059B8       SetParent
 0001:00005508       SetPixel
 0001:000059C0       SetProp
 0001:000059C8       SetRect
 0001:00005510       SetROP2
 0001:000059D0       SetScrollInfo
 0001:000059D8       SetScrollPos
 0001:000059E0       SetScrollRange
 0001:00013BA4       SetShortStrProp
 0001:00013C20       SetShortStrPropAsLongStr
 0001:00005518       SetStretchBltMode
 0001:00013DD8       SetStrProp
 0001:0001B2CC       SetSubComponentState
 0001:00005520       SetTextColor
 0002:00002A28       SetThemeAppProperties
 0001:000052C8       SetThreadLocale
 0001:000059E8       SetTimer
 0001:00013070       SetVarAsError
 0001:00014324       SetVariantProp
 0001:0001C024       SetVariantReference
 0001:00005528       SetViewportOrgEx
 0001:0006E03C       SetVisible
 0001:00013EEC       SetWideStrProp
 0001:00013D40       SetWideStrPropAsLongStr
 0001:000059F0       SetWindowLong
 0001:00005538       SetWindowOrgEx
 0001:000059F8       SetWindowPlacement
 0001:00005A00       SetWindowPos
 0001:00005A10       SetWindowsHookEx
 0001:00005A08       SetWindowText
 0002:000029EC       SetWindowTheme
 0001:00005530       SetWinMetaFileBits
 0002:0000014C       ShareMode
 0001:0002CE50       ShellAPI
 0002:00002B14       ShellModule
 0001:0002CF64       ShlObj
 0001:0005D0DC       ShortCut
 0002:00002BE0       ShortCutItems
 0001:0005D168       ShortCutToText
 0002:0000268C       ShortDateFormat
 0002:00002708       ShortDayNames
 0002:000026A8       ShortMonthNames
 0002:000026A0       ShortTimeFormat
 0002:00000B4C       ShowColumns
 0002:00000FBC       ShowCommands
 0002:00000FA4       ShowCommands
 0002:00000FB0       ShowCommands
 0001:00005A18       ShowCursor
 0001:0000A664       ShowException
 0002:00000DC0       ShowFlags
 0002:00001058       ShowFlags
 0001:00064554       ShowMDIClientEdge
 0001:0002E0D8       ShowMessage
 0001:0002E0E4       ShowMessagePos
 0001:00005A20       ShowOwnedPopups
 0001:00005A28       ShowScrollBar
 0001:00005A30       ShowWindow
 0001:0006C094       ShowWinNoAnimate
 0001:00058808       ShowZone
 0002:00000E20       SizeCursors
 0001:000052D0       SizeofResource
 0001:0001CB14       SkipBinary
 0001:0001CB44       SkipCollection
 0001:0001CAEC       SkipList
 0001:000052D8       Sleep
 0001:0000BC70       Sleep
 0001:00015F0C       SmallPoint
 0001:00005B00       SmallPointToPoint
 0002:00002620       smallTab
 0002:00000CB8       Sorteds
 0002:000025E8       spaceRoot
 0001:0007015C       SpecialForCas
 0001:00016BA8       StartClassGroup
 0001:000479C0       StdActns
 0001:00047858       StdCtrls
 0001:00020A48       StdWndProc
 0002:0000289C       StockBrush
 0002:000028A0       StockFont
 0002:000028A4       StockIcon
 0002:00002898       StockPen
 0001:000703B8       StopPlayFile
 0001:0006FD2C       StopRecordFile
 0001:00007894       StrAlloc
 0001:000078A8       StrBufSize
 0001:0000B10C       StrByteType
 0001:0000B2F8       StrCharLength
 0001:00007770       StrComp
 0001:000076D0       StrCopy
 0001:000078E0       StrDispose
 0001:0005B898       StreamsEqual
 0001:000076AC       StrEnd
 0001:00005540       StretchBlt
 0001:00007CF0       StrFmt
 0001:00007794       StrIComp
 0001:000125FC       StringCompare
 0001:00019984       StringListCompareStrings
 0001:0000BB3C       StringReplace
 0001:000624A4       StripHotkey
 0001:000076F8       StrLCopy
 0001:00007694       StrLen
 0001:00007D30       StrLFmt
 0001:000077D4       StrLIComp
 0001:000076C0       StrMove
 0001:000078B4       StrNew
 0001:0000B318       StrNextChar
 0001:00007880       StrPas
 0001:0000772C       StrPCopy
 0001:00007750       StrPLCopy
 0001:0000782C       StrPos
 0001:00007818       StrScan
 0001:00009D94       StrToDate
 0001:00009E64       StrToDateTime
 0001:000084FC       StrToFloat
 0001:00007180       StrToInt
 0001:000071BC       StrToIntDef
 0001:00009DFC       StrToTime
 0001:00030818       StrUtils
 0002:00000CA4       Styles
 0002:00000F98       Styles
 0001:0000C1E4       Supports
 0001:0000C208       Supports
 0002:00002850       SyncEvent
 0002:00000510       SyncList
 0001:0002C3EC       SyncObjs
 0001:000002E4       SysAllocStringLen
 0001:0000608C       SysConst
 0002:00000F68       SysConsts
 0002:00000F60       SysConsts
 0001:00009F24       SysErrorMessage
 0001:00001288       SysFreeMem
 0001:000002F4       SysFreeString
 0001:000010F8       SysGetMem
 0001:00004F68       SysInit
 0002:00002740       SysLocale
 0001:00001608       SysReallocMem
 0001:000002EC       SysReAllocStringLen
 0001:00004D5C       System
 0002:0000288C       SystemPalette16
 0001:000247B8       SystemPaletteOverride
 0001:00005A38       SystemParametersInfo
 0001:0000C774       SysUtils
 0002:00000CE0       TabStops
 0001:0005A188       TActionLink.IsCaptionLinked
 0001:0005A19C       TActionLink.IsCheckedLinked
 0001:0005A1B0       TActionLink.IsEnabledLinked
 0001:0005A1C4       TActionLink.IsGroupIndexLinked
 0001:0005A1D8       TActionLink.IsHelpContextLinked
 0001:0005A1EC       TActionLink.IsHelpLinked
 0001:0005A200       TActionLink.IsHintLinked
 0001:0005A214       TActionLink.IsImageIndexLinked
 0001:0005A228       TActionLink.IsShortCutLinked
 0001:0005A23C       TActionLink.IsVisibleLinked
 0001:0005A250       TActionLink.SetAutoCheck
 0001:0005A254       TActionLink.SetCaption
 0001:0005A258       TActionLink.SetChecked
 0001:0005A25C       TActionLink.SetEnabled
 0001:0005A260       TActionLink.SetGroupIndex
 0001:0005A264       TActionLink.SetHelpContext
 0001:0005A268       TActionLink.SetHelpKeyword
 0001:0005A26C       TActionLink.SetHelpType
 0001:0005A270       TActionLink.SetHint
 0001:0005A274       TActionLink.SetImageIndex
 0001:0005A278       TActionLink.SetShortCut
 0001:0005A27C       TActionLink.SetVisible
 0001:0006E5D8       TApplication.ActivateHint
 0001:0006D22C       TApplication.BringToFront
 0001:0006E340       TApplication.CancelHint
 0001:0006C810       TApplication.CheckIniChange
 0001:0006C58C       TApplication.ControlDestroyed
 0001:0006C0D4       TApplication.Create
 0001:0006D62C       TApplication.CreateForm
 0001:0006C3DC       TApplication.CreateHandle
 0001:0006C2C0       TApplication.Destroy
 0001:0006E9A8       TApplication.DispatchAction
 0001:0006DD0C       TApplication.DoActionIdle
 0001:0006DD70       TApplication.DoMouseIdle
 0001:0006C65C       TApplication.DoNormalizeTopMosts
 0001:0006EA38       TApplication.ExecuteAction
 0001:0006E96C       TApplication.GetCurrentHelpFile
 0001:0006D060       TApplication.GetIconHandle
 0001:0006D268       TApplication.GetTitle
 0001:0006D7AC       TApplication.HandleException
 0001:0006D518       TApplication.HandleMessage
 0001:0006DCB4       TApplication.HelpCommand
 0001:0006DC4C       TApplication.HelpContext
 0001:0006DBE4       TApplication.HelpKeyword
 0001:0006E2FC       TApplication.HideHint
 0001:0006E1B4       TApplication.HintMouseMessage
[...]
  2170 0001:00072958  2175 0001:00072A94  2176 0001:00072A95  2178 0001:00072AA0
  2180 0001:00072AB3  2181 0001:00072AB6  2183 0001:00072AB8  2184 0001:00072AD8
  2185 0001:00072AD9  2186 0001:00072ADE  2187 0001:00072ADF  2188 0001:00072AE1
  2191 0001:00072AE3  2193 0001:00072AE8  2195 0001:00072AFB  2196 0001:00072AFE
  2198 0001:00072B00  2199 0001:00072B17  2200 0001:00072B18  2205 0001:00072B1A
  2212 0001:00072B1C  2216 0001:00072B1F  2217 0001:00072B2C  2218 0001:00072B33
  2220 0001:00072B3D  2222 0001:00072B52  2226 0001:00072B5E  2228 0001:00072B70
  2230 0001:00072B76  2220 0001:00072B77  2234 0001:00072B7A  2236 0001:00072B8B
  2238 0001:00072B93  2242 0001:00072B9F  2244 0001:00072BB1  2246 0001:00072BB4
  2236 0001:00072BB5  2249 0001:00072BB8  2250 0001:00072BC6  2251 0001:00072BCB
  2257 0001:00072BD0  2258 0001:00072BE4  2259 0001:00072BF2  2260 0001:00072C05
  2261 0001:00072C0F  2262 0001:00072C1E  2264 0001:00072C2B  2265 0001:00072C70
  2273 0001:00072C94  2279 0001:00072C9B  2280 0001:00072C9D  2281 0001:00072CA5
  2282 0001:00072CB6  2284 0001:00072CBB  2286 0001:00072CC4  2289 0001:00072CD3
  2291 0001:00072CD9  2292 0001:00072CE7  2293 0001:00072CF3  2295 0001:00072CFA
  2296 0001:00072D00  2297 0001:00072D10  2300 0001:00072D15  2302 0001:00072D1B
  2303 0001:00072D29  2304 0001:00072D35  2305 0001:00072D3C  2306 0001:00072D42
  2307 0001:00072D48  2308 0001:00072D58  2309 0001:00072D5F  2312 0001:00072D66
  2314 0001:00072D6C  2315 0001:00072D7A  2316 0001:00072D83  2317 0001:00072D87
  2318 0001:00072D8D  2319 0001:00072D9D  2321 0001:00072DA2  2327 0001:00072DA8
  2328 0001:00072DBC  2329 0001:00072DCA  2331 0001:00072DD9  2335 0001:00072DE8
  2338 0001:00072DF0  2339 0001:00072E35  2345 0001:00072E48  2346 0001:00072E66
  2347 0001:00072E74  2348 0001:00072EA6  2350 0001:00072ECE  2351 0001:00072EFC
  2352 0001:00072F41  2361 0001:00072F5C  2362 0001:00072F60  2363 0001:00072F63
  2365 0001:00072F79  2366 0001:00072F7D  2368 0001:00072F85  2374 0001:00072F88
  2375 0001:00072FA6  2377 0001:00072FB7  2378 0001:00072FE9  2379 0001:00073012
  2380 0001:00073033  2382 0001:0007305C  2383 0001:0007308A  2384 0001:000730B2
  2385 0001:000730D1  2386 0001:00073116  2392 0001:00073140  2393 0001:0007315E
  2394 0001:0007316C  2395 0001:0007319E  2397 0001:000731C6  2398 0001:000731F4
  2399 0001:00073239  2416 0001:00073254  2417 0001:00073258  2418 0001:0007325B
  2422 0001:00073269  2423 0001:0007327F  2424 0001:00073287  2425 0001:0007328F
  2426 0001:00073297  2428 0001:0007329D  2437 0001:000732A0  2441 0001:000732BE
  2442 0001:000732C0  2443 0001:000732C8  2444 0001:000732CE  2446 0001:000732EC
  2447 0001:00073304  2448 0001:00073311  2450 0001:00073321  2451 0001:00073331
  2452 0001:00073340  2453 0001:00073343  2455 0001:00073346  2457 0001:00073356
  2458 0001:00073365  2459 0001:00073369  2461 0001:00073372  2462 0001:00073376
  2464 0001:00073379  2455 0001:0007337C  2466 0001:00073381  2468 0001:00073391
  2469 0001:000733A0  2470 0001:000733AF  2471 0001:000733BC  2475 0001:000733C9
  2477 0001:000733DF  2478 0001:000733E6  2480 0001:00073400  2482 0001:00073406
  2483 0001:0007340D  2485 0001:00073420  2488 0001:00073423  2478 0001:00073426
  2489 0001:00073429  2490 0001:00073438  2491 0001:00073441  2493 0001:00073457
  2494 0001:0007348B  2503 0001:000734D0  2508 0001:000734EE  2509 0001:000734F0
  2510 0001:000734F8  2511 0001:000734FE  2513 0001:0007351C  2514 0001:00073535
  2515 0001:00073542  2517 0001:00073552  2518 0001:00073562  2519 0001:00073571
  2520 0001:00073574  2521 0001:00073577  2523 0001:00073587  2524 0001:00073596
  2525 0001:0007359A  2527 0001:000735A3  2528 0001:000735A7  2530 0001:000735AD
  2521 0001:000735B0  2532 0001:000735B5  2534 0001:000735C5  2535 0001:000735D4
  2536 0001:000735E3  2537 0001:000735F0  2541 0001:000735FD  2543 0001:00073613
  2544 0001:0007361A  2546 0001:0007362E  2548 0001:00073634  2549 0001:0007363B
  2551 0001:0007364E  2554 0001:00073654  2544 0001:00073657  2556 0001:0007365A
  2557 0001:00073677  2558 0001:00073680  2560 0001:00073689  2561 0001:000736BD
  2568 0001:00073704  2572 0001:00073708  2573 0001:0007370A  2574 0001:00073712
  2575 0001:00073715  2578 0001:00073729  2580 0001:0007372C  2581 0001:0007373E
  2582 0001:00073746  2583 0001:0007374E  2586 0001:00073758  2588 0001:0007376C
  2590 0001:00073776  2592 0001:00073782  2594 0001:00073795  2603 0001:00073798
  2608 0001:000737B6  2609 0001:000737B8  2610 0001:000737C0  2611 0001:000737C6
  2613 0001:000737E4  2614 0001:000737FF  2615 0001:0007380C  2617 0001:0007381C
  2618 0001:0007382C  2619 0001:0007383B  2621 0001:0007384A  2622 0001:0007384D
  2623 0001:00073850  2625 0001:00073864  2626 0001:00073873  2627 0001:00073877
  2629 0001:00073880  2630 0001:00073884  2632 0001:00073887  2623 0001:0007388A
  2634 0001:0007388F  2636 0001:0007389F  2637 0001:000738AF  2638 0001:000738BE
  2639 0001:000738CD  2640 0001:000738DA  2644 0001:000738E7  2646 0001:00073905
  2647 0001:0007390C  2649 0001:00073926  2651 0001:0007392C  2652 0001:00073933
  2654 0001:00073946  2657 0001:00073949  2647 0001:0007394C  2658 0001:0007394F
  2659 0001:0007395E  2660 0001:00073967  2661 0001:00073970  2663 0001:000739A6
  2673 0001:000739F0  2679 0001:00073A1D  2680 0001:00073A1F  2684 0001:00073A27
  2685 0001:00073A29  2686 0001:00073A46  2688 0001:00073A5C  2691 0001:00073A72
  2692 0001:00073A75  2693 0001:00073A77  2694 0001:00073AB5  2698 0001:00073AC5
  2700 0001:00073AC8  2704 0001:00073B49  2708 0001:00073B56  2710 0001:00073B98
  2713 0001:00073BA3  2714 0001:00073BEF  2717 0001:00073C70  2718 0001:00073C76
  2719 0001:00073C82  2720 0001:00073CBE  2721 0001:00073CCD  2722 0001:00073CDC
  2723 0001:00073CEB  2724 0001:00073CFA  2726 0001:00073D09  2727 0001:00073D18
  2728 0001:00073D27  2729 0001:00073D36  2730 0001:00073D45  2732 0001:00073D51
  2735 0001:00073E34  2736 0001:00073E3A  2737 0001:00073E46  2738 0001:00073EA2
  2739 0001:00073EB1  2740 0001:00073EC0  2741 0001:00073ECF  2742 0001:00073EDE
  2743 0001:00073EED  2744 0001:00073EFC  2745 0001:00073F0B  2746 0001:00073F1A
  2747 0001:00073F29  2748 0001:00073F38  2750 0001:00073F44  2753 0001:00073FF8
  2754 0001:00073FFE  2755 0001:0007400A  2756 0001:0007419A  2757 0001:000741A9
  2758 0001:000741B8  2759 0001:000741C7  2760 0001:000741D6  2761 0001:000741E5
  2762 0001:000741F4  2763 0001:00074203  2764 0001:00074212  2765 0001:00074221
  2766 0001:00074230  2767 0001:0007423F  2768 0001:0007424E  2769 0001:0007425D
  2770 0001:0007426C  2771 0001:0007427B  2772 0001:0007428A  2773 0001:00074299
  2774 0001:000742A8  2775 0001:000742B7  2776 0001:000742C6  2777 0001:000742D5
  2778 0001:000742E4  2779 0001:000742F3  2780 0001:00074302  2782 0001:00074311
  2783 0001:00074320  2784 0001:0007432F  2787 0001:0007433E  2788 0001:0007434D
  2789 0001:0007435C  2790 0001:0007436B  2791 0001:0007437A  2792 0001:00074389
  2794 0001:00074398  2795 0001:000743A7  2797 0001:000743B6  2798 0001:000743C5
  2800 0001:000743D4  2801 0001:000743E3  2804 0001:000743EF  2809 0001:00074778
  2810 0001:0007477D  2815 0001:00074780  2816 0001:000747A7  2817 0001:000747C6
  2818 0001:000747D1  2819 0001:000747DD  2820 0001:000747EB  2821 0001:000747FF
  2822 0001:00074827  2827 0001:0007483C  2828 0001:00074840  2829 0001:00074853
  2830 0001:0007485F  2832 0001:0007486B  2833 0001:0007487E  2834 0001:0007488A
  2836 0001:00074896  2837 0001:000748A9  2838 0001:000748B5  2840 0001:000748C1
  2841 0001:000748D4  2842 0001:000748E0  2844 0001:000748EC  2845 0001:000748FF
  2846 0001:0007490B  2848 0001:00074917  2849 0001:0007492A  2850 0001:00074936
  2852 0001:00074942  2853 0001:00074955  2854 0001:00074961  2856 0001:0007496D
  2857 0001:00074980  2858 0001:0007498C  2860 0001:00074998  2861 0001:000749AB
  2862 0001:000749B7  2863 0001:000749C3  2868 0001:00074A58  2869 0001:00074A5C
  2870 0001:00074A6F  2871 0001:00074A7B  2873 0001:00074A87  2874 0001:00074A9A
  2875 0001:00074AA6  2877 0001:00074AB2  2878 0001:00074AC5  2879 0001:00074AD1
  2881 0001:00074ADD  2882 0001:00074AF0  2883 0001:00074AFC  2885 0001:00074B08
  2886 0001:00074B1B  2887 0001:00074B27  2889 0001:00074B33  2890 0001:00074B46
  2891 0001:00074B52  2892 0001:00074B5E  2897 0001:00074BD8  2898 0001:00074BDB
  2899 0001:00074BE6  2900 0001:00074BF7  2905 0001:00074BFC  2906 0001:00074C00
  2907 0001:00074C13  2908 0001:00074C1F  2910 0001:00074C2B  2911 0001:00074C3E
  2912 0001:00074C4A  2914 0001:00074C56  2915 0001:00074C69  2916 0001:00074C75
  2918 0001:00074C81  2919 0001:00074C94  2920 0001:00074CA0  2922 0001:00074CAC
  2923 0001:00074CBF  2924 0001:00074CCB  2926 0001:00074CD7  2927 0001:00074CEA
  2928 0001:00074CF6  2930 0001:00074D02  2931 0001:00074D15  2932 0001:00074D21
  2934 0001:00074D2D  2935 0001:00074D40  2936 0001:00074D4C  2937 0001:00074D58
  2940 0001:00074DE8  2941 0001:00074E04  2943 0001:00074E0F  2945 0001:00074E21
  2947 0001:00074E26  2949 0001:00074E38  2951 0001:00074E3D  2954 0001:00074E4D
  2956 0001:00074E57  2958 0001:00074E69  2960 0001:00074E6C  2964 0001:00074E7E
  2967 0001:00074E8E  2969 0001:00074E97  2973 0001:00074EA9  2976 0001:00074EB9
  2977 0001:00074ED5  2979 0001:00074EDE  2983 0001:00074EF0  2985 0001:00074F1D
  2988 0001:00074F24  2989 0001:00074F2A  2990 0001:00074F36  2992 0001:00074F3F
  2993 0001:00074F51  2995 0001:00074F5A  2996 0001:00074F64  2997 0001:00074F66
  3000 0001:00074F68  3001 0001:00074F7A  3003 0001:00074F83  3004 0001:00074F8D
  3005 0001:00074F8F  3008 0001:00074F91  3009 0001:00074FA3  3011 0001:00074FAC
  3012 0001:00074FB6  3013 0001:00074FB8  3016 0001:00074FBA  3017 0001:00074FCC
  3019 0001:00074FD5  3020 0001:00074FDF  3021 0001:00074FE1  3024 0001:00074FE3
  3025 0001:00074FF5  3027 0001:00074FFE  3028 0001:00075008  3029 0001:0007500A
  3032 0001:0007500C  3033 0001:0007501E  3035 0001:00075027  3036 0001:00075031
  3037 0001:00075033  3040 0001:00075035  3041 0001:00075047  3043 0001:00075050
  3044 0001:0007505A  3045 0001:0007505C  3048 0001:0007505E  3049 0001:00075070
  3051 0001:00075079  3052 0001:00075083  3053 0001:00075085  3056 0001:00075087
  3057 0001:00075099  3059 0001:000750A2  3060 0001:000750AC  3061 0001:000750AE
  3064 0001:000750B0  3065 0001:000750C2  3067 0001:000750CB  3068 0001:000750D5
  3069 0001:000750D7  3072 0001:000750D9  3073 0001:000750EB  3075 0001:000750F4
  3076 0001:000750FE  3077 0001:00075100  3080 0001:00075102  3081 0001:00075114
  3083 0001:0007511D  3084 0001:00075127  3085 0001:00075129  3088 0001:0007512B
  3089 0001:0007513D  3091 0001:00075146  3092 0001:00075150  3093 0001:00075152
  3096 0001:00075154  3097 0001:00075166  3099 0001:0007516F  3100 0001:00075179
  3101 0001:0007517B  3104 0001:0007517D  3105 0001:0007518F  3107 0001:00075198
  3108 0001:000751A2  3109 0001:000751A4  3112 0001:000751A6  3113 0001:000751B8
  3115 0001:000751C1  3116 0001:000751CB  3117 0001:000751CD  3120 0001:000751CF
  3121 0001:000751E1  3123 0001:000751EA  3124 0001:000751F4  3125 0001:000751F6
  3128 0001:000751F8  3129 0001:0007520A  3131 0001:00075213  3132 0001:0007521D
  3133 0001:0007521F  3136 0001:00075221  3137 0001:00075233  3139 0001:0007523C
  3140 0001:00075246  3141 0001:00075248  3144 0001:0007524A  3145 0001:0007525C
  3147 0001:00075265  3148 0001:0007526F  3149 0001:00075271  3152 0001:00075273
  3153 0001:00075285  3155 0001:0007528E  3156 0001:00075298  3157 0001:0007529A
  3160 0001:0007529C  3161 0001:000752AE  3163 0001:000752B7  3164 0001:000752C1
  3165 0001:000752C3  3169 0001:000752C5  3170 0001:000752C7  3177 0001:00075824
  3178 0001:00075853  3179 0001:00075861  3180 0001:00075868  3181 0001:00075872
  3182 0001:00075877  3183 0001:0007587F  3187 0001:00075889  3188 0001:00075899
  3189 0001:000758A9  3191 0001:000758B0  3193 0001:000758BB  3194 0001:000758C8
  3197 0001:000758D0  3199 0001:000758DB  3200 0001:000758E8  3203 0001:000758F0
  3204 0001:000758F7  3205 0001:000758FE  3206 0001:00075905  3207 0001:0007590C
  3208 0001:00075913  3209 0001:00075922  3211 0001:00075926  3212 0001:00075928
  3214 0001:0007592D  3220 0001:00075959  3222 0001:0007595D  3224 0001:000759A1
  3225 0001:000759AB  3226 0001:000759B8  3227 0001:000759BA  3231 0001:000759BF
  3232 0001:000759FC  3235 0001:00075A09  3236 0001:00075A22  3238 0001:00075A26
  3240 0001:00075A6A  3241 0001:00075A74  3242 0001:00075A81  3243 0001:00075A83
  3247 0001:00075A85  3248 0001:00075AC2  3251 0001:00075ACF  3252 0001:00075AE0
  3253 0001:00075B1B  3260 0001:00075CA4  3261 0001:00075CC7  3262 0001:00075CD7
  3263 0001:00075CEB  3264 0001:00075D04  3265 0001:00075D12  3266 0001:00075D36
  3267 0001:00075D52  3268 0001:00075D75  3269 0001:00075D8B  3270 0001:00075D99
  3271 0001:00075DAF  3273 0001:00075DBD  3274 0001:00075DD6  3275 0001:00075DE4
  3277 0001:00075E08  3278 0001:00075E21  3280 0001:00075E3A  3281 0001:00075E53
  3282 0001:00075E6C  3283 0001:00075E85  3284 0001:00075EAE  3293 0001:00075FCC
  3294 0001:00075FEA  3295 0001:00075FF9  3296 0001:0007600E  3297 0001:00076022
  3299 0001:0007602B  3300 0001:0007602E  3304 0001:00076033  3307 0001:00076038
  3308 0001:0007604C  3310 0001:00076055  3311 0001:0007605A  3315 0001:0007605F
  3318 0001:00076064  3319 0001:00076078  3321 0001:00076081  3322 0001:00076086
  3326 0001:0007608B  3329 0001:00076090  3330 0001:000760A4  3332 0001:000760A8
  3334 0001:000760AD  3336 0001:000760B2  3337 0001:000760C6  3339 0001:000760CF
  3341 0001:000760D8  3342 0001:000760DD  3345 0001:000760E2  3347 0001:000760E7
  3348 0001:000760FB  3349 0001:00076109  3350 0001:0007610B  3353 0001:00076110
  3354 0001:0007611F  3356 0001:0007612C  3358 0001:0007614A  3359 0001:00076167
  3360 0001:0007617F  3361 0001:00076189  3362 0001:00076195  3363 0001:00076199
  3365 0001:000761A2  3367 0001:000761A7  3368 0001:000761BB  3367 0001:000761C7
  3371 0001:000761CA  3372 0001:000761E7  3373 0001:000761F9  3375 0001:00076202
  3376 0001:00076207  3378 0001:00076209  3379 0001:0007620C  3356 0001:00076212
  3381 0001:0007621B  3382 0001:00076222  3383 0001:00076229  3384 0001:00076231
  3385 0001:00076257  3391 0001:00076368  3392 0001:00076370  3393 0001:00076380
  3394 0001:00076394  3395 0001:000763AA  3397 0001:000763B8  3398 0001:000763BB
  3400 0001:000763C0  3402 0001:000763C7  3403 0001:000763DD  3405 0001:000763EB
  3406 0001:000763F0  3408 0001:000763F5  3410 0001:000763FC  3411 0001:0007640F
  3413 0001:0007641A  3414 0001:0007641F  3416 0001:00076424  3418 0001:0007642B
  3419 0001:00076441  3421 0001:0007644D  3422 0001:00076452  3424 0001:00076457
  3426 0001:0007645E  3427 0001:00076471  3429 0001:0007647C  3430 0001:00076481
  3432 0001:00076486  3434 0001:0007648D  3435 0001:000764A3  3437 0001:000764AF
  3438 0001:000764B4  3440 0001:000764B9  3442 0001:000764C0  3443 0001:000764D6
  3445 0001:000764E2  3446 0001:000764E7  3448 0001:000764EC  3450 0001:000764F3
  3451 0001:00076506  3453 0001:0007650F  3454 0001:00076514  3456 0001:00076519
  3458 0001:00076520  3459 0001:00076533  3461 0001:0007653E  3462 0001:00076543
  3464 0001:00076548  3466 0001:0007654F  3467 0001:00076565  3469 0001:00076571
  3470 0001:00076576  3472 0001:0007657B  3474 0001:00076582  3475 0001:00076598
  3477 0001:000765A4  3478 0001:000765A9  3480 0001:000765AE  3482 0001:000765B5
  3483 0001:000765C8  3485 0001:000765D1  3486 0001:000765D6  3488 0001:000765DB
  3490 0001:000765E2  3491 0001:000765F5  3493 0001:00076600  3494 0001:00076605
  3496 0001:0007660A  3498 0001:00076611  3499 0001:00076627  3501 0001:00076633
  3502 0001:00076638  3504 0001:0007663D  3506 0001:00076644  3507 0001:0007665A
  3509 0001:00076666  3510 0001:0007666B  3512 0001:00076670  3514 0001:00076677
  3515 0001:0007668A  3517 0001:00076693  3518 0001:00076698  3520 0001:0007669D
  3522 0001:000766A4  3523 0001:000766B7  3525 0001:000766C2  3526 0001:000766C7
  3528 0001:000766CC  3530 0001:000766D3  3531 0001:000766E9  3533 0001:000766F5
  3534 0001:000766FA  3536 0001:000766FF  3538 0001:00076706  3539 0001:0007671C
  3541 0001:00076728  3542 0001:0007672D  3544 0001:00076732  3546 0001:00076739
  3547 0001:0007674C  3549 0001:00076755  3550 0001:0007675A  3552 0001:0007675F
  3554 0001:00076766  3555 0001:0007677C  3557 0001:0007678A  3558 0001:0007678F
  3560 0001:00076791  3562 0001:00076798  3563 0001:000767AE  3565 0001:000767BC
  3566 0001:000767C1  3568 0001:000767C3  3570 0001:000767CA  3571 0001:000767E0
  3573 0001:000767EE  3574 0001:000767F3  3576 0001:000767F5  3577 0001:000767FC
  3578 0001:00076803  3579 0001:00076805  3585 0001:00076998  3586 0001:000769B9
  3587 0001:000769CD  3588 0001:000769E3  3589 0001:000769EF  3591 0001:000769F4
  3589 0001:000769FE  3594 0001:00076A01  3596 0001:00076A0E  3597 0001:00076A24
  3598 0001:00076A39  3600 0001:00076A3E  3598 0001:00076A48  3602 0001:00076A4B
  3594 0001:00076A4E  3603 0001:00076A6E  3610 0001:00076A88  3612 0001:00076AA9
  3613 0001:00076AC0  3615 0001:00076ACF  3616 0001:00076AE5  3617 0001:00076AFD
  3619 0001:00076B02  3617 0001:00076B0C  3621 0001:00076B0F  3613 0001:00076B12
  3622 0001:00076B32  3629 0001:00076B3C  3631 0001:00076B5D  3632 0001:00076B74
  3634 0001:00076B83  3635 0001:00076B99  3636 0001:00076BB1  3638 0001:00076BB6
  3636 0001:00076BC0  3640 0001:00076BC3  3632 0001:00076BC6  3641 0001:00076BE6
  3644 0001:00076BF0  3645 0001:00076C12  3646 0001:00076C4D  3647 0001:00076C69
  3648 0001:00076CA4  3650 0001:00076CB6  3652 0001:00076CC0  3654 0001:00076CD2
  3656 0001:00076CDC  3658 0001:00076CEE  3661 0001:00076CF8  3663 0001:00076D0A
  3665 0001:00076D14  3667 0001:00076D26  3671 0001:00076D32  3674 0001:00076D3C
  3676 0001:00076D4E  3680 0001:00076D5A  3682 0001:00076D62  3684 0001:00076D7E
  3686 0001:00076D90  3690 0001:00076D9C  3692 0001:00076DC6  3697 0001:00076DCC
  3698 0001:00076DE9  3701 0001:00076DF9  3704 0001:00076E0D  3705 0001:00076E35
  3706 0001:00076E4D  3708 0001:00076E75  3709 0001:00076E8D  3711 0001:00076EA5
  3712 0001:00076EBD  3713 0001:00076ED5  3715 0001:00076EED  3717 0001:00076F16
  3722 0001:00076FE4  3723 0001:00076FE8  3724 0001:00076FED  3725 0001:00076FFA
  3726 0001:00077005  3727 0001:0007700A  3728 0001:00077011  3729 0001:00077018
  3734 0001:0007701C  3735 0001:00077024  3737 0001:0007702F  3739 0001:00077035
  3741 0001:00077040  3743 0001:00077047  3745 0001:00077055  3747 0001:0007705C
  3750 0001:00077068  3752 0001:00077077  3735 0001:0007707A  3754 0001:0007707D
  3756 0001:00077085  3757 0001:0007708D  3759 0001:00077095  3760 0001:0007709D
  3762 0001:000770A5  3763 0001:000770AD  3764 0001:000770B5  3765 0001:000770BD
  3769 0001:000770C4  3770 0001:000770C7  3771 0001:000770CC  3775 0001:000770D0
  3776 0001:000770D3  3777 0001:000770D8  3786 0001:000770DC  3790 0001:000770E0
  3792 0001:000770F7  3793 0001:00077101  3796 0001:00077106  3797 0001:0007711B
  3799 0001:00077127  3800 0001:00077131  3802 0001:00077136  3803 0001:0007713D
  3804 0001:00077148  3805 0001:0007714F  3807 0001:00077159  3808 0001:00077160
  3810 0001:00077172  3811 0001:00077178  3813 0001:00077181  3814 0001:00077190
  3815 0001:00077196  3808 0001:00077197  3818 0001:0007719A  3820 0001:000771A7
  3821 0001:000771AE  3823 0001:000771C0  3825 0001:000771C9  3826 0001:000771D8
  3827 0001:000771DB  3821 0001:000771DC  3830 0001:000771DF  3832 0001:0007726C
  3832 0001:00077273

Line numbers for Demo(D:\Program Files\Borland\Delphi7\Projects\Dial&Demo ±ê×¼°æ\Dial&Demo\XMS_Demo\Demo.dpr) segment .text

    10 0001:00077484    11 0001:00077494    12 0001:000774A0    13 0001:000774B8
    14 0001:000774C4

Bound resource files

d:\program files\borland\delphi7\Lib\Buttons.res
d:\program files\borland\delphi7\Lib\ExtDlgs.res
d:\program files\borland\delphi7\Lib\Controls.res
DJDemo.dfm
Demo.res
Demo.drf


Program entry point at 0001:00077484
